Archive member included to satisfy reference by file (symbol)

app/libapp.a(main.c.obj)      (--whole-archive)
zephyr/libzephyr.a(cbprintf_packaged.c.obj)
                              (--whole-archive)
zephyr/libzephyr.a(dec.c.obj)
                              (--whole-archive)
zephyr/libzephyr.a(hex.c.obj)
                              (--whole-archive)
zephyr/libzephyr.a(printk.c.obj)
                              (--whole-archive)
zephyr/libzephyr.a(rb.c.obj)  (--whole-archive)
zephyr/libzephyr.a(sem.c.obj)
                              (--whole-archive)
zephyr/libzephyr.a(thread_entry.c.obj)
                              (--whole-archive)
zephyr/libzephyr.a(timeutil.c.obj)
                              (--whole-archive)
zephyr/libzephyr.a(heap.c.obj)
                              (--whole-archive)
zephyr/libzephyr.a(heap-validate.c.obj)
                              (--whole-archive)
zephyr/libzephyr.a(bitarray.c.obj)
                              (--whole-archive)
zephyr/libzephyr.a(multi_heap.c.obj)
                              (--whole-archive)
zephyr/libzephyr.a(onoff.c.obj)
                              (--whole-archive)
zephyr/libzephyr.a(notify.c.obj)
                              (--whole-archive)
zephyr/libzephyr.a(cbprintf_complete.c.obj)
                              (--whole-archive)
zephyr/libzephyr.a(assert.c.obj)
                              (--whole-archive)
zephyr/libzephyr.a(mpsc_pbuf.c.obj)
                              (--whole-archive)
zephyr/libzephyr.a(reboot.c.obj)
                              (--whole-archive)
zephyr/libzephyr.a(configs.c.obj)
                              (--whole-archive)
zephyr/libzephyr.a(log_core.c.obj)
                              (--whole-archive)
zephyr/libzephyr.a(log_mgmt.c.obj)
                              (--whole-archive)
zephyr/libzephyr.a(log_cache.c.obj)
                              (--whole-archive)
zephyr/libzephyr.a(log_msg.c.obj)
                              (--whole-archive)
zephyr/libzephyr.a(log_output.c.obj)
                              (--whole-archive)
zephyr/libzephyr.a(log_backend_rtt.c.obj)
                              (--whole-archive)
zephyr/libzephyr.a(log_backend_uart.c.obj)
                              (--whole-archive)
zephyr/libzephyr.a(mem_attr.c.obj)
                              (--whole-archive)
zephyr/libzephyr.a(tracing_none.c.obj)
                              (--whole-archive)
zephyr/libzephyr.a(nrf_cc3xx_platform_abort_zephyr.c.obj)
                              (--whole-archive)
zephyr/libzephyr.a(nrf_cc3xx_platform_mutex_zephyr.c.obj)
                              (--whole-archive)
zephyr/arch/common/libarch__common.a(sw_isr_common.c.obj)
                              (--whole-archive)
zephyr/arch/arch/arm/core/libarch__arm__core.a(fatal.c.obj)
                              (--whole-archive)
zephyr/arch/arch/arm/core/libarch__arm__core.a(nmi.c.obj)
                              (--whole-archive)
zephyr/arch/arch/arm/core/libarch__arm__core.a(nmi_on_reset.S.obj)
                              (--whole-archive)
zephyr/arch/arch/arm/core/libarch__arm__core.a(tls.c.obj)
                              (--whole-archive)
zephyr/arch/arch/arm/core/cortex_m/libarch__arm__core__cortex_m.a(exc_exit.S.obj)
                              (--whole-archive)
zephyr/arch/arch/arm/core/cortex_m/libarch__arm__core__cortex_m.a(fault.c.obj)
                              (--whole-archive)
zephyr/arch/arch/arm/core/cortex_m/libarch__arm__core__cortex_m.a(fault_s.S.obj)
                              (--whole-archive)
zephyr/arch/arch/arm/core/cortex_m/libarch__arm__core__cortex_m.a(fpu.c.obj)
                              (--whole-archive)
zephyr/arch/arch/arm/core/cortex_m/libarch__arm__core__cortex_m.a(reset.S.obj)
                              (--whole-archive)
zephyr/arch/arch/arm/core/cortex_m/libarch__arm__core__cortex_m.a(scb.c.obj)
                              (--whole-archive)
zephyr/arch/arch/arm/core/cortex_m/libarch__arm__core__cortex_m.a(thread_abort.c.obj)
                              (--whole-archive)
zephyr/arch/arch/arm/core/cortex_m/libarch__arm__core__cortex_m.a(vector_table.S.obj)
                              (--whole-archive)
zephyr/arch/arch/arm/core/cortex_m/libarch__arm__core__cortex_m.a(swap.c.obj)
                              (--whole-archive)
zephyr/arch/arch/arm/core/cortex_m/libarch__arm__core__cortex_m.a(swap_helper.S.obj)
                              (--whole-archive)
zephyr/arch/arch/arm/core/cortex_m/libarch__arm__core__cortex_m.a(irq_manage.c.obj)
                              (--whole-archive)
zephyr/arch/arch/arm/core/cortex_m/libarch__arm__core__cortex_m.a(prep_c.c.obj)
                              (--whole-archive)
zephyr/arch/arch/arm/core/cortex_m/libarch__arm__core__cortex_m.a(thread.c.obj)
                              (--whole-archive)
zephyr/arch/arch/arm/core/cortex_m/libarch__arm__core__cortex_m.a(cpu_idle.S.obj)
                              (--whole-archive)
[...]
Memory Configuration

Name             Origin             Length             Attributes
FLASH            0x0000000000000000 0x0000000000100000 xr
RAM              0x0000000020000000 0x0000000000040000 xw
IDT_LIST         0x00000000ffff7fff 0x0000000000008000 xw
*default*        0x0000000000000000 0xffffffffffffffff

Linker script and memory map

                0x0000000000007818                vfprintf = __d_vfprintf
                0x0000000000000000                vfscanf = __d_vfscanf
LOAD zephyr/CMakeFiles/zephyr_pre0.dir/misc/empty_file.c.obj
LOAD zephyr/CMakeFiles/offsets.dir/./arch/arm/core/offsets/offsets.c.obj
LOAD app/libapp.a
LOAD zephyr/libzephyr.a
LOAD zephyr/arch/common/libarch__common.a
LOAD zephyr/arch/arch/arm/core/libarch__arm__core.a
LOAD zephyr/arch/arch/arm/core/cortex_m/libarch__arm__core__cortex_m.a
LOAD zephyr/arch/arch/arm/core/mpu/libarch__arm__core__mpu.a
LOAD zephyr/lib/libc/picolibc/liblib__libc__picolibc.a
LOAD zephyr/lib/libc/common/liblib__libc__common.a
LOAD zephyr/soc/soc/arm/nordic_nrf/libsoc__arm__nordic_nrf.a
LOAD zephyr/drivers/clock_control/libdrivers__clock_control.a
LOAD zephyr/drivers/console/libdrivers__console.a
LOAD zephyr/drivers/gpio/libdrivers__gpio.a
LOAD zephyr/drivers/i2c/libdrivers__i2c.a
LOAD zephyr/drivers/pinctrl/libdrivers__pinctrl.a
LOAD zephyr/drivers/sensor/stmemsc/libdrivers__sensor__stmemsc.a
LOAD zephyr/drivers/sensor/nrf5/libdrivers__sensor__nrf5.a
LOAD zephyr/drivers/serial/libdrivers__serial.a
LOAD zephyr/drivers/timer/libdrivers__timer.a
LOAD modules/nrf/lib/dk_buttons_and_leds/lib..__nrf__lib__dk_buttons_and_leds.a
LOAD modules/nrf/lib/fatal_error/lib..__nrf__lib__fatal_error.a
LOAD modules/nrf/drivers/hw_cc3xx/lib..__nrf__drivers__hw_cc3xx.a
LOAD modules/hal_nordic/nrfx/libmodules__hal_nordic__nrfx.a
LOAD modules/segger/libmodules__segger.a
LOAD modules/drivers/sensor/fxls8974cf/lib..__..__..__projects__smart_ble_remote__drivers__sensor__fxls8974cf.a
LOAD modules/drivers/kscan/lib..__..__..__projects__smart_ble_remote__drivers__kscan.a
LOAD zephyr/kernel/libkernel.a
LOAD c:/ncs/toolchains/cf2149caf2/opt/zephyr-sdk/arm-zephyr-eabi/bin/../lib/gcc/arm-zephyr-eabi/12.2.0/thumb/v7e-m/nofp\libgcc.a
LOAD zephyr/arch/common/libisr_tables.a
LOAD C:/ncs/v2.6.0/nrfxlib/crypto/nrf_cc310_platform/lib/cortex-m4/soft-float/no-interrupts/libnrf_cc310_platform_0.9.19.a
LOAD c:\ncs\toolchains\cf2149caf2\opt\zephyr-sdk\arm-zephyr-eabi\bin\../lib/gcc/../../picolibc/arm-zephyr-eabi/lib/thumb/v7e-m/nofp\libc.a
LOAD c:/ncs/toolchains/cf2149caf2/opt/zephyr-sdk/arm-zephyr-eabi/bin/../lib/gcc/arm-zephyr-eabi/12.2.0/thumb/v7e-m/nofp\libgcc.a
                0x0000000000000020                _region_min_align = 0x20

.rel.plt        0x0000000000000000        0x0
 *(SORT_BY_ALIGNMENT(.rel.plt))
                [!provide]                        PROVIDE (__rel_iplt_start = .)
 *(SORT_BY_ALIGNMENT(.rel.iplt))
 .rel.iplt      0x0000000000000000        0x0 app/libapp.a(main.c.obj)
                [!provide]                        PROVIDE (__rel_iplt_end = .)

.rela.plt       0x0000000000000000        0x0
 *(SORT_BY_ALIGNMENT(.rela.plt))
                [!provide]                        PROVIDE (__rela_iplt_start = .)
 *(SORT_BY_ALIGNMENT(.rela.iplt))
                [!provide]                        PROVIDE (__rela_iplt_end = .)

.rel.dyn
 *(SORT_BY_ALIGNMENT(.rel.*))

.rela.dyn
 *(SORT_BY_ALIGNMENT(.rela.*))

/DISCARD/
 *(SORT_BY_ALIGNMENT(.plt))

/DISCARD/
 *(SORT_BY_ALIGNMENT(.iplt))
                0x0000000000000000                __rom_region_start = 0x0

rom_start       0x0000000000000000      0x100
                0x0000000000000000                __rom_start_address = .
 FILL mask 0x00
                0x0000000000000000                . = (. + (0x0 - (. - __rom_start_address)))
                0x0000000000000000                . = ALIGN (0x4)
                0x0000000000000000                . = ALIGN (0x80)
                0x0000000000000000                . = ALIGN (0x100)
                0x0000000000000000                _vector_start = .
 *(SORT_BY_ALIGNMENT(.exc_vector_table))
 *(SORT_BY_ALIGNMENT(.exc_vector_table.*))
 .exc_vector_table._vector_table_section
                0x0000000000000000       0x40 zephyr/arch/arch/arm/core/cortex_m/libarch__arm__core__cortex_m.a(vector_table.S.obj)
                0x0000000000000000                _vector_table
 *(SORT_BY_ALIGNMENT(.vectors))
                0x0000000000000100                _vector_end = .
                0x0000000000000040                . = ALIGN (0x4)
 *(SORT_BY_ALIGNMENT(.gnu.linkonce.irq_vector_table*))
 .gnu.linkonce.irq_vector_table
                0x0000000000000040       0xc0 zephyr/arch/common/libisr_tables.a(isr_tables.c.obj)
                0x0000000000000040                _irq_vector_table
                0x0000000000000100                _vector_end = .

text            0x0000000000000100     0xa3c8
                0x0000000000000100                __text_region_start = .
 *(SORT_BY_ALIGNMENT(.text))
 .text          0x0000000000000100      0x378 c:/ncs/toolchains/cf2149caf2/opt/zephyr-sdk/arm-zephyr-eabi/bin/../lib/gcc/arm-zephyr-eabi/12.2.0/thumb/v7e-m/nofp\libgcc.a(_arm_addsubdf3.o)
                0x0000000000000100                __aeabi_drsub
                0x0000000000000108                __aeabi_dsub
                0x0000000000000108                __subdf3
                0x000000000000010c                __aeabi_dadd
                0x000000000000010c                __adddf3
                0x0000000000000384                __floatunsidf
                0x0000000000000384                __aeabi_ui2d
                0x00000000000003a4                __floatsidf
                0x00000000000003a4                __aeabi_i2d
                0x00000000000003c8                __aeabi_f2d
                0x00000000000003c8                __extendsfdf2
                0x000000000000040c                __floatundidf
                0x000000000000040c                __aeabi_ul2d
                0x000000000000041c                __floatdidf
                0x000000000000041c                __aeabi_l2d
 .text          0x0000000000000478      0x424 c:/ncs/toolchains/cf2149caf2/opt/zephyr-sdk/arm-zephyr-eabi/bin/../lib/gcc/arm-zephyr-eabi/12.2.0/thumb/v7e-m/nofp\libgcc.a(_arm_muldivdf3.o)
                0x0000000000000478                __aeabi_dmul
                0x0000000000000478                __muldf3
                0x00000000000006cc                __divdf3
                0x00000000000006cc                __aeabi_ddiv
 .text          0x000000000000089c       0x30 c:/ncs/toolchains/cf2149caf2/opt/zephyr-sdk/arm-zephyr-eabi/bin/../lib/gcc/arm-zephyr-eabi/12.2.0/thumb/v7e-m/nofp\libgcc.a(_aeabi_uldivmod.o)
                0x000000000000089c                __aeabi_uldivmod
 .text          0x00000000000008cc        0x4 c:/ncs/toolchains/cf2149caf2/opt/zephyr-sdk/arm-zephyr-eabi/bin/../lib/gcc/arm-zephyr-eabi/12.2.0/thumb/v7e-m/nofp\libgcc.a(_dvmd_tls.o)
                0x00000000000008cc                __aeabi_idiv0
                0x00000000000008cc                __aeabi_ldiv0
 .text          0x00000000000008d0      0x2a0 c:/ncs/toolchains/cf2149caf2/opt/zephyr-sdk/arm-zephyr-eabi/bin/../lib/gcc/arm-zephyr-eabi/12.2.0/thumb/v7e-m/nofp\libgcc.a(_udivmoddi4.o)
                0x00000000000008d0                __udivmoddi4
 .text          0x0000000000000b70       0x10 c:\ncs\toolchains\cf2149caf2\opt\zephyr-sdk\arm-zephyr-eabi\bin\../lib/gcc/../../picolibc/arm-zephyr-eabi/lib/thumb/v7e-m/nofp\libc.a(strlen.S.o)
                0x0000000000000b70                strlen
 *(SORT_BY_ALIGNMENT(.text.*))
 .text.main     0x0000000000000b80      0x124 app/libapp.a(main.c.obj)
                0x0000000000000b80                main
 .text.keyscan_callback
                0x0000000000000ca4        0xc app/libapp.a(main.c.obj)
                0x0000000000000ca4                keyscan_callback
 .text.cbvprintf_package
                0x0000000000000cb0      0x3a4 zephyr/libzephyr.a(cbprintf_packaged.c.obj)
                0x0000000000000cb0                cbvprintf_package
 .text.cbprintf_package_convert
                0x0000000000001054      0x3b0 zephyr/libzephyr.a(cbprintf_packaged.c.obj)
                0x0000000000001054                cbprintf_package_convert
 .text.__printk_hook_install
                0x0000000000001404        0xc zephyr/libzephyr.a(printk.c.obj)
                0x0000000000001404                __printk_hook_install
 .text.z_thread_entry
                0x0000000000001410       0x34 zephyr/libzephyr.a(thread_entry.c.obj)
                0x0000000000001410                z_thread_entry
 .text.process_event
                0x0000000000001444      0x21c zephyr/libzephyr.a(onoff.c.obj)
 .text.sys_reboot
                0x0000000000001660       0x30 zephyr/libzephyr.a(reboot.c.obj)
                0x0000000000001660                sys_reboot
 .text.activate_foreach_backend
                0x0000000000001690       0x64 zephyr/libzephyr.a(log_core.c.obj)
 .text.enable_logger
                0x00000000000016f4       0x5c zephyr/libzephyr.a(log_core.c.obj)
 .text.log_process_thread_timer_expiry_fn
                0x0000000000001750        0xc zephyr/libzephyr.a(log_core.c.obj)
 .text.z_log_init
                0x000000000000175c       0x90 zephyr/libzephyr.a(log_core.c.obj)
 .text.log_format_func_t_get
                0x00000000000017ec        0xc zephyr/libzephyr.a(log_core.c.obj)
                0x00000000000017ec                log_format_func_t_get
 .text.log_set_timestamp_func
                0x00000000000017f8       0x20 zephyr/libzephyr.a(log_core.c.obj)
                0x00000000000017f8                log_set_timestamp_func
 .text.z_log_notify_backend_enabled
                0x0000000000001818       0x1c zephyr/libzephyr.a(log_core.c.obj)
                0x0000000000001818                z_log_notify_backend_enabled
 .text.z_log_dropped
                0x0000000000001834       0x30 zephyr/libzephyr.a(log_core.c.obj)
                0x0000000000001834                z_log_dropped
 .text.z_log_dropped_read_and_clear
                0x0000000000001864       0x20 zephyr/libzephyr.a(log_core.c.obj)
                0x0000000000001864                z_log_dropped_read_and_clear
 .text.dropped_notify
                0x0000000000001884       0x30 zephyr/libzephyr.a(log_core.c.obj)
                0x0000000000001884                dropped_notify
 .text.z_log_msg_init
                0x00000000000018b4       0x20 zephyr/libzephyr.a(log_core.c.obj)
                0x00000000000018b4                z_log_msg_init
 .text.log_core_init
                0x00000000000018d4       0x34 zephyr/libzephyr.a(log_core.c.obj)
                0x00000000000018d4                log_core_init
 .text.z_log_msg_alloc
                0x0000000000001908       0x10 zephyr/libzephyr.a(log_core.c.obj)
                0x0000000000001908                z_log_msg_alloc
 .text.z_log_msg_local_claim
                0x0000000000001918        0xc zephyr/libzephyr.a(log_core.c.obj)
                0x0000000000001918                z_log_msg_local_claim
 .text.z_log_msg_free
                0x0000000000001924       0x10 zephyr/libzephyr.a(log_core.c.obj)
                0x0000000000001924                z_log_msg_free
 .text.z_log_msg_pending
                0x0000000000001934        0xc zephyr/libzephyr.a(log_core.c.obj)
                0x0000000000001934                z_log_msg_pending
 .text.z_impl_log_process
                0x0000000000001940       0xbc zephyr/libzephyr.a(log_core.c.obj)
                0x0000000000001940                z_impl_log_process
 .text.z_impl_log_panic
                0x00000000000019fc       0x44 zephyr/libzephyr.a(log_core.c.obj)
                0x00000000000019fc                z_impl_log_panic
 .text.log_process_thread_func
                0x0000000000001a40       0xa4 zephyr/libzephyr.a(log_core.c.obj)
 .text.z_log_msg_post_finalize
                0x0000000000001ae4       0x78 zephyr/libzephyr.a(log_core.c.obj)
 .text.z_log_msg_commit
                0x0000000000001b5c       0x24 zephyr/libzephyr.a(log_core.c.obj)
                0x0000000000001b5c                z_log_msg_commit
 .text.log_source_name_get
                0x0000000000001b80       0x1c zephyr/libzephyr.a(log_mgmt.c.obj)
                0x0000000000001b80                log_source_name_get
 .text.log_backend_enable
                0x0000000000001b9c       0x28 zephyr/libzephyr.a(log_mgmt.c.obj)
                0x0000000000001b9c                log_backend_enable
 .text.z_impl_z_log_msg_static_create
                0x0000000000001bc4      0x108 zephyr/libzephyr.a(log_msg.c.obj)
                0x0000000000001bc4                z_impl_z_log_msg_static_create
 .text.z_log_msg_runtime_vcreate
                0x0000000000001ccc       0x8c zephyr/libzephyr.a(log_msg.c.obj)
                0x0000000000001ccc                z_log_msg_runtime_vcreate
 .text.print_formatted
                0x0000000000001d58       0x24 zephyr/libzephyr.a(log_output.c.obj)
 .text.newline_print
                0x0000000000001d7c       0x1c zephyr/libzephyr.a(log_output.c.obj)
 .text.log_output_process
                0x0000000000001d98      0x2a4 zephyr/libzephyr.a(log_output.c.obj)
                0x0000000000001d98                log_output_process
 .text.log_output_msg_process
                0x000000000000203c       0x70 zephyr/libzephyr.a(log_output.c.obj)
                0x000000000000203c                log_output_msg_process
 .text.log_output_dropped_process
                0x00000000000020ac       0x58 zephyr/libzephyr.a(log_output.c.obj)
                0x00000000000020ac                log_output_dropped_process
 .text.log_output_timestamp_freq_set
                0x0000000000002104       0x2c zephyr/libzephyr.a(log_output.c.obj)
                0x0000000000002104                log_output_timestamp_freq_set
 .text.log_backend_rtt_init
                0x0000000000002130        0xc zephyr/libzephyr.a(log_backend_rtt.c.obj)
 .text.format_set
                0x000000000000213c        0xc zephyr/libzephyr.a(log_backend_rtt.c.obj)
 .text.panic    0x0000000000002148       0x14 zephyr/libzephyr.a(log_backend_rtt.c.obj)
 .text.dropped  0x000000000000215c        0xc zephyr/libzephyr.a(log_backend_rtt.c.obj)
 .text.process  0x0000000000002168       0x24 zephyr/libzephyr.a(log_backend_rtt.c.obj)
 .text.on_failed_write
                0x000000000000218c       0x28 zephyr/libzephyr.a(log_backend_rtt.c.obj)
 .text.data_out_block_mode
                0x00000000000021b4       0x84 zephyr/libzephyr.a(log_backend_rtt.c.obj)
 .text.char_out
                0x0000000000002238       0x24 zephyr/libzephyr.a(log_backend_uart.c.obj)
 .text.mem_attr_get_regions
                0x000000000000225c        0xc zephyr/libzephyr.a(mem_attr.c.obj)
                0x000000000000225c                mem_attr_get_regions
 .text.nrf_cc3xx_platform_abort_init
                0x0000000000002268        0xc zephyr/libzephyr.a(nrf_cc3xx_platform_abort_zephyr.c.obj)
                0x0000000000002268                nrf_cc3xx_platform_abort_init
 .text.mutex_free_platform
                0x0000000000002274       0x54 zephyr/libzephyr.a(nrf_cc3xx_platform_mutex_zephyr.c.obj)
 .text.mutex_lock_platform
                0x00000000000022c8       0x60 zephyr/libzephyr.a(nrf_cc3xx_platform_mutex_zephyr.c.obj)
 .text.mutex_unlock_platform
                0x0000000000002328       0x58 zephyr/libzephyr.a(nrf_cc3xx_platform_mutex_zephyr.c.obj)
 .text.mutex_init_platform
                0x0000000000002380       0x94 zephyr/libzephyr.a(nrf_cc3xx_platform_mutex_zephyr.c.obj)
 .text.nrf_cc3xx_platform_mutex_init
                0x0000000000002414       0x2c zephyr/libzephyr.a(nrf_cc3xx_platform_mutex_zephyr.c.obj)
                0x0000000000002414                nrf_cc3xx_platform_mutex_init
 .text.z_arm_fatal_error
                0x0000000000002440       0xa0 zephyr/arch/arch/arm/core/libarch__arm__core.a(fatal.c.obj)
                0x0000000000002440                z_arm_fatal_error
 .text.z_SysNmiOnReset
                0x00000000000024e0        0x8 zephyr/arch/arch/arm/core/libarch__arm__core.a(nmi_on_reset.S.obj)
                0x00000000000024e0                z_SysNmiOnReset
 .text.arch_tls_stack_setup
                0x00000000000024e8       0x5c zephyr/arch/arch/arm/core/libarch__arm__core.a(tls.c.obj)
                0x00000000000024e8                arch_tls_stack_setup
 .text._HandlerModeExit
                0x0000000000002544       0x1c zephyr/arch/arch/arm/core/cortex_m/libarch__arm__core__cortex_m.a(exc_exit.S.obj)
                0x0000000000002544                z_arm_int_exit
                0x0000000000002544                z_arm_exc_exit
 .text.bus_fault.constprop.0
                0x0000000000002560       0xd0 zephyr/arch/arch/arm/core/cortex_m/libarch__arm__core__cortex_m.a(fault.c.obj)
 .text.usage_fault.constprop.0
                0x0000000000002630       0xa8 zephyr/arch/arch/arm/core/cortex_m/libarch__arm__core__cortex_m.a(fault.c.obj)
 .text.mem_manage_fault
                0x00000000000026d8      0x104 zephyr/arch/arch/arm/core/cortex_m/libarch__arm__core__cortex_m.a(fault.c.obj)
 .text.z_arm_fault
                0x00000000000027dc      0x1d4 zephyr/arch/arch/arm/core/cortex_m/libarch__arm__core__cortex_m.a(fault.c.obj)
                0x00000000000027dc                z_arm_fault
 .text.z_arm_fault_init
                0x00000000000029b0       0x10 zephyr/arch/arch/arm/core/cortex_m/libarch__arm__core__cortex_m.a(fault.c.obj)
                0x00000000000029b0                z_arm_fault_init
 .text.__fault  0x00000000000029c0       0x14 zephyr/arch/arch/arm/core/cortex_m/libarch__arm__core__cortex_m.a(fault_s.S.obj)
                0x00000000000029c0                z_arm_usage_fault
                0x00000000000029c0                z_arm_mpu_fault
                0x00000000000029c0                z_arm_exc_spurious
                0x00000000000029c0                z_arm_debug_monitor
                0x00000000000029c0                z_arm_hard_fault
                0x00000000000029c0                z_arm_bus_fault
 .text._reset_section
                0x00000000000029d4       0x54 zephyr/arch/arch/arm/core/cortex_m/libarch__arm__core__cortex_m.a(reset.S.obj)
                0x00000000000029d4                __start
                0x00000000000029d4                z_arm_reset
 .text.sys_arch_reboot
                0x0000000000002a28       0x24 zephyr/arch/arch/arm/core/cortex_m/libarch__arm__core__cortex_m.a(scb.c.obj)
                0x0000000000002a28                sys_arch_reboot
 .text.z_arm_clear_arm_mpu_config
                0x0000000000002a4c       0x24 zephyr/arch/arch/arm/core/cortex_m/libarch__arm__core__cortex_m.a(scb.c.obj)
                0x0000000000002a4c                z_arm_clear_arm_mpu_config
 .text.z_arm_init_arch_hw_at_boot
                0x0000000000002a70       0x64 zephyr/arch/arch/arm/core/cortex_m/libarch__arm__core__cortex_m.a(scb.c.obj)
                0x0000000000002a70                z_arm_init_arch_hw_at_boot
 .text.z_impl_k_thread_abort
                0x0000000000002ad4       0x2c zephyr/arch/arch/arm/core/cortex_m/libarch__arm__core__cortex_m.a(thread_abort.c.obj)
                0x0000000000002ad4                z_impl_k_thread_abort
 .text.arch_swap
                0x0000000000002b00       0x30 zephyr/arch/arch/arm/core/cortex_m/libarch__arm__core__cortex_m.a(swap.c.obj)
                0x0000000000002b00                arch_swap
 .text.z_arm_pendsv
                0x0000000000002b30       0x64 zephyr/arch/arch/arm/core/cortex_m/libarch__arm__core__cortex_m.a(swap_helper.S.obj)
                0x0000000000002b30                z_arm_pendsv
 .text.z_arm_svc
                0x0000000000002b94       0x20 zephyr/arch/arch/arm/core/cortex_m/libarch__arm__core__cortex_m.a(swap_helper.S.obj)
                0x0000000000002b94                z_arm_svc
 .text.arch_irq_enable
                0x0000000000002bb4       0x1c zephyr/arch/arch/arm/core/cortex_m/libarch__arm__core__cortex_m.a(irq_manage.c.obj)
                0x0000000000002bb4                arch_irq_enable
 .text.arch_irq_disable
                0x0000000000002bd0       0x28 zephyr/arch/arch/arm/core/cortex_m/libarch__arm__core__cortex_m.a(irq_manage.c.obj)
                0x0000000000002bd0                arch_irq_disable
 .text.arch_irq_is_enabled
                0x0000000000002bf8       0x1c zephyr/arch/arch/arm/core/cortex_m/libarch__arm__core__cortex_m.a(irq_manage.c.obj)
                0x0000000000002bf8                arch_irq_is_enabled
 .text.z_arm_irq_priority_set
                0x0000000000002c14       0x30 zephyr/arch/arch/arm/core/cortex_m/libarch__arm__core__cortex_m.a(irq_manage.c.obj)
                0x0000000000002c14                z_arm_irq_priority_set
 .text.z_arm_prep_c
                0x0000000000002c44       0x38 zephyr/arch/arch/arm/core/cortex_m/libarch__arm__core__cortex_m.a(prep_c.c.obj)
                0x0000000000002c44                z_arm_prep_c
 .text.arch_new_thread
                0x0000000000002c7c       0x38 zephyr/arch/arch/arm/core/cortex_m/libarch__arm__core__cortex_m.a(thread.c.obj)
                0x0000000000002c7c                arch_new_thread
 .text.z_check_thread_stack_fail
                0x0000000000002cb4       0x2c zephyr/arch/arch/arm/core/cortex_m/libarch__arm__core__cortex_m.a(thread.c.obj)
                0x0000000000002cb4                z_check_thread_stack_fail
 .text.arch_switch_to_main_thread
                0x0000000000002ce0       0x38 zephyr/arch/arch/arm/core/cortex_m/libarch__arm__core__cortex_m.a(thread.c.obj)
                0x0000000000002ce0                arch_switch_to_main_thread
 .text.z_arm_cpu_idle_init
                0x0000000000002d18        0xc zephyr/arch/arch/arm/core/cortex_m/libarch__arm__core__cortex_m.a(cpu_idle.S.obj)
                0x0000000000002d18                z_arm_cpu_idle_init
 .text.arch_cpu_idle
                0x0000000000002d24       0x1c zephyr/arch/arch/arm/core/cortex_m/libarch__arm__core__cortex_m.a(cpu_idle.S.obj)
                0x0000000000002d24                arch_cpu_idle
 .text.arch_cpu_atomic_idle
                0x0000000000002d40       0x18 zephyr/arch/arch/arm/core/cortex_m/libarch__arm__core__cortex_m.a(cpu_idle.S.obj)
                0x0000000000002d40                arch_cpu_atomic_idle
 .text.z_arm_interrupt_init
                0x0000000000002d58       0x18 zephyr/arch/arch/arm/core/cortex_m/libarch__arm__core__cortex_m.a(irq_init.c.obj)
                0x0000000000002d58                z_arm_interrupt_init
 .text._isr_wrapper
                0x0000000000002d70       0x28 zephyr/arch/arch/arm/core/cortex_m/libarch__arm__core__cortex_m.a(isr_wrapper.S.obj)
                0x0000000000002d70                _isr_wrapper
 .text.z_arm_configure_static_mpu_regions
                0x0000000000002d98       0x18 zephyr/arch/arch/arm/core/mpu/libarch__arm__core__mpu.a(arm_core_mpu.c.obj)
                0x0000000000002d98                z_arm_configure_static_mpu_regions
 .text.z_arm_configure_dynamic_mpu_regions
                0x0000000000002db0       0x20 zephyr/arch/arch/arm/core/mpu/libarch__arm__core__mpu.a(arm_core_mpu.c.obj)
                0x0000000000002db0                z_arm_configure_dynamic_mpu_regions
 .text.region_allocate_and_init
                0x0000000000002dd0       0x48 zephyr/arch/arch/arm/core/mpu/libarch__arm__core__mpu.a(arm_mpu.c.obj)
 .text.mpu_configure_regions
                0x0000000000002e18       0x68 zephyr/arch/arch/arm/core/mpu/libarch__arm__core__mpu.a(arm_mpu.c.obj)
 .text.arm_core_mpu_enable
                0x0000000000002e80       0x18 zephyr/arch/arch/arm/core/mpu/libarch__arm__core__mpu.a(arm_mpu.c.obj)
                0x0000000000002e80                arm_core_mpu_enable
 .text.arm_core_mpu_disable
                0x0000000000002e98       0x14 zephyr/arch/arch/arm/core/mpu/libarch__arm__core__mpu.a(arm_mpu.c.obj)
                0x0000000000002e98                arm_core_mpu_disable
 .text.arm_core_mpu_configure_static_mpu_regions
                0x0000000000002eac       0x14 zephyr/arch/arch/arm/core/mpu/libarch__arm__core__mpu.a(arm_mpu.c.obj)
                0x0000000000002eac                arm_core_mpu_configure_static_mpu_regions
 .text.arm_core_mpu_configure_dynamic_mpu_regions
                0x0000000000002ec0       0x30 zephyr/arch/arch/arm/core/mpu/libarch__arm__core__mpu.a(arm_mpu.c.obj)
                0x0000000000002ec0                arm_core_mpu_configure_dynamic_mpu_regions
 .text.z_arm_mpu_init
                0x0000000000002ef0      0x158 zephyr/arch/arch/arm/core/mpu/libarch__arm__core__mpu.a(arm_mpu.c.obj)
                0x0000000000002ef0                z_arm_mpu_init
 .text.z_impl_zephyr_fputc
                0x0000000000003048       0x10 zephyr/lib/libc/picolibc/liblib__libc__picolibc.a(libc-hooks.c.obj)
                0x0000000000003048                z_impl_zephyr_fputc
 .text.__stdout_hook_install
                0x0000000000003058       0x18 zephyr/lib/libc/picolibc/liblib__libc__picolibc.a(libc-hooks.c.obj)
                0x0000000000003058                __stdout_hook_install
 .text.cbvprintf
                0x0000000000003070       0x38 zephyr/lib/libc/picolibc/liblib__libc__picolibc.a(libc-hooks.c.obj)
                0x0000000000003070                cbvprintf
 .text.malloc_prepare
                0x00000000000030a8       0x24 zephyr/lib/libc/common/liblib__libc__common.a(malloc.c.obj)
 .text.nordicsemi_nrf52_init
                0x00000000000030cc       0x10 zephyr/soc/soc/arm/nordic_nrf/libsoc__arm__nordic_nrf.a(soc.c.obj)
 .text.arch_busy_wait
                0x00000000000030dc       0x14 zephyr/soc/soc/arm/nordic_nrf/libsoc__arm__nordic_nrf.a(soc.c.obj)
                0x00000000000030dc                arch_busy_wait
 .text.z_arm_platform_init
                0x00000000000030f0        0x4 zephyr/soc/soc/arm/nordic_nrf/libsoc__arm__nordic_nrf.a(soc_nrf_common.S.obj)
                0x00000000000030f0                z_arm_platform_init
 .text.onoff_stop
                0x00000000000030f4       0x30 zephyr/drivers/clock_control/libdrivers__clock_control.a(clock_control_nrf.c.obj)
 .text.onoff_start
                0x0000000000003124       0x44 zephyr/drivers/clock_control/libdrivers__clock_control.a(clock_control_nrf.c.obj)
 .text.generic_hfclk_stop
                0x0000000000003168       0x34 zephyr/drivers/clock_control/libdrivers__clock_control.a(clock_control_nrf.c.obj)
 .text.clk_init
                0x000000000000319c       0x60 zephyr/drivers/clock_control/libdrivers__clock_control.a(clock_control_nrf.c.obj)
 .text.clkstarted_handle.constprop.0
                0x00000000000031fc       0x34 zephyr/drivers/clock_control/libdrivers__clock_control.a(clock_control_nrf.c.obj)
 .text.clock_event_handler
                0x0000000000003230       0x34 zephyr/drivers/clock_control/libdrivers__clock_control.a(clock_control_nrf.c.obj)
 .text.generic_hfclk_start
                0x0000000000003264       0x64 zephyr/drivers/clock_control/libdrivers__clock_control.a(clock_control_nrf.c.obj)
 .text.api_blocking_start
                0x00000000000032c8       0x34 zephyr/drivers/clock_control/libdrivers__clock_control.a(clock_control_nrf.c.obj)
 .text.z_nrf_clock_control_get_onoff
                0x00000000000032fc       0x10 zephyr/drivers/clock_control/libdrivers__clock_control.a(clock_control_nrf.c.obj)
                0x00000000000032fc                z_nrf_clock_control_get_onoff
 .text.z_nrf_clock_control_lf_on
                0x000000000000330c       0xb4 zephyr/drivers/clock_control/libdrivers__clock_control.a(clock_control_nrf.c.obj)
                0x000000000000330c                z_nrf_clock_control_lf_on
 .text.start_cal_process
                0x00000000000033c0       0x48 zephyr/drivers/clock_control/libdrivers__clock_control.a(nrf_clock_calibration.c.obj)
 .text.start_cycle
                0x0000000000003408       0x38 zephyr/drivers/clock_control/libdrivers__clock_control.a(nrf_clock_calibration.c.obj)
 .text.measure_temperature
                0x0000000000003440       0x88 zephyr/drivers/clock_control/libdrivers__clock_control.a(nrf_clock_calibration.c.obj)
 .text.cal_hf_callback
                0x00000000000034c8       0x2c zephyr/drivers/clock_control/libdrivers__clock_control.a(nrf_clock_calibration.c.obj)
 .text.z_nrf_clock_calibration_init
                0x00000000000034f4       0x1c zephyr/drivers/clock_control/libdrivers__clock_control.a(nrf_clock_calibration.c.obj)
                0x00000000000034f4                z_nrf_clock_calibration_init
 .text.z_nrf_clock_calibration_lfclk_started
                0x0000000000003510       0x10 zephyr/drivers/clock_control/libdrivers__clock_control.a(nrf_clock_calibration.c.obj)
                0x0000000000003510                z_nrf_clock_calibration_lfclk_started
 .text.z_nrf_clock_calibration_lfclk_stopped
                0x0000000000003520        0xc zephyr/drivers/clock_control/libdrivers__clock_control.a(nrf_clock_calibration.c.obj)
                0x0000000000003520                z_nrf_clock_calibration_lfclk_stopped
 .text.z_nrf_clock_calibration_done_handler
                0x000000000000352c       0x10 zephyr/drivers/clock_control/libdrivers__clock_control.a(nrf_clock_calibration.c.obj)
                0x000000000000352c                z_nrf_clock_calibration_done_handler
 .text.uart_console_init
                0x000000000000353c       0x28 zephyr/drivers/console/libdrivers__console.a(uart_console.c.obj)
 .text.console_out
                0x0000000000003564       0x28 zephyr/drivers/console/libdrivers__console.a(uart_console.c.obj)
 .text.gpio_nrfx_pin_interrupt_configure
                0x000000000000358c      0x100 zephyr/drivers/gpio/libdrivers__gpio.a(gpio_nrfx.c.obj)
 .text.gpio_nrfx_init
                0x000000000000368c       0x48 zephyr/drivers/gpio/libdrivers__gpio.a(gpio_nrfx.c.obj)
 .text.nrfx_gpio_handler
                0x00000000000036d4       0x4c zephyr/drivers/gpio/libdrivers__gpio.a(gpio_nrfx.c.obj)
 .text.gpio_nrfx_pin_configure
                0x0000000000003720      0x18c zephyr/drivers/gpio/libdrivers__gpio.a(gpio_nrfx.c.obj)
 .text.i2c_nrfx_twi_recover_bus
                0x00000000000038ac       0x24 zephyr/drivers/i2c/libdrivers__i2c.a(i2c_nrfx_twi.c.obj)
 .text.i2c_nrfx_twi_configure
                0x00000000000038d0       0x48 zephyr/drivers/i2c/libdrivers__i2c.a(i2c_nrfx_twi.c.obj)
 .text.twi_0_init
                0x0000000000003918       0x94 zephyr/drivers/i2c/libdrivers__i2c.a(i2c_nrfx_twi.c.obj)
 .text.event_handler
                0x00000000000039ac       0x34 zephyr/drivers/i2c/libdrivers__i2c.a(i2c_nrfx_twi.c.obj)
 .text.i2c_nrfx_twi_transfer
                0x00000000000039e0      0x100 zephyr/drivers/i2c/libdrivers__i2c.a(i2c_nrfx_twi.c.obj)
 .text.nrf_gpio_pin_port_decode
                0x0000000000003ae0       0x20 zephyr/drivers/pinctrl/libdrivers__pinctrl.a(pinctrl_nrf.c.obj)
 .text.pinctrl_configure_pins
                0x0000000000003b00      0x1a8 zephyr/drivers/pinctrl/libdrivers__pinctrl.a(pinctrl_nrf.c.obj)
                0x0000000000003b00                pinctrl_configure_pins
 .text.hfclk_on_callback
                0x0000000000003ca8        0xc zephyr/drivers/sensor/nrf5/libdrivers__sensor__nrf5.a(temp_nrf5.c.obj)
 .text.temp_nrf5_channel_get
                0x0000000000003cb4       0x2c zephyr/drivers/sensor/nrf5/libdrivers__sensor__nrf5.a(temp_nrf5.c.obj)
 .text.temp_nrf5_isr
                0x0000000000003ce0       0x18 zephyr/drivers/sensor/nrf5/libdrivers__sensor__nrf5.a(temp_nrf5.c.obj)
 .text.temp_nrf5_sample_fetch
                0x0000000000003cf8       0x78 zephyr/drivers/sensor/nrf5/libdrivers__sensor__nrf5.a(temp_nrf5.c.obj)
 .text.temp_nrf5_init
                0x0000000000003d70       0x40 zephyr/drivers/sensor/nrf5/libdrivers__sensor__nrf5.a(temp_nrf5.c.obj)
 .text.uarte_0_init
                0x0000000000003db0      0x258 zephyr/drivers/serial/libdrivers__serial.a(uart_nrfx_uarte.c.obj)
 .text.uarte_nrfx_poll_out
                0x0000000000004008       0xcc zephyr/drivers/serial/libdrivers__serial.a(uart_nrfx_uarte.c.obj)
 .text.compare_int_lock
                0x00000000000040d4       0x48 zephyr/drivers/timer/libdrivers__timer.a(nrf_rtc_timer.c.obj)
 .text.sys_clock_timeout_handler
                0x000000000000411c       0x48 zephyr/drivers/timer/libdrivers__timer.a(nrf_rtc_timer.c.obj)
 .text.compare_int_unlock
                0x0000000000004164       0x5c zephyr/drivers/timer/libdrivers__timer.a(nrf_rtc_timer.c.obj)
 .text.z_nrf_rtc_timer_read
                0x00000000000041c0       0x44 zephyr/drivers/timer/libdrivers__timer.a(nrf_rtc_timer.c.obj)
                0x00000000000041c0                z_nrf_rtc_timer_read
 .text.compare_set
                0x0000000000004204      0x130 zephyr/drivers/timer/libdrivers__timer.a(nrf_rtc_timer.c.obj)
 .text.sys_clock_driver_init
                0x0000000000004334       0x90 zephyr/drivers/timer/libdrivers__timer.a(nrf_rtc_timer.c.obj)
 .text.rtc_nrf_isr
                0x00000000000043c4       0xd4 zephyr/drivers/timer/libdrivers__timer.a(nrf_rtc_timer.c.obj)
                0x00000000000043c4                rtc_nrf_isr
 .text.sys_clock_set_timeout
                0x0000000000004498       0x5c zephyr/drivers/timer/libdrivers__timer.a(nrf_rtc_timer.c.obj)
                0x0000000000004498                sys_clock_set_timeout
 .text.sys_clock_elapsed
                0x00000000000044f4       0x14 zephyr/drivers/timer/libdrivers__timer.a(nrf_rtc_timer.c.obj)
                0x00000000000044f4                sys_clock_elapsed
 .text.sys_clock_disable
                0x0000000000004508       0x30 zephyr/drivers/timer/libdrivers__timer.a(nrf_rtc_timer.c.obj)
                0x0000000000004508                sys_clock_disable
 .text.k_sys_fatal_error_handler
                0x0000000000004538       0x20 modules/nrf/lib/fatal_error/lib..__nrf__lib__fatal_error.a(fatal_error.c.obj)
                0x0000000000004538                k_sys_fatal_error_handler
 .text.nrf52_errata_98
                0x0000000000004558       0x24 modules/hal_nordic/nrfx/libmodules__hal_nordic__nrfx.a(system_nrf52840.c.obj)
 .text.nvmc_wait
                0x000000000000457c       0x10 modules/hal_nordic/nrfx/libmodules__hal_nordic__nrfx.a(system_nrf52840.c.obj)
                0x000000000000457c                nvmc_wait
 .text.SystemInit
                0x000000000000458c      0x1bc modules/hal_nordic/nrfx/libmodules__hal_nordic__nrfx.a(system_nrf52840.c.obj)
                0x000000000000458c                SystemInit
 .text.nrfx_flag32_alloc
                0x0000000000004748       0x48 modules/hal_nordic/nrfx/libmodules__hal_nordic__nrfx.a(nrfx_flag32_allocator.c.obj)
                0x0000000000004748                nrfx_flag32_alloc
 .text.nrfx_flag32_free
                0x0000000000004790       0x40 modules/hal_nordic/nrfx/libmodules__hal_nordic__nrfx.a(nrfx_flag32_allocator.c.obj)
                0x0000000000004790                nrfx_flag32_free
 .text.nrfx_gppi_channels_enable
                0x00000000000047d0        0xc modules/hal_nordic/nrfx/libmodules__hal_nordic__nrfx.a(nrfx_gppi_ppi.c.obj)
                0x00000000000047d0                nrfx_gppi_channels_enable
 .text.clock_stop
                0x00000000000047dc       0xc4 modules/hal_nordic/nrfx/libmodules__hal_nordic__nrfx.a(nrfx_clock.c.obj)
 .text.nrfx_clock_init
                0x00000000000048a0       0x24 modules/hal_nordic/nrfx/libmodules__hal_nordic__nrfx.a(nrfx_clock.c.obj)
                0x00000000000048a0                nrfx_clock_init
 .text.nrfx_clock_enable
                0x00000000000048c4       0x24 modules/hal_nordic/nrfx/libmodules__hal_nordic__nrfx.a(nrfx_clock.c.obj)
                0x00000000000048c4                nrfx_clock_enable
 .text.nrfx_clock_start
                0x00000000000048e8       0xa4 modules/hal_nordic/nrfx/libmodules__hal_nordic__nrfx.a(nrfx_clock.c.obj)
                0x00000000000048e8                nrfx_clock_start
 .text.nrfx_clock_calibration_start
                0x000000000000498c       0x74 modules/hal_nordic/nrfx/libmodules__hal_nordic__nrfx.a(nrfx_clock.c.obj)
                0x000000000000498c                nrfx_clock_calibration_start
 .text.nrfx_power_clock_irq_handler
                0x0000000000004a00       0x84 modules/hal_nordic/nrfx/libmodules__hal_nordic__nrfx.a(nrfx_clock.c.obj)
                0x0000000000004a00                nrfx_power_clock_irq_handler
 .text.nrf_gpio_pin_port_decode
                0x0000000000004a84       0x20 modules/hal_nordic/nrfx/libmodules__hal_nordic__nrfx.a(nrfx_gpiote.c.obj)
 .text.get_pin_idx
                0x0000000000004aa4       0x14 modules/hal_nordic/nrfx/libmodules__hal_nordic__nrfx.a(nrfx_gpiote.c.obj)
 .text.call_handler.constprop.0
                0x0000000000004ab8       0x40 modules/hal_nordic/nrfx/libmodules__hal_nordic__nrfx.a(nrfx_gpiote.c.obj)
 .text.pin_te_get.constprop.0
                0x0000000000004af8       0x18 modules/hal_nordic/nrfx/libmodules__hal_nordic__nrfx.a(nrfx_gpiote.c.obj)
 .text.pin_is_output.constprop.0
                0x0000000000004b10       0x18 modules/hal_nordic/nrfx/libmodules__hal_nordic__nrfx.a(nrfx_gpiote.c.obj)
 .text.pin_in_use_by_te.constprop.0
                0x0000000000004b28       0x18 modules/hal_nordic/nrfx/libmodules__hal_nordic__nrfx.a(nrfx_gpiote.c.obj)
 .text.latch_pending_read_and_check
                0x0000000000004b40       0x40 modules/hal_nordic/nrfx/libmodules__hal_nordic__nrfx.a(nrfx_gpiote.c.obj)
 .text.release_handler.isra.0
                0x0000000000004b80       0x58 modules/hal_nordic/nrfx/libmodules__hal_nordic__nrfx.a(nrfx_gpiote.c.obj)
 .text.__nrfy_internal_gpiote_events_process.constprop.0
                0x0000000000004bd8       0x5c modules/hal_nordic/nrfx/libmodules__hal_nordic__nrfx.a(nrfx_gpiote.c.obj)
 .text.pin_uninit
                0x0000000000004c34       0x80 modules/hal_nordic/nrfx/libmodules__hal_nordic__nrfx.a(nrfx_gpiote.c.obj)
 .text.nrfx_gpiote_input_configure
                0x0000000000004cb4      0x174 modules/hal_nordic/nrfx/libmodules__hal_nordic__nrfx.a(nrfx_gpiote.c.obj)
                0x0000000000004cb4                nrfx_gpiote_input_configure
 .text.nrfx_gpiote_output_configure
                0x0000000000004e28       0xfc modules/hal_nordic/nrfx/libmodules__hal_nordic__nrfx.a(nrfx_gpiote.c.obj)
                0x0000000000004e28                nrfx_gpiote_output_configure
 .text.nrfx_gpiote_global_callback_set
                0x0000000000004f24        0xc modules/hal_nordic/nrfx/libmodules__hal_nordic__nrfx.a(nrfx_gpiote.c.obj)
                0x0000000000004f24                nrfx_gpiote_global_callback_set
 .text.nrfx_gpiote_channel_get
                0x0000000000004f30       0x34 modules/hal_nordic/nrfx/libmodules__hal_nordic__nrfx.a(nrfx_gpiote.c.obj)
                0x0000000000004f30                nrfx_gpiote_channel_get
 .text.nrfx_gpiote_init
                0x0000000000004f64       0x70 modules/hal_nordic/nrfx/libmodules__hal_nordic__nrfx.a(nrfx_gpiote.c.obj)
                0x0000000000004f64                nrfx_gpiote_init
 .text.nrfx_gpiote_init_check
                0x0000000000004fd4       0x14 modules/hal_nordic/nrfx/libmodules__hal_nordic__nrfx.a(nrfx_gpiote.c.obj)
                0x0000000000004fd4                nrfx_gpiote_init_check
 .text.nrfx_gpiote_channel_free
                0x0000000000004fe8        0xc modules/hal_nordic/nrfx/libmodules__hal_nordic__nrfx.a(nrfx_gpiote.c.obj)
                0x0000000000004fe8                nrfx_gpiote_channel_free
 .text.nrfx_gpiote_channel_alloc
                0x0000000000004ff4        0xc modules/hal_nordic/nrfx/libmodules__hal_nordic__nrfx.a(nrfx_gpiote.c.obj)
                0x0000000000004ff4                nrfx_gpiote_channel_alloc
 .text.nrfx_gpiote_trigger_enable
                0x0000000000005000       0x9c modules/hal_nordic/nrfx/libmodules__hal_nordic__nrfx.a(nrfx_gpiote.c.obj)
                0x0000000000005000                nrfx_gpiote_trigger_enable
 .text.nrfx_gpiote_0_irq_handler
                0x000000000000509c      0x1bc modules/hal_nordic/nrfx/libmodules__hal_nordic__nrfx.a(nrfx_gpiote.c.obj)
                0x000000000000509c                nrfx_gpiote_0_irq_handler
 .text.nrfx_ppi_channel_alloc
                0x0000000000005258        0xc modules/hal_nordic/nrfx/libmodules__hal_nordic__nrfx.a(nrfx_ppi.c.obj)
                0x0000000000005258                nrfx_ppi_channel_alloc
 .text.nrf_gpio_cfg.constprop.0
                0x0000000000005264       0x48 modules/hal_nordic/nrfx/libmodules__hal_nordic__nrfx.a(nrfx_twi.c.obj)
 .text.twi_configure
                0x00000000000052ac       0x3c modules/hal_nordic/nrfx/libmodules__hal_nordic__nrfx.a(nrfx_twi.c.obj)
 .text.twi_tx_start_transfer
                0x00000000000052e8      0x104 modules/hal_nordic/nrfx/libmodules__hal_nordic__nrfx.a(nrfx_twi.c.obj)
 .text.twi_rx_start_transfer
                0x00000000000053ec       0xe4 modules/hal_nordic/nrfx/libmodules__hal_nordic__nrfx.a(nrfx_twi.c.obj)
 .text.nrfx_twi_init
                0x00000000000054d0       0x88 modules/hal_nordic/nrfx/libmodules__hal_nordic__nrfx.a(nrfx_twi.c.obj)
                0x00000000000054d0                nrfx_twi_init
 .text.nrfx_twi_enable
                0x0000000000005558       0x20 modules/hal_nordic/nrfx/libmodules__hal_nordic__nrfx.a(nrfx_twi.c.obj)
                0x0000000000005558                nrfx_twi_enable
 .text.nrfx_twi_disable
                0x0000000000005578       0x38 modules/hal_nordic/nrfx/libmodules__hal_nordic__nrfx.a(nrfx_twi.c.obj)
                0x0000000000005578                nrfx_twi_disable
 .text.nrfx_twi_xfer
                0x00000000000055b0       0xdc modules/hal_nordic/nrfx/libmodules__hal_nordic__nrfx.a(nrfx_twi.c.obj)
                0x00000000000055b0                nrfx_twi_xfer
 .text.nrfx_twi_0_irq_handler
                0x000000000000568c       0xd8 modules/hal_nordic/nrfx/libmodules__hal_nordic__nrfx.a(nrfx_twi.c.obj)
                0x000000000000568c                nrfx_twi_0_irq_handler
 .text.nrf_gpio_pin_port_decode
                0x0000000000005764       0x20 modules/hal_nordic/nrfx/libmodules__hal_nordic__nrfx.a(nrfx_twi_twim.c.obj)
 .text.nrfx_twi_twim_bus_recover
                0x0000000000005784       0xdc modules/hal_nordic/nrfx/libmodules__hal_nordic__nrfx.a(nrfx_twi_twim.c.obj)
                0x0000000000005784                nrfx_twi_twim_bus_recover
 .text._DoInit  0x0000000000005860       0x60 modules/segger/libmodules__segger.a(SEGGER_RTT.c.obj)
 .text.SEGGER_RTT_WriteSkipNoLock
                0x00000000000058c0       0x88 modules/segger/libmodules__segger.a(SEGGER_RTT.c.obj)
                0x00000000000058c0                SEGGER_RTT_WriteSkipNoLock
 .text.SEGGER_RTT_HasDataUp
                0x0000000000005948       0x14 modules/segger/libmodules__segger.a(SEGGER_RTT.c.obj)
                0x0000000000005948                SEGGER_RTT_HasDataUp
 .text.zephyr_rtt_mutex_lock
                0x000000000000595c       0x14 modules/segger/libmodules__segger.a(SEGGER_RTT_zephyr.c.obj)
                0x000000000000595c                zephyr_rtt_mutex_lock
 .text.zephyr_rtt_mutex_unlock
                0x0000000000005970        0xc modules/segger/libmodules__segger.a(SEGGER_RTT_zephyr.c.obj)
                0x0000000000005970                zephyr_rtt_mutex_unlock
 .text.fxls8974cf_channel_get
                0x000000000000597c       0x94 modules/drivers/sensor/fxls8974cf/lib..__..__..__projects__smart_ble_remote__drivers__sensor__fxls8974cf.a(fxls8974cf.c.obj)
 .text.fxls8974cf_init
                0x0000000000005a10       0xb4 modules/drivers/sensor/fxls8974cf/lib..__..__..__projects__smart_ble_remote__drivers__sensor__fxls8974cf.a(fxls8974cf.c.obj)
 .text.fxls8974cf_i2c_init
                0x0000000000005ac4       0x2c modules/drivers/sensor/fxls8974cf/lib..__..__..__projects__smart_ble_remote__drivers__sensor__fxls8974cf.a(fxls8974cf_i2c.c.obj)
                0x0000000000005ac4                fxls8974cf_i2c_init
 .text.kscan_sx1508_init
                0x0000000000005af0      0x2a8 modules/drivers/kscan/lib..__..__..__projects__smart_ble_remote__drivers__kscan.a(kscan_sx1508.c.obj)
 .text.sx1508_irq_thread
                0x0000000000005d98       0xe0 modules/drivers/kscan/lib..__..__..__projects__smart_ble_remote__drivers__kscan.a(kscan_sx1508.c.obj)
 .text.z_fatal_error
                0x0000000000005e78       0xe8 zephyr/kernel/libkernel.a(fatal.c.obj)
                0x0000000000005e78                z_fatal_error
 .text.z_sys_init_run_level
                0x0000000000005f60       0x48 zephyr/kernel/libkernel.a(init.c.obj)
 .text.bg_thread_main
                0x0000000000005fa8       0x34 zephyr/kernel/libkernel.a(init.c.obj)
 .text.z_bss_zero
                0x0000000000005fdc       0x18 zephyr/kernel/libkernel.a(init.c.obj)
                0x0000000000005fdc                z_bss_zero
 .text.z_init_cpu
                0x0000000000005ff4       0x8c zephyr/kernel/libkernel.a(init.c.obj)
                0x0000000000005ff4                z_init_cpu
 .text.z_cstart
                0x0000000000006080       0xe0 zephyr/kernel/libkernel.a(init.c.obj)
                0x0000000000006080                z_cstart
 .text.init_mem_slab_obj_core_list
                0x0000000000006160       0x24 zephyr/kernel/libkernel.a(mem_slab.c.obj)
 .text.k_mem_slab_alloc
                0x0000000000006184       0x5c zephyr/kernel/libkernel.a(mem_slab.c.obj)
                0x0000000000006184                k_mem_slab_alloc
 .text.z_setup_new_thread
                0x00000000000061e0       0x80 zephyr/kernel/libkernel.a(thread.c.obj)
                0x00000000000061e0                z_setup_new_thread
 .text.z_impl_k_thread_create
                0x0000000000006260       0x58 zephyr/kernel/libkernel.a(thread.c.obj)
                0x0000000000006260                z_impl_k_thread_create
 .text.z_init_static_threads
                0x00000000000062b8       0x98 zephyr/kernel/libkernel.a(thread.c.obj)
                0x00000000000062b8                z_init_static_threads
 .text.z_impl_k_mutex_unlock
                0x0000000000006350       0x78 zephyr/kernel/libkernel.a(mutex.c.obj)
                0x0000000000006350                z_impl_k_mutex_unlock
 .text.z_impl_k_mutex_lock
                0x00000000000063c8       0xf4 zephyr/kernel/libkernel.a(mutex.c.obj)
                0x00000000000063c8                z_impl_k_mutex_lock
 .text.z_impl_k_sem_give
                0x00000000000064bc       0x48 zephyr/kernel/libkernel.a(sem.c.obj)
                0x00000000000064bc                z_impl_k_sem_give
 .text.z_impl_k_sem_take
                0x0000000000006504       0x50 zephyr/kernel/libkernel.a(sem.c.obj)
                0x0000000000006504                z_impl_k_sem_take
 .text.z_impl_k_sem_reset
                0x0000000000006554       0x3c zephyr/kernel/libkernel.a(sem.c.obj)
                0x0000000000006554                z_impl_k_sem_reset
 .text.work_queue_main
                0x0000000000006590      0x138 zephyr/kernel/libkernel.a(work.c.obj)
 .text.submit_to_queue_locked
                0x00000000000066c8       0xb4 zephyr/kernel/libkernel.a(work.c.obj)
 .text.k_work_submit
                0x000000000000677c        0xc zephyr/kernel/libkernel.a(work.c.obj)
                0x000000000000677c                k_work_submit
 .text.k_work_queue_start
                0x0000000000006788       0x70 zephyr/kernel/libkernel.a(work.c.obj)
                0x0000000000006788                k_work_queue_start
 .text.sliceable
                0x00000000000067f8       0x3c zephyr/kernel/libkernel.a(sched.c.obj)
 .text.slice_timeout
                0x0000000000006834       0x20 zephyr/kernel/libkernel.a(sched.c.obj)
 .text.z_reset_time_slice
                0x0000000000006854       0x50 zephyr/kernel/libkernel.a(sched.c.obj)
                0x0000000000006854                z_reset_time_slice
 .text.update_cache
                0x00000000000068a4       0x3c zephyr/kernel/libkernel.a(sched.c.obj)
 .text.move_thread_to_end_of_prio_q
                0x00000000000068e0       0x74 zephyr/kernel/libkernel.a(sched.c.obj)
 .text.ready_thread
                0x0000000000006954       0x68 zephyr/kernel/libkernel.a(sched.c.obj)
 .text.unready_thread
                0x00000000000069bc       0x30 zephyr/kernel/libkernel.a(sched.c.obj)
 .text.pend_locked
                0x00000000000069ec       0x30 zephyr/kernel/libkernel.a(sched.c.obj)
 .text.z_thread_halt
                0x0000000000006a1c       0xa0 zephyr/kernel/libkernel.a(sched.c.obj)
 .text.z_time_slice
                0x0000000000006abc       0x60 zephyr/kernel/libkernel.a(sched.c.obj)
                0x0000000000006abc                z_time_slice
 .text.z_pend_curr
                0x0000000000006b1c       0x3c zephyr/kernel/libkernel.a(sched.c.obj)
                0x0000000000006b1c                z_pend_curr
 .text.z_set_prio
                0x0000000000006b58       0x8c zephyr/kernel/libkernel.a(sched.c.obj)
                0x0000000000006b58                z_set_prio
 .text.z_reschedule
                0x0000000000006be4       0x24 zephyr/kernel/libkernel.a(sched.c.obj)
                0x0000000000006be4                z_reschedule
 .text.z_sched_start
                0x0000000000006c08       0x3c zephyr/kernel/libkernel.a(sched.c.obj)
                0x0000000000006c08                z_sched_start
 .text.k_sched_lock
                0x0000000000006c44       0x28 zephyr/kernel/libkernel.a(sched.c.obj)
                0x0000000000006c44                k_sched_lock
 .text.k_sched_unlock
                0x0000000000006c6c       0x38 zephyr/kernel/libkernel.a(sched.c.obj)
                0x0000000000006c6c                k_sched_unlock
 .text.z_sched_init
                0x0000000000006ca4       0x10 zephyr/kernel/libkernel.a(sched.c.obj)
                0x0000000000006ca4                z_sched_init
 .text.z_impl_k_yield
                0x0000000000006cb4       0x7c zephyr/kernel/libkernel.a(sched.c.obj)
                0x0000000000006cb4                z_impl_k_yield
 .text.z_tick_sleep
                0x0000000000006d30       0x88 zephyr/kernel/libkernel.a(sched.c.obj)
 .text.z_impl_k_sleep
                0x0000000000006db8       0x34 zephyr/kernel/libkernel.a(sched.c.obj)
                0x0000000000006db8                z_impl_k_sleep
 .text.z_impl_k_sched_current_thread_query
                0x0000000000006dec        0xc zephyr/kernel/libkernel.a(sched.c.obj)
                0x0000000000006dec                z_impl_k_sched_current_thread_query
 .text.z_sched_wait
                0x0000000000006df8       0x24 zephyr/kernel/libkernel.a(sched.c.obj)
                0x0000000000006df8                z_sched_wait
 .text.z_data_copy
                0x0000000000006e1c       0x34 zephyr/kernel/libkernel.a(xip.c.obj)
                0x0000000000006e1c                z_data_copy
 .text.elapsed  0x0000000000006e50       0x14 zephyr/kernel/libkernel.a(timeout.c.obj)
 .text.next_timeout
                0x0000000000006e64       0x40 zephyr/kernel/libkernel.a(timeout.c.obj)
 .text.remove_timeout
                0x0000000000006ea4       0x38 zephyr/kernel/libkernel.a(timeout.c.obj)
 .text.z_add_timeout
                0x0000000000006edc       0xec zephyr/kernel/libkernel.a(timeout.c.obj)
                0x0000000000006edc                z_add_timeout
 .text.sys_clock_announce
                0x0000000000006fc8       0xd4 zephyr/kernel/libkernel.a(timeout.c.obj)
                0x0000000000006fc8                sys_clock_announce
 .text.sys_clock_tick_get
                0x000000000000709c       0x34 zephyr/kernel/libkernel.a(timeout.c.obj)
                0x000000000000709c                sys_clock_tick_get
 .text.z_timer_expiration_handler
                0x00000000000070d0       0xe4 zephyr/kernel/libkernel.a(timer.c.obj)
                0x00000000000070d0                z_timer_expiration_handler
 .text.z_impl_k_timer_start
                0x00000000000071b4       0x74 zephyr/kernel/libkernel.a(timer.c.obj)
                0x00000000000071b4                z_impl_k_timer_start
 .text.boot_banner
                0x0000000000007228        0xc zephyr/kernel/libkernel.a(banner.c.obj)
                0x0000000000007228                boot_banner
 .text.k_sys_work_q_init
                0x0000000000007234       0x34 zephyr/kernel/libkernel.a(system_work_q.c.obj)
 .text.nrf_cc3xx_platform_init_no_rng
                0x0000000000007268       0x38 C:/ncs/v2.6.0/nrfxlib/crypto/nrf_cc310_platform/lib/cortex-m4/soft-float/no-interrupts/libnrf_cc310_platform_0.9.19.a(nrf_cc3xx_platform.c.obj)
                0x0000000000007268                nrf_cc3xx_platform_init_no_rng
 .text.nrf_cc3xx_platform_abort
                0x00000000000072a0       0x24 C:/ncs/v2.6.0/nrfxlib/crypto/nrf_cc310_platform/lib/cortex-m4/soft-float/no-interrupts/libnrf_cc310_platform_0.9.19.a(nrf_cc3xx_platform_abort.c.obj)
 .text.CC_PalAbort
                0x00000000000072c4       0x34 C:/ncs/v2.6.0/nrfxlib/crypto/nrf_cc310_platform/lib/cortex-m4/soft-float/no-interrupts/libnrf_cc310_platform_0.9.19.a(nrf_cc3xx_platform_abort.c.obj)
                0x00000000000072c4                CC_PalAbort
 .text.nrf_cc3xx_platform_set_abort
                0x00000000000072f8       0x10 C:/ncs/v2.6.0/nrfxlib/crypto/nrf_cc310_platform/lib/cortex-m4/soft-float/no-interrupts/libnrf_cc310_platform_0.9.19.a(nrf_cc3xx_platform_abort.c.obj)
                0x00000000000072f8                nrf_cc3xx_platform_set_abort
 .text.mutex_free
                0x0000000000007308       0x34 C:/ncs/v2.6.0/nrfxlib/crypto/nrf_cc310_platform/lib/cortex-m4/soft-float/no-interrupts/libnrf_cc310_platform_0.9.19.a(nrf_cc3xx_platform_mutex.c.obj)
 .text.mutex_lock
                0x000000000000733c       0x48 C:/ncs/v2.6.0/nrfxlib/crypto/nrf_cc310_platform/lib/cortex-m4/soft-float/no-interrupts/libnrf_cc310_platform_0.9.19.a(nrf_cc3xx_platform_mutex.c.obj)
 .text.mutex_unlock
                0x0000000000007384       0x38 C:/ncs/v2.6.0/nrfxlib/crypto/nrf_cc310_platform/lib/cortex-m4/soft-float/no-interrupts/libnrf_cc310_platform_0.9.19.a(nrf_cc3xx_platform_mutex.c.obj)
 .text.mutex_init
                0x00000000000073bc       0x20 C:/ncs/v2.6.0/nrfxlib/crypto/nrf_cc310_platform/lib/cortex-m4/soft-float/no-interrupts/libnrf_cc310_platform_0.9.19.a(nrf_cc3xx_platform_mutex.c.obj)
 .text.nrf_cc3xx_platform_set_mutexes
                0x00000000000073dc       0x74 C:/ncs/v2.6.0/nrfxlib/crypto/nrf_cc310_platform/lib/cortex-m4/soft-float/no-interrupts/libnrf_cc310_platform_0.9.19.a(nrf_cc3xx_platform_mutex.c.obj)
                0x00000000000073dc                nrf_cc3xx_platform_set_mutexes
 .text.CC_LibInitNoRng
                0x0000000000007450       0x64 C:/ncs/v2.6.0/nrfxlib/crypto/nrf_cc310_platform/lib/cortex-m4/soft-float/no-interrupts/libnrf_cc310_platform_0.9.19.a(cc_lib.c.obj)
                0x0000000000007450                CC_LibInitNoRng
 .text.CC_HalInit
                0x00000000000074b4        0x4 C:/ncs/v2.6.0/nrfxlib/crypto/nrf_cc310_platform/lib/cortex-m4/soft-float/no-interrupts/libnrf_cc310_platform_0.9.19.a(cc_hal.c.obj)
                0x00000000000074b4                CC_HalInit
 .text.CC_HalTerminate
                0x00000000000074b8        0x4 C:/ncs/v2.6.0/nrfxlib/crypto/nrf_cc310_platform/lib/cortex-m4/soft-float/no-interrupts/libnrf_cc310_platform_0.9.19.a(cc_hal.c.obj)
                0x00000000000074b8                CC_HalTerminate
 .text.CC_HalMaskInterrupt
                0x00000000000074bc        0xc C:/ncs/v2.6.0/nrfxlib/crypto/nrf_cc310_platform/lib/cortex-m4/soft-float/no-interrupts/libnrf_cc310_platform_0.9.19.a(cc_hal.c.obj)
                0x00000000000074bc                CC_HalMaskInterrupt
 .text.CC_PalInit
                0x00000000000074c8       0x5c C:/ncs/v2.6.0/nrfxlib/crypto/nrf_cc310_platform/lib/cortex-m4/soft-float/no-interrupts/libnrf_cc310_platform_0.9.19.a(cc_pal.c.obj)
                0x00000000000074c8                CC_PalInit
 .text.CC_PalTerminate
                0x0000000000007524       0x34 C:/ncs/v2.6.0/nrfxlib/crypto/nrf_cc310_platform/lib/cortex-m4/soft-float/no-interrupts/libnrf_cc310_platform_0.9.19.a(cc_pal.c.obj)
                0x0000000000007524                CC_PalTerminate
 .text.CC_PalDmaInit
                0x0000000000007558        0x4 C:/ncs/v2.6.0/nrfxlib/crypto/nrf_cc310_platform/lib/cortex-m4/soft-float/no-interrupts/libnrf_cc310_platform_0.9.19.a(cc_pal_dma.c.obj)
                0x0000000000007558                CC_PalDmaInit
 .text.CC_PalDmaTerminate
                0x000000000000755c        0x4 C:/ncs/v2.6.0/nrfxlib/crypto/nrf_cc310_platform/lib/cortex-m4/soft-float/no-interrupts/libnrf_cc310_platform_0.9.19.a(cc_pal_dma.c.obj)
                0x000000000000755c                CC_PalDmaTerminate
 .text.CC_PalMutexCreate
                0x0000000000007560       0x14 C:/ncs/v2.6.0/nrfxlib/crypto/nrf_cc310_platform/lib/cortex-m4/soft-float/no-interrupts/libnrf_cc310_platform_0.9.19.a(cc_pal_mutex.c.obj)
                0x0000000000007560                CC_PalMutexCreate
 .text.CC_PalMutexDestroy
                0x0000000000007574       0x14 C:/ncs/v2.6.0/nrfxlib/crypto/nrf_cc310_platform/lib/cortex-m4/soft-float/no-interrupts/libnrf_cc310_platform_0.9.19.a(cc_pal_mutex.c.obj)
                0x0000000000007574                CC_PalMutexDestroy
 .text.CC_PalPowerSaveModeInit
                0x0000000000007588       0x3c C:/ncs/v2.6.0/nrfxlib/crypto/nrf_cc310_platform/lib/cortex-m4/soft-float/no-interrupts/libnrf_cc310_platform_0.9.19.a(cc_pal_pm.c.obj)
                0x0000000000007588                CC_PalPowerSaveModeInit
 .text.CC_PalPowerSaveModeSelect
                0x00000000000075c4       0x84 C:/ncs/v2.6.0/nrfxlib/crypto/nrf_cc310_platform/lib/cortex-m4/soft-float/no-interrupts/libnrf_cc310_platform_0.9.19.a(cc_pal_pm.c.obj)
                0x00000000000075c4                CC_PalPowerSaveModeSelect
 .text.puts     0x0000000000007648       0x40 c:\ncs\toolchains\cf2149caf2\opt\zephyr-sdk\arm-zephyr-eabi\bin\../lib/gcc/../../picolibc/arm-zephyr-eabi/lib/thumb/v7e-m/nofp\libc.a(libc_tinystdio_puts.c.o)
                0x0000000000007648                puts
 .text.snprintf
                0x0000000000007688       0x58 c:\ncs\toolchains\cf2149caf2\opt\zephyr-sdk\arm-zephyr-eabi\bin\../lib/gcc/../../picolibc/arm-zephyr-eabi/lib/thumb/v7e-m/nofp\libc.a(libc_tinystdio_snprintf.c.o)
                0x0000000000007688                snprintf
 .text.skip_to_arg
                0x00000000000076e0      0x138 c:\ncs\toolchains\cf2149caf2\opt\zephyr-sdk\arm-zephyr-eabi\bin\../lib/gcc/../../picolibc/arm-zephyr-eabi/lib/thumb/v7e-m/nofp\libc.a(libc_tinystdio_vfprintf.c.o)
 .text.vfprintf
                0x0000000000007818      0x9f8 c:\ncs\toolchains\cf2149caf2\opt\zephyr-sdk\arm-zephyr-eabi\bin\../lib/gcc/../../picolibc/arm-zephyr-eabi/lib/thumb/v7e-m/nofp\libc.a(libc_tinystdio_vfprintf.c.o)
                0x0000000000007818                __d_vfprintf
 .text.div10    0x0000000000008210       0x28 c:\ncs\toolchains\cf2149caf2\opt\zephyr-sdk\arm-zephyr-eabi\bin\../lib/gcc/../../picolibc/arm-zephyr-eabi/lib/thumb/v7e-m/nofp\libc.a(libc_tinystdio_dtoa_ryu.c.o)
 .text.__dtoa_engine
                0x0000000000008238      0x49c c:\ncs\toolchains\cf2149caf2\opt\zephyr-sdk\arm-zephyr-eabi\bin\../lib/gcc/../../picolibc/arm-zephyr-eabi/lib/thumb/v7e-m/nofp\libc.a(libc_tinystdio_dtoa_ryu.c.o)
                0x0000000000008238                __dtoa_engine
 .text.__log10Pow2
                0x00000000000086d4        0xc c:\ncs\toolchains\cf2149caf2\opt\zephyr-sdk\arm-zephyr-eabi\bin\../lib/gcc/../../picolibc/arm-zephyr-eabi/lib/thumb/v7e-m/nofp\libc.a(libc_tinystdio_ryu_log10.c.o)
                0x00000000000086d4                __log10Pow2
 .text.__log10Pow5
                0x00000000000086e0        0xc c:\ncs\toolchains\cf2149caf2\opt\zephyr-sdk\arm-zephyr-eabi\bin\../lib/gcc/../../picolibc/arm-zephyr-eabi/lib/thumb/v7e-m/nofp\libc.a(libc_tinystdio_ryu_log10.c.o)
                0x00000000000086e0                __log10Pow5
 .text.__pow5bits
                0x00000000000086ec       0x10 c:\ncs\toolchains\cf2149caf2\opt\zephyr-sdk\arm-zephyr-eabi\bin\../lib/gcc/../../picolibc/arm-zephyr-eabi/lib/thumb/v7e-m/nofp\libc.a(libc_tinystdio_ryu_pow5bits.c.o)
                0x00000000000086ec                __pow5bits
 .text.__pow5Factor
                0x00000000000086fc       0x30 c:\ncs\toolchains\cf2149caf2\opt\zephyr-sdk\arm-zephyr-eabi\bin\../lib/gcc/../../picolibc/arm-zephyr-eabi/lib/thumb/v7e-m/nofp\libc.a(libc_tinystdio_ryu_table.c.o)
                0x00000000000086fc                __pow5Factor
 .text.__double_computePow5
                0x000000000000872c       0xe8 c:\ncs\toolchains\cf2149caf2\opt\zephyr-sdk\arm-zephyr-eabi\bin\../lib/gcc/../../picolibc/arm-zephyr-eabi/lib/thumb/v7e-m/nofp\libc.a(libc_tinystdio_ryu_table.c.o)
                0x000000000000872c                __double_computePow5
 .text.__double_computeInvPow5
                0x0000000000008814       0xf8 c:\ncs\toolchains\cf2149caf2\opt\zephyr-sdk\arm-zephyr-eabi\bin\../lib/gcc/../../picolibc/arm-zephyr-eabi/lib/thumb/v7e-m/nofp\libc.a(libc_tinystdio_ryu_table.c.o)
                0x0000000000008814                __double_computeInvPow5
 .text._OffsetAbsSyms
                0x000000000000890c        0x2 zephyr/CMakeFiles/offsets.dir/./arch/arm/core/offsets/offsets.c.obj
                0x000000000000890c                _OffsetAbsSyms
 .text.cbpprintf_external
                0x000000000000890e       0x62 zephyr/libzephyr.a(cbprintf_packaged.c.obj)
                0x000000000000890e                cbpprintf_external
 .text.is_ptr   0x0000000000008970       0x4a zephyr/libzephyr.a(cbprintf_packaged.c.obj)
                0x0000000000008970                is_ptr
 .text.arch_printk_char_out
                0x00000000000089ba        0x4 zephyr/libzephyr.a(printk.c.obj)
                0x00000000000089ba                arch_printk_char_out
 .text.printk   0x00000000000089be       0x1a zephyr/libzephyr.a(printk.c.obj)
                0x00000000000089be                printk
 .text.chunk_size
                0x00000000000089d8        0xa zephyr/libzephyr.a(heap.c.obj)
 .text.free_list_add
                0x00000000000089e2       0x4e zephyr/libzephyr.a(heap.c.obj)
 .text.sys_heap_init
                0x0000000000008a30       0x7a zephyr/libzephyr.a(heap.c.obj)
                0x0000000000008a30                sys_heap_init
 .text.process_recheck
                0x0000000000008aaa       0x38 zephyr/libzephyr.a(onoff.c.obj)
 .text.validate_args
                0x0000000000008ae2       0x20 zephyr/libzephyr.a(onoff.c.obj)
 .text.notify_one
                0x0000000000008b02       0x2c zephyr/libzephyr.a(onoff.c.obj)
 .text.transition_complete
                0x0000000000008b2e       0x1c zephyr/libzephyr.a(onoff.c.obj)
 .text.onoff_manager_init
                0x0000000000008b4a       0x26 zephyr/libzephyr.a(onoff.c.obj)
                0x0000000000008b4a                onoff_manager_init
 .text.onoff_request
                0x0000000000008b70       0xb0 zephyr/libzephyr.a(onoff.c.obj)
                0x0000000000008b70                onoff_request
 .text.onoff_release
                0x0000000000008c20       0x4a zephyr/libzephyr.a(onoff.c.obj)
                0x0000000000008c20                onoff_release
 .text.sys_notify_validate
                0x0000000000008c6a       0x22 zephyr/libzephyr.a(notify.c.obj)
                0x0000000000008c6a                sys_notify_validate
 .text.sys_notify_finalize
                0x0000000000008c8c       0x1a zephyr/libzephyr.a(notify.c.obj)
                0x0000000000008c8c                sys_notify_finalize
 .text.free_space
                0x0000000000008ca6       0x26 zephyr/libzephyr.a(mpsc_pbuf.c.obj)
 .text.get_usage
                0x0000000000008ccc       0x22 zephyr/libzephyr.a(mpsc_pbuf.c.obj)
 .text.idx_inc  0x0000000000008cee       0x1c zephyr/libzephyr.a(mpsc_pbuf.c.obj)
 .text.rd_idx_inc
                0x0000000000008d0a       0x18 zephyr/libzephyr.a(mpsc_pbuf.c.obj)
 .text.add_skip_item
                0x0000000000008d22       0x3a zephyr/libzephyr.a(mpsc_pbuf.c.obj)
 .text.drop_item_locked
                0x0000000000008d5c       0xee zephyr/libzephyr.a(mpsc_pbuf.c.obj)
 .text.post_drop_action
                0x0000000000008e4a       0x36 zephyr/libzephyr.a(mpsc_pbuf.c.obj)
 .text.max_utilization_update
                0x0000000000008e80       0x1a zephyr/libzephyr.a(mpsc_pbuf.c.obj)
 .text.mpsc_pbuf_init
                0x0000000000008e9a       0x42 zephyr/libzephyr.a(mpsc_pbuf.c.obj)
                0x0000000000008e9a                mpsc_pbuf_init
 .text.mpsc_pbuf_alloc
                0x0000000000008edc       0xfc zephyr/libzephyr.a(mpsc_pbuf.c.obj)
                0x0000000000008edc                mpsc_pbuf_alloc
 .text.mpsc_pbuf_commit
                0x0000000000008fd8       0x40 zephyr/libzephyr.a(mpsc_pbuf.c.obj)
                0x0000000000008fd8                mpsc_pbuf_commit
 .text.mpsc_pbuf_claim
                0x0000000000009018       0xa4 zephyr/libzephyr.a(mpsc_pbuf.c.obj)
                0x0000000000009018                mpsc_pbuf_claim
 .text.mpsc_pbuf_free
                0x00000000000090bc       0x78 zephyr/libzephyr.a(mpsc_pbuf.c.obj)
                0x00000000000090bc                mpsc_pbuf_free
 .text.mpsc_pbuf_is_pending
                0x0000000000009134       0x1a zephyr/libzephyr.a(mpsc_pbuf.c.obj)
                0x0000000000009134                mpsc_pbuf_is_pending
 .text._ConfigAbsSyms
                0x000000000000914e        0x2 zephyr/libzephyr.a(configs.c.obj)
                0x000000000000914e                _ConfigAbsSyms
 .text.log_msg_generic_get_wlen
                0x0000000000009150       0x20 zephyr/libzephyr.a(log_core.c.obj)
 .text.dummy_timestamp
                0x0000000000009170        0x4 zephyr/libzephyr.a(log_core.c.obj)
 .text.default_get_timestamp
                0x0000000000009174        0x4 zephyr/libzephyr.a(log_core.c.obj)
 .text.atomic_inc
                0x0000000000009178       0x1a zephyr/libzephyr.a(log_core.c.obj)
 .text.z_log_vprintk
                0x0000000000009192       0x1c zephyr/libzephyr.a(log_core.c.obj)
                0x0000000000009192                z_log_vprintk
 .text.z_log_notify_drop
                0x00000000000091ae        0x6 zephyr/libzephyr.a(log_core.c.obj)
 .text.z_log_get_tag
                0x00000000000091b4        0x4 zephyr/libzephyr.a(log_core.c.obj)
                0x00000000000091b4                z_log_get_tag
 .text.z_cbprintf_cpy
                0x00000000000091b8       0x2c zephyr/libzephyr.a(log_msg.c.obj)
 .text.z_log_msg_finalize
                0x00000000000091e4       0x32 zephyr/libzephyr.a(log_msg.c.obj)
                0x00000000000091e4                z_log_msg_finalize
 .text.z_log_msg_simple_create
                0x0000000000009216       0x6e zephyr/libzephyr.a(log_msg.c.obj)
 .text.z_impl_z_log_msg_simple_create_0
                0x0000000000009284       0x12 zephyr/libzephyr.a(log_msg.c.obj)
                0x0000000000009284                z_impl_z_log_msg_simple_create_0
 .text.z_impl_z_log_msg_simple_create_1
                0x0000000000009296       0x14 zephyr/libzephyr.a(log_msg.c.obj)
                0x0000000000009296                z_impl_z_log_msg_simple_create_1
 .text.z_impl_z_log_msg_simple_create_2
                0x00000000000092aa       0x18 zephyr/libzephyr.a(log_msg.c.obj)
                0x00000000000092aa                z_impl_z_log_msg_simple_create_2
 .text.buffer_write
                0x00000000000092c2       0x1a zephyr/libzephyr.a(log_output.c.obj)
 .text.log_output_flush
                0x00000000000092dc       0x1a zephyr/libzephyr.a(log_output.c.obj)
                0x00000000000092dc                log_output_flush
 .text.out_func
                0x00000000000092f6       0x36 zephyr/libzephyr.a(log_output.c.obj)
 .text.cr_out_func
                0x000000000000932c       0x1c zephyr/libzephyr.a(log_output.c.obj)
 .text.format_set
                0x0000000000009348        0xc zephyr/libzephyr.a(log_backend_uart.c.obj)
 .text.log_backend_uart_init
                0x0000000000009354        0xc zephyr/libzephyr.a(log_backend_uart.c.obj)
 .text.panic    0x0000000000009360       0x10 zephyr/libzephyr.a(log_backend_uart.c.obj)
 .text.dropped  0x0000000000009370        0xa zephyr/libzephyr.a(log_backend_uart.c.obj)
 .text.process  0x000000000000937a       0x1e zephyr/libzephyr.a(log_backend_uart.c.obj)
 .text.abort_function
                0x0000000000009398        0x8 zephyr/libzephyr.a(nrf_cc3xx_platform_abort_zephyr.c.obj)
 .text.z_do_kernel_oops
                0x00000000000093a0        0x8 zephyr/arch/arch/arm/core/libarch__arm__core.a(fatal.c.obj)
                0x00000000000093a0                z_do_kernel_oops
 .text.z_arm_nmi
                0x00000000000093a8        0xe zephyr/arch/arch/arm/core/libarch__arm__core.a(nmi.c.obj)
                0x00000000000093a8                z_arm_nmi
 .text.z_log_msg_simple_create_0.constprop.0
                0x00000000000093b6        0x8 zephyr/arch/arch/arm/core/cortex_m/libarch__arm__core__cortex_m.a(fault.c.obj)
 .text.z_irq_spurious
                0x00000000000093be        0x8 zephyr/arch/arch/arm/core/cortex_m/libarch__arm__core__cortex_m.a(irq_manage.c.obj)
                0x00000000000093be                z_irq_spurious
 .text.size_to_mpu_rasr_size
                0x00000000000093c6       0x20 zephyr/arch/arch/arm/core/mpu/libarch__arm__core__mpu.a(arm_mpu.c.obj)
 .text.cbputc   0x00000000000093e6        0xc zephyr/lib/libc/picolibc/liblib__libc__picolibc.a(libc-hooks.c.obj)
 .text.picolibc_put
                0x00000000000093f2        0xa zephyr/lib/libc/picolibc/liblib__libc__picolibc.a(libc-hooks.c.obj)
 .text.get_status
                0x00000000000093fc       0x12 zephyr/drivers/clock_control/libdrivers__clock_control.a(clock_control_nrf.c.obj)
 .text.set_on_state
                0x000000000000940e       0x26 zephyr/drivers/clock_control/libdrivers__clock_control.a(clock_control_nrf.c.obj)
 .text.stop     0x0000000000009434       0x52 zephyr/drivers/clock_control/libdrivers__clock_control.a(clock_control_nrf.c.obj)
 .text.api_stop
                0x0000000000009486        0x6 zephyr/drivers/clock_control/libdrivers__clock_control.a(clock_control_nrf.c.obj)
 .text.async_start
                0x000000000000948c       0x5c zephyr/drivers/clock_control/libdrivers__clock_control.a(clock_control_nrf.c.obj)
 .text.api_start
                0x00000000000094e8        0xe zephyr/drivers/clock_control/libdrivers__clock_control.a(clock_control_nrf.c.obj)
 .text.onoff_started_callback
                0x00000000000094f6       0x12 zephyr/drivers/clock_control/libdrivers__clock_control.a(clock_control_nrf.c.obj)
 .text.lfclk_start
                0x0000000000009508        0x6 zephyr/drivers/clock_control/libdrivers__clock_control.a(clock_control_nrf.c.obj)
 .text.blocking_start_callback
                0x000000000000950e        0x6 zephyr/drivers/clock_control/libdrivers__clock_control.a(clock_control_nrf.c.obj)
 .text.lfclk_stop
                0x0000000000009514       0x10 zephyr/drivers/clock_control/libdrivers__clock_control.a(clock_control_nrf.c.obj)
 .text.timeout_handler
                0x0000000000009524        0x4 zephyr/drivers/clock_control/libdrivers__clock_control.a(nrf_clock_calibration.c.obj)
 .text.gpio_nrfx_port_get_raw
                0x0000000000009528        0xe zephyr/drivers/gpio/libdrivers__gpio.a(gpio_nrfx.c.obj)
 .text.gpio_nrfx_port_set_masked_raw
                0x0000000000009536       0x18 zephyr/drivers/gpio/libdrivers__gpio.a(gpio_nrfx.c.obj)
 .text.gpio_nrfx_port_set_bits_raw
                0x000000000000954e        0xc zephyr/drivers/gpio/libdrivers__gpio.a(gpio_nrfx.c.obj)
 .text.gpio_nrfx_port_clear_bits_raw
                0x000000000000955a        0xc zephyr/drivers/gpio/libdrivers__gpio.a(gpio_nrfx.c.obj)
 .text.gpio_nrfx_port_toggle_bits
                0x0000000000009566       0x1a zephyr/drivers/gpio/libdrivers__gpio.a(gpio_nrfx.c.obj)
 .text.gpio_nrfx_manage_callback
                0x0000000000009580       0x52 zephyr/drivers/gpio/libdrivers__gpio.a(gpio_nrfx.c.obj)
 .text.pinctrl_lookup_state
                0x00000000000095d2       0x26 zephyr/drivers/pinctrl/libdrivers__pinctrl.a(common.c.obj)
                0x00000000000095d2                pinctrl_lookup_state
 .text.uarte_nrfx_err_check
                0x00000000000095f8        0xe zephyr/drivers/serial/libdrivers__serial.a(uart_nrfx_uarte.c.obj)
 .text.uarte_nrfx_poll_in
                0x0000000000009606       0x28 zephyr/drivers/serial/libdrivers__serial.a(uart_nrfx_uarte.c.obj)
 .text.is_tx_ready.isra.0
                0x000000000000962e       0x20 zephyr/drivers/serial/libdrivers__serial.a(uart_nrfx_uarte.c.obj)
 .text.uarte_nrfx_isr_int
                0x000000000000964e       0x72 zephyr/drivers/serial/libdrivers__serial.a(uart_nrfx_uarte.c.obj)
 .text.event_clear
                0x00000000000096c0       0x18 zephyr/drivers/timer/libdrivers__timer.a(nrf_rtc_timer.c.obj)
 .text.sys_clock_cycle_get_32
                0x00000000000096d8        0x8 zephyr/drivers/timer/libdrivers__timer.a(nrf_rtc_timer.c.obj)
                0x00000000000096d8                sys_clock_cycle_get_32
 .text.hw_cc3xx_init_internal
                0x00000000000096e0        0x4 modules/nrf/drivers/hw_cc3xx/lib..__nrf__drivers__hw_cc3xx.a(hw_cc3xx.c.obj)
 .text.hw_cc3xx_init
                0x00000000000096e4       0x12 modules/nrf/drivers/hw_cc3xx/lib..__nrf__drivers__hw_cc3xx.a(hw_cc3xx.c.obj)
 .text.nrfx_isr
                0x00000000000096f6        0x2 modules/hal_nordic/nrfx/libmodules__hal_nordic__nrfx.a(nrfx_glue.c.obj)
                0x00000000000096f6                nrfx_isr
 .text.nrfx_busy_wait
                0x00000000000096f8        0x4 modules/hal_nordic/nrfx/libmodules__hal_nordic__nrfx.a(nrfx_glue.c.obj)
                0x00000000000096f8                nrfx_busy_wait
 .text.nrfx_gppi_channel_endpoints_setup
                0x00000000000096fc       0x14 modules/hal_nordic/nrfx/libmodules__hal_nordic__nrfx.a(nrfx_gppi_ppi.c.obj)
                0x00000000000096fc                nrfx_gppi_channel_endpoints_setup
 .text.nrfx_clock_stop
                0x0000000000009710        0x4 modules/hal_nordic/nrfx/libmodules__hal_nordic__nrfx.a(nrfx_clock.c.obj)
                0x0000000000009710                nrfx_clock_stop
 .text.nrf_gpio_reconfigure
                0x0000000000009714       0x92 modules/hal_nordic/nrfx/libmodules__hal_nordic__nrfx.a(nrfx_gpiote.c.obj)
 .text.nrf_gpio_cfg_sense_set
                0x00000000000097a6       0x1e modules/hal_nordic/nrfx/libmodules__hal_nordic__nrfx.a(nrfx_gpiote.c.obj)
 .text.pin_trigger_disable
                0x00000000000097c4       0x48 modules/hal_nordic/nrfx/libmodules__hal_nordic__nrfx.a(nrfx_gpiote.c.obj)
 .text.nrfx_gpiote_pin_uninit
                0x000000000000980c        0x4 modules/hal_nordic/nrfx/libmodules__hal_nordic__nrfx.a(nrfx_gpiote.c.obj)
                0x000000000000980c                nrfx_gpiote_pin_uninit
 .text.nrfx_gpiote_trigger_disable
                0x0000000000009810        0x4 modules/hal_nordic/nrfx/libmodules__hal_nordic__nrfx.a(nrfx_gpiote.c.obj)
                0x0000000000009810                nrfx_gpiote_trigger_disable
 .text.twi_transfer
                0x0000000000009814      0x130 modules/hal_nordic/nrfx/libmodules__hal_nordic__nrfx.a(nrfx_twi.c.obj)
 .text.nrf_gpio_pin_set
                0x0000000000009944       0x1a modules/hal_nordic/nrfx/libmodules__hal_nordic__nrfx.a(nrfx_twi_twim.c.obj)
 .text.SEGGER_RTT_Init
                0x000000000000995e        0x4 modules/segger/libmodules__segger.a(SEGGER_RTT.c.obj)
                0x000000000000995e                SEGGER_RTT_Init
 .text.rtt_init
                0x0000000000009962        0xa modules/segger/libmodules__segger.a(SEGGER_RTT_zephyr.c.obj)
 .text.sensor_comm_write.constprop.0
                0x000000000000996c       0x2e modules/drivers/sensor/fxls8974cf/lib..__..__..__projects__smart_ble_remote__drivers__sensor__fxls8974cf.a(fxls8974cf.c.obj)
 .text.set_mode
                0x000000000000999a       0x6c modules/drivers/sensor/fxls8974cf/lib..__..__..__projects__smart_ble_remote__drivers__sensor__fxls8974cf.a(fxls8974cf.c.obj)
                0x000000000000999a                set_mode
 .text.fxls8974cf_sample_fetch
                0x0000000000009a06       0x62 modules/drivers/sensor/fxls8974cf/lib..__..__..__projects__smart_ble_remote__drivers__sensor__fxls8974cf.a(fxls8974cf.c.obj)
 .text.i2c_transfer
                0x0000000000009a68        0xc modules/drivers/sensor/fxls8974cf/lib..__..__..__projects__smart_ble_remote__drivers__sensor__fxls8974cf.a(fxls8974cf_i2c.c.obj)
 .text.fxls8974cf_i2c_write_data
                0x0000000000009a74       0x34 modules/drivers/sensor/fxls8974cf/lib..__..__..__projects__smart_ble_remote__drivers__sensor__fxls8974cf.a(fxls8974cf_i2c.c.obj)
 .text.fxls8974cf_i2c_read_data
                0x0000000000009aa8       0x36 modules/drivers/sensor/fxls8974cf/lib..__..__..__projects__smart_ble_remote__drivers__sensor__fxls8974cf.a(fxls8974cf_i2c.c.obj)
 .text.fxls8974cf_i2c_write_reg
                0x0000000000009ade       0x2a modules/drivers/sensor/fxls8974cf/lib..__..__..__projects__smart_ble_remote__drivers__sensor__fxls8974cf.a(fxls8974cf_i2c.c.obj)
 .text.fxls8974cf_i2c_read_reg
                0x0000000000009b08       0x34 modules/drivers/sensor/fxls8974cf/lib..__..__..__projects__smart_ble_remote__drivers__sensor__fxls8974cf.a(fxls8974cf_i2c.c.obj)
 .text.fxls8974cf_i2c_update_reg
                0x0000000000009b3c       0x7a modules/drivers/sensor/fxls8974cf/lib..__..__..__projects__smart_ble_remote__drivers__sensor__fxls8974cf.a(fxls8974cf_i2c.c.obj)
 .text.z_impl_i2c_transfer
                0x0000000000009bb6        0xc modules/drivers/kscan/lib..__..__..__projects__smart_ble_remote__drivers__kscan.a(kscan_sx1508.c.obj)
 .text.sx1508_irq_callback
                0x0000000000009bc2        0x8 modules/drivers/kscan/lib..__..__..__projects__smart_ble_remote__drivers__kscan.a(kscan_sx1508.c.obj)
 .text.z_log_msg_simple_create_0.constprop.0
                0x0000000000009bca        0x8 modules/drivers/kscan/lib..__..__..__projects__smart_ble_remote__drivers__kscan.a(kscan_sx1508.c.obj)
 .text.i2c_write_dt.constprop.0
                0x0000000000009bd2       0x20 modules/drivers/kscan/lib..__..__..__projects__smart_ble_remote__drivers__kscan.a(kscan_sx1508.c.obj)
 .text.kscan_sx1508_config
                0x0000000000009bf2       0x24 modules/drivers/kscan/lib..__..__..__projects__smart_ble_remote__drivers__kscan.a(kscan_sx1508.c.obj)
 .text.find_zero_indexes
                0x0000000000009c16       0x2c modules/drivers/kscan/lib..__..__..__projects__smart_ble_remote__drivers__kscan.a(kscan_sx1508.c.obj)
                0x0000000000009c16                find_zero_indexes
 .text.z_impl_k_busy_wait
                0x0000000000009c42        0x8 zephyr/kernel/libkernel.a(busy_wait.c.obj)
                0x0000000000009c42                z_impl_k_busy_wait
 .text.z_device_state_init
                0x0000000000009c4a        0x2 zephyr/kernel/libkernel.a(device.c.obj)
                0x0000000000009c4a                z_device_state_init
 .text.z_device_is_ready
                0x0000000000009c4c       0x16 zephyr/kernel/libkernel.a(device.c.obj)
                0x0000000000009c4c                z_device_is_ready
 .text.z_early_memset
                0x0000000000009c62        0x4 zephyr/kernel/libkernel.a(init.c.obj)
                0x0000000000009c62                z_early_memset
 .text.z_early_memcpy
                0x0000000000009c66        0x4 zephyr/kernel/libkernel.a(init.c.obj)
                0x0000000000009c66                z_early_memcpy
 .text.create_free_list
                0x0000000000009c6a       0x2c zephyr/kernel/libkernel.a(mem_slab.c.obj)
 .text.k_mem_slab_init
                0x0000000000009c96       0x1c zephyr/kernel/libkernel.a(mem_slab.c.obj)
                0x0000000000009c96                k_mem_slab_init
 .text.k_mem_slab_free
                0x0000000000009cb2       0x4c zephyr/kernel/libkernel.a(mem_slab.c.obj)
                0x0000000000009cb2                k_mem_slab_free
 .text.k_is_in_isr
                0x0000000000009cfe        0xc zephyr/kernel/libkernel.a(thread.c.obj)
                0x0000000000009cfe                k_is_in_isr
 .text.z_impl_k_thread_name_set
                0x0000000000009d0a        0x6 zephyr/kernel/libkernel.a(thread.c.obj)
                0x0000000000009d0a                z_impl_k_thread_name_set
 .text.k_thread_name_get
                0x0000000000009d10        0x4 zephyr/kernel/libkernel.a(thread.c.obj)
                0x0000000000009d10                k_thread_name_get
 .text.z_impl_k_thread_start
                0x0000000000009d14        0x4 zephyr/kernel/libkernel.a(thread.c.obj)
                0x0000000000009d14                z_impl_k_thread_start
 .text.idle     0x0000000000009d18       0x18 zephyr/kernel/libkernel.a(idle.c.obj)
                0x0000000000009d18                idle
 .text.adjust_owner_prio.isra.0
                0x0000000000009d30       0x10 zephyr/kernel/libkernel.a(mutex.c.obj)
 .text.z_impl_k_mutex_init
                0x0000000000009d40        0xe zephyr/kernel/libkernel.a(mutex.c.obj)
                0x0000000000009d40                z_impl_k_mutex_init
 .text.z_impl_k_sem_init
                0x0000000000009d4e       0x18 zephyr/kernel/libkernel.a(sem.c.obj)
                0x0000000000009d4e                z_impl_k_sem_init
 .text.flag_test_and_clear
                0x0000000000009d66       0x16 zephyr/kernel/libkernel.a(work.c.obj)
 .text.notify_queue_locked.isra.0
                0x0000000000009d7c        0xe zephyr/kernel/libkernel.a(work.c.obj)
 .text.z_work_submit_to_queue
                0x0000000000009d8a       0x28 zephyr/kernel/libkernel.a(work.c.obj)
                0x0000000000009d8a                z_work_submit_to_queue
 .text.k_work_submit_to_queue
                0x0000000000009db2       0x22 zephyr/kernel/libkernel.a(work.c.obj)
                0x0000000000009db2                k_work_submit_to_queue
 .text.sys_dlist_remove
                0x0000000000009dd4       0x10 zephyr/kernel/libkernel.a(sched.c.obj)
 .text.unpend_thread_no_timeout
                0x0000000000009de4       0x14 zephyr/kernel/libkernel.a(sched.c.obj)
 .text.add_to_waitq_locked
                0x0000000000009df8       0x50 zephyr/kernel/libkernel.a(sched.c.obj)
 .text.z_ready_thread
                0x0000000000009e48       0x20 zephyr/kernel/libkernel.a(sched.c.obj)
                0x0000000000009e48                z_ready_thread
 .text.z_impl_k_thread_suspend
                0x0000000000009e68       0x36 zephyr/kernel/libkernel.a(sched.c.obj)
                0x0000000000009e68                z_impl_k_thread_suspend
 .text.z_unpend_thread_no_timeout
                0x0000000000009e9e       0x24 zephyr/kernel/libkernel.a(sched.c.obj)
                0x0000000000009e9e                z_unpend_thread_no_timeout
 .text.z_sched_wake_thread
                0x0000000000009ec2       0x44 zephyr/kernel/libkernel.a(sched.c.obj)
                0x0000000000009ec2                z_sched_wake_thread
 .text.z_thread_timeout
                0x0000000000009f06        0x8 zephyr/kernel/libkernel.a(sched.c.obj)
                0x0000000000009f06                z_thread_timeout
 .text.z_unpend1_no_timeout
                0x0000000000009f0e       0x2e zephyr/kernel/libkernel.a(sched.c.obj)
                0x0000000000009f0e                z_unpend1_no_timeout
 .text.z_unpend_first_thread
                0x0000000000009f3c       0x38 zephyr/kernel/libkernel.a(sched.c.obj)
                0x0000000000009f3c                z_unpend_first_thread
 .text.z_reschedule_irqlock
                0x0000000000009f74       0x18 zephyr/kernel/libkernel.a(sched.c.obj)
                0x0000000000009f74                z_reschedule_irqlock
 .text.z_reschedule_unlocked
                0x0000000000009f8c       0x14 zephyr/kernel/libkernel.a(sched.c.obj)
 .text.z_thread_abort
                0x0000000000009fa0       0x42 zephyr/kernel/libkernel.a(sched.c.obj)
                0x0000000000009fa0                z_thread_abort
 .text.z_sched_wake
                0x0000000000009fe2       0x46 zephyr/kernel/libkernel.a(sched.c.obj)
                0x0000000000009fe2                z_sched_wake
 .text.z_abort_timeout
                0x000000000000a028       0x2c zephyr/kernel/libkernel.a(timeout.c.obj)
                0x000000000000a028                z_abort_timeout
 .text.sys_clock_tick_get_32
                0x000000000000a054        0x8 zephyr/kernel/libkernel.a(timeout.c.obj)
                0x000000000000a054                sys_clock_tick_get_32
 .text.z_impl_k_uptime_ticks
                0x000000000000a05c        0x4 zephyr/kernel/libkernel.a(timeout.c.obj)
                0x000000000000a05c                z_impl_k_uptime_ticks
 .text.k_timer_init
                0x000000000000a060       0x18 zephyr/kernel/libkernel.a(timer.c.obj)
                0x000000000000a060                k_timer_init
 .text.z_impl_k_timer_stop
                0x000000000000a078       0x3a zephyr/kernel/libkernel.a(timer.c.obj)
                0x000000000000a078                z_impl_k_timer_stop
 .text.strnlen  0x000000000000a0b2       0x18 c:\ncs\toolchains\cf2149caf2\opt\zephyr-sdk\arm-zephyr-eabi\bin\../lib/gcc/../../picolibc/arm-zephyr-eabi/lib/thumb/v7e-m/nofp\libc.a(libc_string_strnlen.c.o)
                0x000000000000a0b2                strnlen
 .text.__ultoa_invert
                0x000000000000a0ca       0x50 c:\ncs\toolchains\cf2149caf2\opt\zephyr-sdk\arm-zephyr-eabi\bin\../lib/gcc/../../picolibc/arm-zephyr-eabi/lib/thumb/v7e-m/nofp\libc.a(libc_tinystdio_vfprintf.c.o)
 .text.mulShiftAll64
                0x000000000000a11a      0x176 c:\ncs\toolchains\cf2149caf2\opt\zephyr-sdk\arm-zephyr-eabi\bin\../lib/gcc/../../picolibc/arm-zephyr-eabi/lib/thumb/v7e-m/nofp\libc.a(libc_tinystdio_dtoa_ryu.c.o)
 .text.__umul128
                0x000000000000a290       0x36 c:\ncs\toolchains\cf2149caf2\opt\zephyr-sdk\arm-zephyr-eabi\bin\../lib/gcc/../../picolibc/arm-zephyr-eabi/lib/thumb/v7e-m/nofp\libc.a(libc_tinystdio_ryu_umul128.c.o)
                0x000000000000a290                __umul128
 .text.__shiftright128
                0x000000000000a2c6       0x3e c:\ncs\toolchains\cf2149caf2\opt\zephyr-sdk\arm-zephyr-eabi\bin\../lib/gcc/../../picolibc/arm-zephyr-eabi/lib/thumb/v7e-m/nofp\libc.a(libc_tinystdio_ryu_umul128.c.o)
                0x000000000000a2c6                __shiftright128
 .text.memcpy   0x000000000000a304       0x1c c:\ncs\toolchains\cf2149caf2\opt\zephyr-sdk\arm-zephyr-eabi\bin\../lib/gcc/../../picolibc/arm-zephyr-eabi/lib/thumb/v7e-m/nofp\libc.a(memcpy.c.o)
                0x000000000000a304                __aeabi_memcpy
                0x000000000000a304                __aeabi_memcpy4
                0x000000000000a304                __aeabi_memcpy8
                0x000000000000a304                memcpy
 .text.memset   0x000000000000a320       0x10 c:\ncs\toolchains\cf2149caf2\opt\zephyr-sdk\arm-zephyr-eabi\bin\../lib/gcc/../../picolibc/arm-zephyr-eabi/lib/thumb/v7e-m/nofp\libc.a(memset.c.o)
                0x000000000000a320                memset
 .text.__dtox_engine
                0x000000000000a330      0x17c c:\ncs\toolchains\cf2149caf2\opt\zephyr-sdk\arm-zephyr-eabi\bin\../lib/gcc/../../picolibc/arm-zephyr-eabi/lib/thumb/v7e-m/nofp\libc.a(libc_tinystdio_dtox_engine.c.o)
                0x000000000000a330                __dtox_engine
 .text.__file_str_put
                0x000000000000a4ac       0x10 c:\ncs\toolchains\cf2149caf2\opt\zephyr-sdk\arm-zephyr-eabi\bin\../lib/gcc/../../picolibc/arm-zephyr-eabi/lib/thumb/v7e-m/nofp\libc.a(libc_tinystdio_filestrput.c.o)
                0x000000000000a4ac                __file_str_put
 *(SORT_BY_ALIGNMENT(.TEXT.*))
 .TEXT.__aeabi_read_tp
                0x000000000000a4bc        0xc zephyr/arch/arch/arm/core/cortex_m/libarch__arm__core__cortex_m.a(__aeabi_read_tp.S.obj)
                0x000000000000a4bc                __aeabi_read_tp
 *(SORT_BY_ALIGNMENT(.gnu.linkonce.t.*))
 *(SORT_BY_ALIGNMENT(.glue_7t))
 .glue_7t       0x000000000000a4c8        0x0 linker stubs
 *(SORT_BY_ALIGNMENT(.glue_7))
 .glue_7        0x000000000000a4c8        0x0 linker stubs
 *(SORT_BY_ALIGNMENT(.vfp11_veneer))
 .vfp11_veneer  0x000000000000a4c8        0x0 linker stubs
 *(SORT_BY_ALIGNMENT(.v4_bx))
 .v4_bx         0x000000000000a4c8        0x0 linker stubs
                0x000000000000a4c8                . = ALIGN (0x4)
                0x000000000000a4c8                __text_region_end = .

.ARM.exidx      0x000000000000a4c8        0x8
                0x000000000000a4c8                __exidx_start = .
 *(SORT_BY_ALIGNMENT(.ARM.exidx*) SORT_BY_ALIGNMENT(gnu.linkonce.armexidx.*))
 .ARM.exidx     0x000000000000a4c8        0x8 c:/ncs/toolchains/cf2149caf2/opt/zephyr-sdk/arm-zephyr-eabi/bin/../lib/gcc/arm-zephyr-eabi/12.2.0/thumb/v7e-m/nofp\libgcc.a(_udivmoddi4.o)
 .ARM.exidx     0x000000000000a4d0        0x0 c:\ncs\toolchains\cf2149caf2\opt\zephyr-sdk\arm-zephyr-eabi\bin\../lib/gcc/../../picolibc/arm-zephyr-eabi/lib/thumb/v7e-m/nofp\libc.a(strlen.S.o)
                                          0x8 (size before relaxing)
                0x000000000000a4d0                __exidx_end = .
                0x000000000000a4d0                __rodata_region_start = .

initlevel       0x000000000000a4d0       0x90
                0x000000000000a4d0                __init_start = .
                0x000000000000a4d0                __init_EARLY_start = .
 *(SORT_BY_NAME(SORT_BY_ALIGNMENT(.z_init_EARLY?_*)))
 *(SORT_BY_NAME(SORT_BY_ALIGNMENT(.z_init_EARLY??_*)))
                0x000000000000a4d0                __init_PRE_KERNEL_1_start = .
 *(SORT_BY_NAME(SORT_BY_ALIGNMENT(.z_init_PRE_KERNEL_1?_*)))
 .z_init_PRE_KERNEL_10_0_
                0x000000000000a4d0        0x8 zephyr/soc/soc/arm/nordic_nrf/libsoc__arm__nordic_nrf.a(soc.c.obj)
 *(SORT_BY_NAME(SORT_BY_ALIGNMENT(.z_init_PRE_KERNEL_1??_*)))
 .z_init_PRE_KERNEL_130_00075_
                0x000000000000a4d8        0x8 zephyr/drivers/clock_control/libdrivers__clock_control.a(clock_control_nrf.c.obj)
 .z_init_PRE_KERNEL_130_0_
                0x000000000000a4e0        0x8 modules/segger/libmodules__segger.a(SEGGER_RTT_zephyr.c.obj)
 .z_init_PRE_KERNEL_130_0_
                0x000000000000a4e8        0x8 zephyr/kernel/libkernel.a(mem_slab.c.obj)
 .z_init_PRE_KERNEL_140_00011_
                0x000000000000a4f0        0x8 zephyr/drivers/gpio/libdrivers__gpio.a(gpio_nrfx.c.obj)
 .z_init_PRE_KERNEL_140_00104_
                0x000000000000a4f8        0x8 zephyr/drivers/gpio/libdrivers__gpio.a(gpio_nrfx.c.obj)
 .z_init_PRE_KERNEL_140_0_
                0x000000000000a500        0x8 modules/nrf/drivers/hw_cc3xx/lib..__nrf__drivers__hw_cc3xx.a(hw_cc3xx.c.obj)
 .z_init_PRE_KERNEL_155_00112_
                0x000000000000a508        0x8 zephyr/drivers/serial/libdrivers__serial.a(uart_nrfx_uarte.c.obj)
 .z_init_PRE_KERNEL_160_0_
                0x000000000000a510        0x8 zephyr/drivers/console/libdrivers__console.a(uart_console.c.obj)
                0x000000000000a518                __init_PRE_KERNEL_2_start = .
 *(SORT_BY_NAME(SORT_BY_ALIGNMENT(.z_init_PRE_KERNEL_2?_*)))
 .z_init_PRE_KERNEL_20_0_
                0x000000000000a518        0x8 zephyr/drivers/timer/libdrivers__timer.a(nrf_rtc_timer.c.obj)
 *(SORT_BY_NAME(SORT_BY_ALIGNMENT(.z_init_PRE_KERNEL_2??_*)))
                0x000000000000a520                __init_POST_KERNEL_start = .
 *(SORT_BY_NAME(SORT_BY_ALIGNMENT(.z_init_POST_KERNEL?_*)))
 .z_init_POST_KERNEL0_0_
                0x000000000000a520        0x8 zephyr/libzephyr.a(log_core.c.obj)
 *(SORT_BY_NAME(SORT_BY_ALIGNMENT(.z_init_POST_KERNEL??_*)))
 .z_init_POST_KERNEL40_0_
                0x000000000000a528        0x8 zephyr/lib/libc/common/liblib__libc__common.a(malloc.c.obj)
 .z_init_POST_KERNEL40_0_
                0x000000000000a530        0x8 modules/nrf/drivers/hw_cc3xx/lib..__nrf__drivers__hw_cc3xx.a(hw_cc3xx.c.obj)
 .z_init_POST_KERNEL40_0_
                0x000000000000a538        0x8 zephyr/kernel/libkernel.a(system_work_q.c.obj)
 .z_init_POST_KERNEL50_00124_
                0x000000000000a540        0x8 zephyr/drivers/i2c/libdrivers__i2c.a(i2c_nrfx_twi.c.obj)
 .z_init_POST_KERNEL90_00106_
                0x000000000000a548        0x8 zephyr/drivers/sensor/nrf5/libdrivers__sensor__nrf5.a(temp_nrf5.c.obj)
 .z_init_POST_KERNEL90_00125_
                0x000000000000a550        0x8 modules/drivers/sensor/fxls8974cf/lib..__..__..__projects__smart_ble_remote__drivers__sensor__fxls8974cf.a(fxls8974cf.c.obj)
 .z_init_POST_KERNEL90_00126_
                0x000000000000a558        0x8 modules/drivers/kscan/lib..__..__..__projects__smart_ble_remote__drivers__kscan.a(kscan_sx1508.c.obj)
                0x000000000000a560                __init_APPLICATION_start = .
 *(SORT_BY_NAME(SORT_BY_ALIGNMENT(.z_init_APPLICATION?_*)))
 *(SORT_BY_NAME(SORT_BY_ALIGNMENT(.z_init_APPLICATION??_*)))
                0x000000000000a560                __init_SMP_start = .
 *(SORT_BY_NAME(SORT_BY_ALIGNMENT(.z_init_SMP?_*)))
 *(SORT_BY_NAME(SORT_BY_ALIGNMENT(.z_init_SMP??_*)))
                0x000000000000a560                __init_end = .

device_area     0x000000000000a560       0xa0
                0x000000000000a560                _device_list_start = .
 *(SORT_BY_NAME(SORT_BY_ALIGNMENT(._device.static.*_?_*)))
 *(SORT_BY_NAME(SORT_BY_ALIGNMENT(._device.static.*_??_*)))
 ._device.static.1_30_
                0x000000000000a560       0x14 zephyr/drivers/clock_control/libdrivers__clock_control.a(clock_control_nrf.c.obj)
                0x000000000000a560                __device_dts_ord_75
 ._device.static.1_40_
                0x000000000000a574       0x28 zephyr/drivers/gpio/libdrivers__gpio.a(gpio_nrfx.c.obj)
                0x000000000000a574                __device_dts_ord_104
                0x000000000000a588                __device_dts_ord_11
 ._device.static.1_55_
                0x000000000000a59c       0x14 zephyr/drivers/serial/libdrivers__serial.a(uart_nrfx_uarte.c.obj)
                0x000000000000a59c                __device_dts_ord_112
 ._device.static.3_50_