Archive member included to satisfy reference by file (symbol)

app/libapp.a(main.c.obj)      (--whole-archive)
zephyr/libzephyr.a(cbprintf_packaged.c.obj)
                              (--whole-archive)
zephyr/libzephyr.a(dec.c.obj)
                              (--whole-archive)
zephyr/libzephyr.a(fdtable.c.obj)
                              (--whole-archive)
zephyr/libzephyr.a(hex.c.obj)
                              (--whole-archive)
zephyr/libzephyr.a(printk.c.obj)
                              (--whole-archive)
zephyr/libzephyr.a(rb.c.obj)  (--whole-archive)
zephyr/libzephyr.a(sem.c.obj)
                              (--whole-archive)
zephyr/libzephyr.a(thread_entry.c.obj)
                              (--whole-archive)
zephyr/libzephyr.a(timeutil.c.obj)
                              (--whole-archive)
zephyr/libzephyr.a(heap.c.obj)
                              (--whole-archive)
zephyr/libzephyr.a(heap-validate.c.obj)
                              (--whole-archive)
zephyr/libzephyr.a(bitarray.c.obj)
                              (--whole-archive)
zephyr/libzephyr.a(multi_heap.c.obj)
                              (--whole-archive)
zephyr/libzephyr.a(onoff.c.obj)
                              (--whole-archive)
zephyr/libzephyr.a(notify.c.obj)
                              (--whole-archive)
zephyr/libzephyr.a(cbprintf_complete.c.obj)
                              (--whole-archive)
zephyr/libzephyr.a(assert.c.obj)
                              (--whole-archive)
zephyr/libzephyr.a(mpsc_pbuf.c.obj)
                              (--whole-archive)
zephyr/libzephyr.a(reboot.c.obj)
                              (--whole-archive)
zephyr/libzephyr.a(configs.c.obj)
                              (--whole-archive)
zephyr/libzephyr.a(soc_nrf_common.S.obj)
                              (--whole-archive)
zephyr/libzephyr.a(validate_base_addresses.c.obj)
                              (--whole-archive)
zephyr/libzephyr.a(validate_enabled_instances.c.obj)
                              (--whole-archive)
zephyr/libzephyr.a(log_core.c.obj)
                              (--whole-archive)
zephyr/libzephyr.a(log_mgmt.c.obj)
                              (--whole-archive)
zephyr/libzephyr.a(log_cache.c.obj)
                              (--whole-archive)
zephyr/libzephyr.a(log_msg.c.obj)
                              (--whole-archive)
zephyr/libzephyr.a(tracing_none.c.obj)
                              (--whole-archive)
zephyr/libzephyr.a(nrf_cc3xx_platform_abort_zephyr.c.obj)
                              (--whole-archive)
zephyr/libzephyr.a(nrf_cc3xx_platform_mutex_zephyr.c.obj)
                              (--whole-archive)
zephyr/arch/common/libarch__common.a(sw_isr_common.c.obj)
                              (--whole-archive)
zephyr/arch/arch/arm/core/aarch32/libarch__arm__core__aarch32.a(cpu_idle.S.obj)
                              (--whole-archive)
zephyr/arch/arch/arm/core/aarch32/libarch__arm__core__aarch32.a(fatal.c.obj)
                              (--whole-archive)
zephyr/arch/arch/arm/core/aarch32/libarch__arm__core__aarch32.a(irq_manage.c.obj)
                              (--whole-archive)
zephyr/arch/arch/arm/core/aarch32/libarch__arm__core__aarch32.a(nmi.c.obj)
                              (--whole-archive)
zephyr/arch/arch/arm/core/aarch32/libarch__arm__core__aarch32.a(nmi_on_reset.S.obj)
                              (--whole-archive)
zephyr/arch/arch/arm/core/aarch32/libarch__arm__core__aarch32.a(prep_c.c.obj)
                              (--whole-archive)
zephyr/arch/arch/arm/core/aarch32/libarch__arm__core__aarch32.a(swap.c.obj)
                              (--whole-archive)
zephyr/arch/arch/arm/core/aarch32/libarch__arm__core__aarch32.a(swap_helper.S.obj)
                              (--whole-archive)
zephyr/arch/arch/arm/core/aarch32/libarch__arm__core__aarch32.a(thread.c.obj)
                              (--whole-archive)
zephyr/arch/arch/arm/core/aarch32/libarch__arm__core__aarch32.a(isr_wrapper.S.obj)
                              (--whole-archive)
zephyr/arch/arch/arm/core/aarch32/libarch__arm__core__aarch32.a(tls.c.obj)
                              (--whole-archive)
zephyr/arch/arch/arm/core/aarch32/cortex_m/libarch__arm__core__aarch32__cortex_m.a(exc_exit.S.obj)
                              (--whole-archive)
zephyr/arch/arch/arm/core/aarch32/cortex_m/libarch__arm__core__aarch32__cortex_m.a(fault.c.obj)
                              (--whole-archive)
zephyr/arch/arch/arm/core/aarch32/cortex_m/libarch__arm__core__aarch32__cortex_m.a(fault_s.S.obj)
                              (--whole-archive)
zephyr/arch/arch/arm/core/aarch32/cortex_m/libarch__arm__core__aarch32__cortex_m.a(fpu.c.obj)
                              (--whole-archive)
zephyr/arch/arch/arm/core/aarch32/cortex_m/libarch__arm__core__aarch32__cortex_m.a(irq_init.c.obj)
                              (--whole-archive)
zephyr/arch/arch/arm/core/aarch32/cortex_m/libarch__arm__core__aarch32__cortex_m.a(reset.S.obj)
[...]
Memory Configuration

Name             Origin             Length             Attributes
FLASH            0x0000000000000000 0x0000000000100000 xr
RAM              0x0000000020000000 0x0000000000040000 xw
IDT_LIST         0x00000000fffff7ff 0x0000000000000800 xw
*default*        0x0000000000000000 0xffffffffffffffff

Linker script and memory map

                0x0000000000000000                vfprintf = __d_vfprintf
                0x0000000000000000                vfscanf = __d_vfscanf
LOAD zephyr/CMakeFiles/zephyr_pre0.dir/misc/empty_file.c.obj
LOAD app/libapp.a
LOAD zephyr/libzephyr.a
LOAD zephyr/arch/common/libarch__common.a
LOAD zephyr/arch/arch/arm/core/aarch32/libarch__arm__core__aarch32.a
LOAD zephyr/arch/arch/arm/core/aarch32/cortex_m/libarch__arm__core__aarch32__cortex_m.a
LOAD zephyr/arch/arch/arm/core/aarch32/mpu/libarch__arm__core__aarch32__mpu.a
LOAD zephyr/lib/libc/picolibc/liblib__libc__picolibc.a
LOAD zephyr/lib/libc/common/liblib__libc__common.a
LOAD zephyr/soc/soc/arm/common/cortex_m/libsoc__arm__common__cortex_m.a
LOAD zephyr/soc/soc/arm/nordic_nrf/nrf52/libsoc__arm__nordic_nrf__nrf52.a
LOAD zephyr/drivers/clock_control/libdrivers__clock_control.a
LOAD zephyr/drivers/gpio/libdrivers__gpio.a
LOAD zephyr/drivers/i2c/libdrivers__i2c.a
LOAD zephyr/drivers/kscan/libdrivers__kscan.a
LOAD zephyr/drivers/sensor/nrf5/libdrivers__sensor__nrf5.a
LOAD zephyr/drivers/serial/libdrivers__serial.a
LOAD zephyr/drivers/timer/libdrivers__timer.a
LOAD modules/nrf/lib/dk_buttons_and_leds/lib..__nrf__lib__dk_buttons_and_leds.a
LOAD modules/nrf/lib/fatal_error/lib..__nrf__lib__fatal_error.a
LOAD modules/nrf/drivers/hw_cc310/lib..__nrf__drivers__hw_cc310.a
LOAD modules/hal_nordic/nrfx/libmodules__hal_nordic__nrfx.a
LOAD zephyr/kernel/libkernel.a
LOAD zephyr/CMakeFiles/offsets.dir/./arch/arm/core/offsets/offsets.c.obj
LOAD c:/ncs/toolchains/c57af46cb7/opt/zephyr-sdk/arm-zephyr-eabi/bin/../lib/gcc/arm-zephyr-eabi/12.2.0/thumb/v7e-m/nofp\libgcc.a
LOAD zephyr/arch/common/libisr_tables.a
LOAD C:/ncs/v2.5.0/nrfxlib/crypto/nrf_cc310_platform/lib/cortex-m4/soft-float/no-interrupts/libnrf_cc310_platform_0.9.18.a
LOAD c:\ncs\toolchains\c57af46cb7\opt\zephyr-sdk\arm-zephyr-eabi\bin\../lib/gcc/../../picolibc/arm-zephyr-eabi/lib/thumb/v7e-m/nofp\libc.a
LOAD c:/ncs/toolchains/c57af46cb7/opt/zephyr-sdk/arm-zephyr-eabi/bin/../lib/gcc/arm-zephyr-eabi/12.2.0/thumb/v7e-m/nofp\libgcc.a
                0x0000000000000020                _region_min_align = 0x20

.rel.plt        0x0000000000000000        0x0
 *(SORT_BY_ALIGNMENT(.rel.plt))
                [!provide]                        PROVIDE (__rel_iplt_start = .)
 *(SORT_BY_ALIGNMENT(.rel.iplt))
 .rel.iplt      0x0000000000000000        0x0 app/libapp.a(main.c.obj)
                [!provide]                        PROVIDE (__rel_iplt_end = .)

.rela.plt       0x0000000000000000        0x0
 *(SORT_BY_ALIGNMENT(.rela.plt))
                [!provide]                        PROVIDE (__rela_iplt_start = .)
 *(SORT_BY_ALIGNMENT(.rela.iplt))
                [!provide]                        PROVIDE (__rela_iplt_end = .)

.rel.dyn
 *(SORT_BY_ALIGNMENT(.rel.*))

.rela.dyn
 *(SORT_BY_ALIGNMENT(.rela.*))

/DISCARD/
 *(SORT_BY_ALIGNMENT(.plt))

/DISCARD/
 *(SORT_BY_ALIGNMENT(.iplt))
                0x0000000000000000                __rom_region_start = 0x0

rom_start       0x0000000000000000      0x100
                0x0000000000000000                __rom_start_address = .
                0x0000000000000000                . = (. + (0x0 - (. - __rom_start_address)))
                0x0000000000000000                . = ALIGN (0x4)
                0x0000000000000000                . = ALIGN (0x80)
                0x0000000000000000                . = ALIGN (0x100)
                0x0000000000000000                _vector_start = .
 *(SORT_BY_ALIGNMENT(.exc_vector_table))
 *(SORT_BY_ALIGNMENT(.exc_vector_table.*))
 .exc_vector_table._vector_table_section
                0x0000000000000000       0x40 zephyr/arch/arch/arm/core/aarch32/cortex_m/libarch__arm__core__aarch32__cortex_m.a(vector_table.S.obj)
                0x0000000000000000                _vector_table
 *(SORT_BY_ALIGNMENT(.vectors))
                0x0000000000000100                _vector_end = .
                0x0000000000000040                . = ALIGN (0x4)
 *(SORT_BY_ALIGNMENT(.gnu.linkonce.irq_vector_table*))
 .gnu.linkonce.irq_vector_table
                0x0000000000000040       0xc0 zephyr/arch/common/libisr_tables.a(isr_tables.c.obj)
                0x0000000000000040                _irq_vector_table
                0x0000000000000100                _vector_end = .

text            0x0000000000000100     0x7734
                0x0000000000000100                __text_region_start = .
 *(SORT_BY_ALIGNMENT(.text))
 .text          0x0000000000000100       0x30 c:/ncs/toolchains/c57af46cb7/opt/zephyr-sdk/arm-zephyr-eabi/bin/../lib/gcc/arm-zephyr-eabi/12.2.0/thumb/v7e-m/nofp\libgcc.a(_aeabi_uldivmod.o)
                0x0000000000000100                __aeabi_uldivmod
 .text          0x0000000000000130        0x4 c:/ncs/toolchains/c57af46cb7/opt/zephyr-sdk/arm-zephyr-eabi/bin/../lib/gcc/arm-zephyr-eabi/12.2.0/thumb/v7e-m/nofp\libgcc.a(_dvmd_tls.o)
                0x0000000000000130                __aeabi_idiv0
                0x0000000000000130                __aeabi_ldiv0
 .text          0x0000000000000134      0x2a0 c:/ncs/toolchains/c57af46cb7/opt/zephyr-sdk/arm-zephyr-eabi/bin/../lib/gcc/arm-zephyr-eabi/12.2.0/thumb/v7e-m/nofp\libgcc.a(_udivmoddi4.o)
                0x0000000000000134                __udivmoddi4
 .text          0x00000000000003d4       0x10 c:\ncs\toolchains\c57af46cb7\opt\zephyr-sdk\arm-zephyr-eabi\bin\../lib/gcc/../../picolibc/arm-zephyr-eabi/lib/thumb/v7e-m/nofp\libc.a(strlen.S.o)
                0x00000000000003d4                strlen
 *(SORT_BY_ALIGNMENT(.text.*))
 .text.keyscan_callback
                0x00000000000003e4       0x28 app/libapp.a(main.c.obj)
                0x00000000000003e4                keyscan_callback
 .text.main     0x000000000000040c       0x58 app/libapp.a(main.c.obj)
                0x000000000000040c                main
 .text.cbvprintf_package
                0x0000000000000464      0x3a4 zephyr/libzephyr.a(cbprintf_packaged.c.obj)
                0x0000000000000464                cbvprintf_package
 .text.cbprintf_package_convert
                0x0000000000000808      0x3b0 zephyr/libzephyr.a(cbprintf_packaged.c.obj)
                0x0000000000000808                cbprintf_package_convert
 .text.z_thread_entry
                0x0000000000000bb8       0x34 zephyr/libzephyr.a(thread_entry.c.obj)
                0x0000000000000bb8                z_thread_entry
 .text.process_event
                0x0000000000000bec      0x21c zephyr/libzephyr.a(onoff.c.obj)
 .text.sys_reboot
                0x0000000000000e08       0x30 zephyr/libzephyr.a(reboot.c.obj)
                0x0000000000000e08                sys_reboot
 .text.z_arm_platform_init
                0x0000000000000e38        0x4 zephyr/libzephyr.a(soc_nrf_common.S.obj)
                0x0000000000000e38                z_arm_platform_init
 .text.activate_foreach_backend
                0x0000000000000e3c       0x64 zephyr/libzephyr.a(log_core.c.obj)
 .text.enable_logger
                0x0000000000000ea0       0x5c zephyr/libzephyr.a(log_core.c.obj)
 .text.log_process_thread_timer_expiry_fn
                0x0000000000000efc        0xc zephyr/libzephyr.a(log_core.c.obj)
 .text.z_log_init
                0x0000000000000f08       0x90 zephyr/libzephyr.a(log_core.c.obj)
 .text.z_log_notify_backend_enabled
                0x0000000000000f98       0x1c zephyr/libzephyr.a(log_core.c.obj)
                0x0000000000000f98                z_log_notify_backend_enabled
 .text.z_log_dropped
                0x0000000000000fb4       0x30 zephyr/libzephyr.a(log_core.c.obj)
                0x0000000000000fb4                z_log_dropped
 .text.z_log_dropped_read_and_clear
                0x0000000000000fe4       0x20 zephyr/libzephyr.a(log_core.c.obj)
                0x0000000000000fe4                z_log_dropped_read_and_clear
 .text.dropped_notify
                0x0000000000001004       0x30 zephyr/libzephyr.a(log_core.c.obj)
                0x0000000000001004                dropped_notify
 .text.z_log_msg_init
                0x0000000000001034       0x20 zephyr/libzephyr.a(log_core.c.obj)
                0x0000000000001034                z_log_msg_init
 .text.log_core_init
                0x0000000000001054       0x2c zephyr/libzephyr.a(log_core.c.obj)
                0x0000000000001054                log_core_init
 .text.z_log_msg_alloc
                0x0000000000001080       0x10 zephyr/libzephyr.a(log_core.c.obj)
                0x0000000000001080                z_log_msg_alloc
 .text.z_log_msg_local_claim
                0x0000000000001090        0xc zephyr/libzephyr.a(log_core.c.obj)
                0x0000000000001090                z_log_msg_local_claim
 .text.z_log_msg_free
                0x000000000000109c       0x10 zephyr/libzephyr.a(log_core.c.obj)
                0x000000000000109c                z_log_msg_free
 .text.z_log_msg_pending
                0x00000000000010ac        0xc zephyr/libzephyr.a(log_core.c.obj)
                0x00000000000010ac                z_log_msg_pending
 .text.z_impl_log_process
                0x00000000000010b8       0xbc zephyr/libzephyr.a(log_core.c.obj)
                0x00000000000010b8                z_impl_log_process
 .text.z_impl_log_panic
                0x0000000000001174       0x44 zephyr/libzephyr.a(log_core.c.obj)
                0x0000000000001174                z_impl_log_panic
 .text.log_process_thread_func
                0x00000000000011b8       0xa4 zephyr/libzephyr.a(log_core.c.obj)
 .text.z_log_msg_post_finalize
                0x000000000000125c       0x78 zephyr/libzephyr.a(log_core.c.obj)
 .text.z_log_msg_commit
                0x00000000000012d4       0x24 zephyr/libzephyr.a(log_core.c.obj)
                0x00000000000012d4                z_log_msg_commit
 .text.log_backend_enable
                0x00000000000012f8       0x28 zephyr/libzephyr.a(log_mgmt.c.obj)
                0x00000000000012f8                log_backend_enable
 .text.z_impl_z_log_msg_static_create
                0x0000000000001320      0x108 zephyr/libzephyr.a(log_msg.c.obj)
                0x0000000000001320                z_impl_z_log_msg_static_create
 .text.z_impl_z_log_msg_runtime_vcreate
                0x0000000000001428       0x8c zephyr/libzephyr.a(log_msg.c.obj)
                0x0000000000001428                z_impl_z_log_msg_runtime_vcreate
 .text.nrf_cc3xx_platform_abort_init
                0x00000000000014b4        0xc zephyr/libzephyr.a(nrf_cc3xx_platform_abort_zephyr.c.obj)
                0x00000000000014b4                nrf_cc3xx_platform_abort_init
 .text.mutex_free_platform
                0x00000000000014c0       0x54 zephyr/libzephyr.a(nrf_cc3xx_platform_mutex_zephyr.c.obj)
 .text.mutex_lock_platform
                0x0000000000001514       0x60 zephyr/libzephyr.a(nrf_cc3xx_platform_mutex_zephyr.c.obj)
 .text.mutex_unlock_platform
                0x0000000000001574       0x58 zephyr/libzephyr.a(nrf_cc3xx_platform_mutex_zephyr.c.obj)
 .text.mutex_init_platform
                0x00000000000015cc       0x94 zephyr/libzephyr.a(nrf_cc3xx_platform_mutex_zephyr.c.obj)
 .text.nrf_cc3xx_platform_mutex_init
                0x0000000000001660       0x2c zephyr/libzephyr.a(nrf_cc3xx_platform_mutex_zephyr.c.obj)
                0x0000000000001660                nrf_cc3xx_platform_mutex_init
 .text.z_arm_cpu_idle_init
                0x000000000000168c        0xc zephyr/arch/arch/arm/core/aarch32/libarch__arm__core__aarch32.a(cpu_idle.S.obj)
                0x000000000000168c                z_arm_cpu_idle_init
 .text.arch_cpu_idle
                0x0000000000001698       0x1c zephyr/arch/arch/arm/core/aarch32/libarch__arm__core__aarch32.a(cpu_idle.S.obj)
                0x0000000000001698                arch_cpu_idle
 .text.arch_cpu_atomic_idle
                0x00000000000016b4       0x18 zephyr/arch/arch/arm/core/aarch32/libarch__arm__core__aarch32.a(cpu_idle.S.obj)
                0x00000000000016b4                arch_cpu_atomic_idle
 .text.z_arm_fatal_error
                0x00000000000016cc       0xcc zephyr/arch/arch/arm/core/aarch32/libarch__arm__core__aarch32.a(fatal.c.obj)
                0x00000000000016cc                z_arm_fatal_error
 .text.arch_irq_enable
                0x0000000000001798       0x1c zephyr/arch/arch/arm/core/aarch32/libarch__arm__core__aarch32.a(irq_manage.c.obj)
                0x0000000000001798                arch_irq_enable
 .text.arch_irq_disable
                0x00000000000017b4       0x28 zephyr/arch/arch/arm/core/aarch32/libarch__arm__core__aarch32.a(irq_manage.c.obj)
                0x00000000000017b4                arch_irq_disable
 .text.arch_irq_is_enabled
                0x00000000000017dc       0x1c zephyr/arch/arch/arm/core/aarch32/libarch__arm__core__aarch32.a(irq_manage.c.obj)
                0x00000000000017dc                arch_irq_is_enabled
 .text.z_arm_irq_priority_set
                0x00000000000017f8       0x30 zephyr/arch/arch/arm/core/aarch32/libarch__arm__core__aarch32.a(irq_manage.c.obj)
                0x00000000000017f8                z_arm_irq_priority_set
 .text.z_SysNmiOnReset
                0x0000000000001828        0x8 zephyr/arch/arch/arm/core/aarch32/libarch__arm__core__aarch32.a(nmi_on_reset.S.obj)
                0x0000000000001828                z_SysNmiOnReset
 .text.z_arm_prep_c
                0x0000000000001830       0x38 zephyr/arch/arch/arm/core/aarch32/libarch__arm__core__aarch32.a(prep_c.c.obj)
                0x0000000000001830                z_arm_prep_c
 .text.arch_swap
                0x0000000000001868       0x34 zephyr/arch/arch/arm/core/aarch32/libarch__arm__core__aarch32.a(swap.c.obj)
                0x0000000000001868                arch_swap
 .text.z_arm_pendsv
                0x000000000000189c       0x64 zephyr/arch/arch/arm/core/aarch32/libarch__arm__core__aarch32.a(swap_helper.S.obj)
                0x000000000000189c                z_arm_pendsv
 .text.z_arm_svc
                0x0000000000001900       0x20 zephyr/arch/arch/arm/core/aarch32/libarch__arm__core__aarch32.a(swap_helper.S.obj)
                0x0000000000001900                z_arm_svc
 .text.arch_new_thread
                0x0000000000001920       0x38 zephyr/arch/arch/arm/core/aarch32/libarch__arm__core__aarch32.a(thread.c.obj)
                0x0000000000001920                arch_new_thread
 .text.z_check_thread_stack_fail
                0x0000000000001958       0x2c zephyr/arch/arch/arm/core/aarch32/libarch__arm__core__aarch32.a(thread.c.obj)
                0x0000000000001958                z_check_thread_stack_fail
 .text.arch_switch_to_main_thread
                0x0000000000001984       0x38 zephyr/arch/arch/arm/core/aarch32/libarch__arm__core__aarch32.a(thread.c.obj)
                0x0000000000001984                arch_switch_to_main_thread
 .text._isr_wrapper
                0x00000000000019bc       0x28 zephyr/arch/arch/arm/core/aarch32/libarch__arm__core__aarch32.a(isr_wrapper.S.obj)
                0x00000000000019bc                _isr_wrapper
 .text.arch_tls_stack_setup
                0x00000000000019e4       0x5c zephyr/arch/arch/arm/core/aarch32/libarch__arm__core__aarch32.a(tls.c.obj)
                0x00000000000019e4                arch_tls_stack_setup
 .text._HandlerModeExit
                0x0000000000001a40       0x1c zephyr/arch/arch/arm/core/aarch32/cortex_m/libarch__arm__core__aarch32__cortex_m.a(exc_exit.S.obj)
                0x0000000000001a40                z_arm_int_exit
                0x0000000000001a40                z_arm_exc_exit
 .text.bus_fault.constprop.0
                0x0000000000001a5c      0x154 zephyr/arch/arch/arm/core/aarch32/cortex_m/libarch__arm__core__aarch32__cortex_m.a(fault.c.obj)
 .text.usage_fault.constprop.0
                0x0000000000001bb0      0x104 zephyr/arch/arch/arm/core/aarch32/cortex_m/libarch__arm__core__aarch32__cortex_m.a(fault.c.obj)
 .text.mem_manage_fault
                0x0000000000001cb4      0x178 zephyr/arch/arch/arm/core/aarch32/cortex_m/libarch__arm__core__aarch32__cortex_m.a(fault.c.obj)
 .text.z_arm_fault
                0x0000000000001e2c      0x224 zephyr/arch/arch/arm/core/aarch32/cortex_m/libarch__arm__core__aarch32__cortex_m.a(fault.c.obj)
                0x0000000000001e2c                z_arm_fault
 .text.z_arm_fault_init
                0x0000000000002050       0x10 zephyr/arch/arch/arm/core/aarch32/cortex_m/libarch__arm__core__aarch32__cortex_m.a(fault.c.obj)
                0x0000000000002050                z_arm_fault_init
 .text.__fault  0x0000000000002060       0x14 zephyr/arch/arch/arm/core/aarch32/cortex_m/libarch__arm__core__aarch32__cortex_m.a(fault_s.S.obj)
                0x0000000000002060                z_arm_usage_fault
                0x0000000000002060                z_arm_mpu_fault
                0x0000000000002060                z_arm_exc_spurious
                0x0000000000002060                z_arm_debug_monitor
                0x0000000000002060                z_arm_hard_fault
                0x0000000000002060                z_arm_bus_fault
 .text.z_arm_interrupt_init
                0x0000000000002074       0x18 zephyr/arch/arch/arm/core/aarch32/cortex_m/libarch__arm__core__aarch32__cortex_m.a(irq_init.c.obj)
                0x0000000000002074                z_arm_interrupt_init
 .text._reset_section
                0x000000000000208c       0x54 zephyr/arch/arch/arm/core/aarch32/cortex_m/libarch__arm__core__aarch32__cortex_m.a(reset.S.obj)
                0x000000000000208c                __start
                0x000000000000208c                z_arm_reset
 .text.sys_arch_reboot
                0x00000000000020e0       0x24 zephyr/arch/arch/arm/core/aarch32/cortex_m/libarch__arm__core__aarch32__cortex_m.a(scb.c.obj)
                0x00000000000020e0                sys_arch_reboot
 .text.z_arm_clear_arm_mpu_config
                0x0000000000002104       0x24 zephyr/arch/arch/arm/core/aarch32/cortex_m/libarch__arm__core__aarch32__cortex_m.a(scb.c.obj)
                0x0000000000002104                z_arm_clear_arm_mpu_config
 .text.z_arm_init_arch_hw_at_boot
                0x0000000000002128       0x64 zephyr/arch/arch/arm/core/aarch32/cortex_m/libarch__arm__core__aarch32__cortex_m.a(scb.c.obj)
                0x0000000000002128                z_arm_init_arch_hw_at_boot
 .text.z_impl_k_thread_abort
                0x000000000000218c       0x2c zephyr/arch/arch/arm/core/aarch32/cortex_m/libarch__arm__core__aarch32__cortex_m.a(thread_abort.c.obj)
                0x000000000000218c                z_impl_k_thread_abort
 .text.z_arm_configure_static_mpu_regions
                0x00000000000021b8       0x18 zephyr/arch/arch/arm/core/aarch32/mpu/libarch__arm__core__aarch32__mpu.a(arm_core_mpu.c.obj)
                0x00000000000021b8                z_arm_configure_static_mpu_regions
 .text.z_arm_configure_dynamic_mpu_regions
                0x00000000000021d0       0x20 zephyr/arch/arch/arm/core/aarch32/mpu/libarch__arm__core__aarch32__mpu.a(arm_core_mpu.c.obj)
                0x00000000000021d0                z_arm_configure_dynamic_mpu_regions
 .text.mpu_configure_regions
                0x00000000000021f0       0xcc zephyr/arch/arch/arm/core/aarch32/mpu/libarch__arm__core__aarch32__mpu.a(arm_mpu.c.obj)
 .text.arm_core_mpu_enable
                0x00000000000022bc       0x18 zephyr/arch/arch/arm/core/aarch32/mpu/libarch__arm__core__aarch32__mpu.a(arm_mpu.c.obj)
                0x00000000000022bc                arm_core_mpu_enable
 .text.arm_core_mpu_disable
                0x00000000000022d4       0x14 zephyr/arch/arch/arm/core/aarch32/mpu/libarch__arm__core__aarch32__mpu.a(arm_mpu.c.obj)
                0x00000000000022d4                arm_core_mpu_disable
 .text.arm_core_mpu_configure_static_mpu_regions
                0x00000000000022e8       0x14 zephyr/arch/arch/arm/core/aarch32/mpu/libarch__arm__core__aarch32__mpu.a(arm_mpu.c.obj)
                0x00000000000022e8                arm_core_mpu_configure_static_mpu_regions
 .text.arm_core_mpu_configure_dynamic_mpu_regions
                0x00000000000022fc       0x30 zephyr/arch/arch/arm/core/aarch32/mpu/libarch__arm__core__aarch32__mpu.a(arm_mpu.c.obj)
                0x00000000000022fc                arm_core_mpu_configure_dynamic_mpu_regions
 .text.z_arm_mpu_init
                0x000000000000232c       0x60 zephyr/arch/arch/arm/core/aarch32/mpu/libarch__arm__core__aarch32__mpu.a(arm_mpu.c.obj)
                0x000000000000232c                z_arm_mpu_init
 .text.z_impl_zephyr_fputc
                0x000000000000238c       0x10 zephyr/lib/libc/picolibc/liblib__libc__picolibc.a(libc-hooks.c.obj)
                0x000000000000238c                z_impl_zephyr_fputc
 .text.malloc_prepare
                0x000000000000239c       0x24 zephyr/lib/libc/common/liblib__libc__common.a(malloc.c.obj)
 .text.nordicsemi_nrf52_init
                0x00000000000023c0       0x10 zephyr/soc/soc/arm/nordic_nrf/nrf52/libsoc__arm__nordic_nrf__nrf52.a(soc.c.obj)
 .text.arch_busy_wait
                0x00000000000023d0       0x14 zephyr/soc/soc/arm/nordic_nrf/nrf52/libsoc__arm__nordic_nrf__nrf52.a(soc.c.obj)
                0x00000000000023d0                arch_busy_wait
 .text.onoff_stop
                0x00000000000023e4       0x30 zephyr/drivers/clock_control/libdrivers__clock_control.a(clock_control_nrf.c.obj)
 .text.onoff_start
                0x0000000000002414       0x44 zephyr/drivers/clock_control/libdrivers__clock_control.a(clock_control_nrf.c.obj)
 .text.generic_hfclk_stop
                0x0000000000002458       0x34 zephyr/drivers/clock_control/libdrivers__clock_control.a(clock_control_nrf.c.obj)
 .text.clk_init
                0x000000000000248c       0x60 zephyr/drivers/clock_control/libdrivers__clock_control.a(clock_control_nrf.c.obj)
 .text.clkstarted_handle.constprop.0
                0x00000000000024ec       0x34 zephyr/drivers/clock_control/libdrivers__clock_control.a(clock_control_nrf.c.obj)
 .text.clock_event_handler
                0x0000000000002520       0x34 zephyr/drivers/clock_control/libdrivers__clock_control.a(clock_control_nrf.c.obj)
 .text.generic_hfclk_start
                0x0000000000002554       0x64 zephyr/drivers/clock_control/libdrivers__clock_control.a(clock_control_nrf.c.obj)
 .text.api_blocking_start
                0x00000000000025b8       0x34 zephyr/drivers/clock_control/libdrivers__clock_control.a(clock_control_nrf.c.obj)
 .text.z_nrf_clock_control_get_onoff
                0x00000000000025ec       0x10 zephyr/drivers/clock_control/libdrivers__clock_control.a(clock_control_nrf.c.obj)
                0x00000000000025ec                z_nrf_clock_control_get_onoff
 .text.z_nrf_clock_control_lf_on
                0x00000000000025fc       0xb4 zephyr/drivers/clock_control/libdrivers__clock_control.a(clock_control_nrf.c.obj)
                0x00000000000025fc                z_nrf_clock_control_lf_on
 .text.start_cal_process
                0x00000000000026b0       0x48 zephyr/drivers/clock_control/libdrivers__clock_control.a(nrf_clock_calibration.c.obj)
 .text.start_cycle
                0x00000000000026f8       0x38 zephyr/drivers/clock_control/libdrivers__clock_control.a(nrf_clock_calibration.c.obj)
 .text.measure_temperature
                0x0000000000002730       0x88 zephyr/drivers/clock_control/libdrivers__clock_control.a(nrf_clock_calibration.c.obj)
 .text.cal_hf_callback
                0x00000000000027b8       0x2c zephyr/drivers/clock_control/libdrivers__clock_control.a(nrf_clock_calibration.c.obj)
 .text.z_nrf_clock_calibration_init
                0x00000000000027e4       0x1c zephyr/drivers/clock_control/libdrivers__clock_control.a(nrf_clock_calibration.c.obj)
                0x00000000000027e4                z_nrf_clock_calibration_init
 .text.z_nrf_clock_calibration_lfclk_started
                0x0000000000002800       0x10 zephyr/drivers/clock_control/libdrivers__clock_control.a(nrf_clock_calibration.c.obj)
                0x0000000000002800                z_nrf_clock_calibration_lfclk_started
 .text.z_nrf_clock_calibration_lfclk_stopped
                0x0000000000002810        0xc zephyr/drivers/clock_control/libdrivers__clock_control.a(nrf_clock_calibration.c.obj)
                0x0000000000002810                z_nrf_clock_calibration_lfclk_stopped
 .text.z_nrf_clock_calibration_done_handler
                0x000000000000281c       0x10 zephyr/drivers/clock_control/libdrivers__clock_control.a(nrf_clock_calibration.c.obj)
                0x000000000000281c                z_nrf_clock_calibration_done_handler
 .text.gpio_nrfx_pin_interrupt_configure
                0x000000000000282c       0xe4 zephyr/drivers/gpio/libdrivers__gpio.a(gpio_nrfx.c.obj)
 .text.gpio_nrfx_init
                0x0000000000002910       0x38 zephyr/drivers/gpio/libdrivers__gpio.a(gpio_nrfx.c.obj)
 .text.nrfx_gpio_handler
                0x0000000000002948       0x4c zephyr/drivers/gpio/libdrivers__gpio.a(gpio_nrfx.c.obj)
 .text.gpio_nrfx_pin_configure
                0x0000000000002994      0x128 zephyr/drivers/gpio/libdrivers__gpio.a(gpio_nrfx.c.obj)
 .text.i2c_nrfx_twi_recover_bus
                0x0000000000002abc       0x24 zephyr/drivers/i2c/libdrivers__i2c.a(i2c_nrfx_twi.c.obj)
 .text.twi_0_init
                0x0000000000002ae0       0x90 zephyr/drivers/i2c/libdrivers__i2c.a(i2c_nrfx_twi.c.obj)
 .text.event_handler
                0x0000000000002b70       0x34 zephyr/drivers/i2c/libdrivers__i2c.a(i2c_nrfx_twi.c.obj)
 .text.i2c_nrfx_twi_configure
                0x0000000000002ba4       0x58 zephyr/drivers/i2c/libdrivers__i2c.a(i2c_nrfx_twi.c.obj)
 .text.i2c_nrfx_twi_transfer
                0x0000000000002bfc      0x158 zephyr/drivers/i2c/libdrivers__i2c.a(i2c_nrfx_twi.c.obj)
 .text.kscan_sx1508_init
                0x0000000000002d54      0x330 zephyr/drivers/kscan/libdrivers__kscan.a(kscan_sx1508.c.obj)
 .text.sx1508_irq_thread
                0x0000000000003084      0x104 zephyr/drivers/kscan/libdrivers__kscan.a(kscan_sx1508.c.obj)
 .text.hfclk_on_callback
                0x0000000000003188        0xc zephyr/drivers/sensor/nrf5/libdrivers__sensor__nrf5.a(temp_nrf5.c.obj)
 .text.temp_nrf5_channel_get
                0x0000000000003194       0x2c zephyr/drivers/sensor/nrf5/libdrivers__sensor__nrf5.a(temp_nrf5.c.obj)
 .text.temp_nrf5_isr
                0x00000000000031c0       0x18 zephyr/drivers/sensor/nrf5/libdrivers__sensor__nrf5.a(temp_nrf5.c.obj)
 .text.temp_nrf5_sample_fetch
                0x00000000000031d8       0x78 zephyr/drivers/sensor/nrf5/libdrivers__sensor__nrf5.a(temp_nrf5.c.obj)
 .text.temp_nrf5_init
                0x0000000000003250       0x40 zephyr/drivers/sensor/nrf5/libdrivers__sensor__nrf5.a(temp_nrf5.c.obj)
 .text.uarte_nrfx_configure
                0x0000000000003290      0x168 zephyr/drivers/serial/libdrivers__serial.a(uart_nrfx_uarte.c.obj)
 .text.uarte_0_init
                0x00000000000033f8      0x10c zephyr/drivers/serial/libdrivers__serial.a(uart_nrfx_uarte.c.obj)
 .text.uarte_nrfx_poll_out
                0x0000000000003504       0xcc zephyr/drivers/serial/libdrivers__serial.a(uart_nrfx_uarte.c.obj)
 .text.compare_int_lock
                0x00000000000035d0       0x48 zephyr/drivers/timer/libdrivers__timer.a(nrf_rtc_timer.c.obj)
 .text.sys_clock_timeout_handler
                0x0000000000003618       0x48 zephyr/drivers/timer/libdrivers__timer.a(nrf_rtc_timer.c.obj)
 .text.compare_int_unlock
                0x0000000000003660       0x5c zephyr/drivers/timer/libdrivers__timer.a(nrf_rtc_timer.c.obj)
 .text.z_nrf_rtc_timer_read
                0x00000000000036bc       0x44 zephyr/drivers/timer/libdrivers__timer.a(nrf_rtc_timer.c.obj)
                0x00000000000036bc                z_nrf_rtc_timer_read
 .text.compare_set
                0x0000000000003700      0x130 zephyr/drivers/timer/libdrivers__timer.a(nrf_rtc_timer.c.obj)
 .text.sys_clock_driver_init
                0x0000000000003830       0x90 zephyr/drivers/timer/libdrivers__timer.a(nrf_rtc_timer.c.obj)
 .text.rtc_nrf_isr
                0x00000000000038c0       0xd4 zephyr/drivers/timer/libdrivers__timer.a(nrf_rtc_timer.c.obj)
                0x00000000000038c0                rtc_nrf_isr
 .text.sys_clock_set_timeout
                0x0000000000003994       0x68 zephyr/drivers/timer/libdrivers__timer.a(nrf_rtc_timer.c.obj)
                0x0000000000003994                sys_clock_set_timeout
 .text.sys_clock_elapsed
                0x00000000000039fc       0x14 zephyr/drivers/timer/libdrivers__timer.a(nrf_rtc_timer.c.obj)
                0x00000000000039fc                sys_clock_elapsed
 .text.sys_clock_disable
                0x0000000000003a10       0x30 zephyr/drivers/timer/libdrivers__timer.a(nrf_rtc_timer.c.obj)
                0x0000000000003a10                sys_clock_disable
 .text.k_sys_fatal_error_handler
                0x0000000000003a40       0x2c modules/nrf/lib/fatal_error/lib..__nrf__lib__fatal_error.a(fatal_error.c.obj)
                0x0000000000003a40                k_sys_fatal_error_handler
 .text.nrf52_errata_98
                0x0000000000003a6c       0x24 modules/hal_nordic/nrfx/libmodules__hal_nordic__nrfx.a(system_nrf52840.c.obj)
 .text.nvmc_wait
                0x0000000000003a90       0x10 modules/hal_nordic/nrfx/libmodules__hal_nordic__nrfx.a(system_nrf52840.c.obj)
                0x0000000000003a90                nvmc_wait
 .text.SystemInit
                0x0000000000003aa0      0x1bc modules/hal_nordic/nrfx/libmodules__hal_nordic__nrfx.a(system_nrf52840.c.obj)
                0x0000000000003aa0                SystemInit
 .text.nrfx_flag32_alloc
                0x0000000000003c5c       0x48 modules/hal_nordic/nrfx/libmodules__hal_nordic__nrfx.a(nrfx_flag32_allocator.c.obj)
                0x0000000000003c5c                nrfx_flag32_alloc
 .text.nrfx_flag32_free
                0x0000000000003ca4       0x40 modules/hal_nordic/nrfx/libmodules__hal_nordic__nrfx.a(nrfx_flag32_allocator.c.obj)
                0x0000000000003ca4                nrfx_flag32_free
 .text.nrfx_gppi_channels_enable
                0x0000000000003ce4        0xc modules/hal_nordic/nrfx/libmodules__hal_nordic__nrfx.a(nrfx_gppi_ppi.c.obj)
                0x0000000000003ce4                nrfx_gppi_channels_enable
 .text.clock_stop
                0x0000000000003cf0       0xc4 modules/hal_nordic/nrfx/libmodules__hal_nordic__nrfx.a(nrfx_clock.c.obj)
 .text.nrfx_clock_init
                0x0000000000003db4       0x24 modules/hal_nordic/nrfx/libmodules__hal_nordic__nrfx.a(nrfx_clock.c.obj)
                0x0000000000003db4                nrfx_clock_init
 .text.nrfx_clock_calibration_start
                0x0000000000003dd8       0x5c modules/hal_nordic/nrfx/libmodules__hal_nordic__nrfx.a(nrfx_clock.c.obj)
                0x0000000000003dd8                nrfx_clock_calibration_start
 .text.nrfx_power_clock_irq_handler
                0x0000000000003e34       0x84 modules/hal_nordic/nrfx/libmodules__hal_nordic__nrfx.a(nrfx_clock.c.obj)
                0x0000000000003e34                nrfx_power_clock_irq_handler
 .text.nrf_gpio_pin_port_decode
                0x0000000000003eb8       0x20 modules/hal_nordic/nrfx/libmodules__hal_nordic__nrfx.a(nrfx_gpiote.c.obj)
 .text.get_pin_idx
                0x0000000000003ed8       0x14 modules/hal_nordic/nrfx/libmodules__hal_nordic__nrfx.a(nrfx_gpiote.c.obj)
 .text.pin_in_use_by_te
                0x0000000000003eec       0x18 modules/hal_nordic/nrfx/libmodules__hal_nordic__nrfx.a(nrfx_gpiote.c.obj)
 .text.pin_is_output
                0x0000000000003f04       0x18 modules/hal_nordic/nrfx/libmodules__hal_nordic__nrfx.a(nrfx_gpiote.c.obj)
 .text.pin_te_get
                0x0000000000003f1c       0x18 modules/hal_nordic/nrfx/libmodules__hal_nordic__nrfx.a(nrfx_gpiote.c.obj)
 .text.call_handler
                0x0000000000003f34       0x40 modules/hal_nordic/nrfx/libmodules__hal_nordic__nrfx.a(nrfx_gpiote.c.obj)
 .text.release_handler
                0x0000000000003f74       0x58 modules/hal_nordic/nrfx/libmodules__hal_nordic__nrfx.a(nrfx_gpiote.c.obj)
 .text.__nrfy_internal_gpiote_events_process.constprop.0
                0x0000000000003fcc       0x54 modules/hal_nordic/nrfx/libmodules__hal_nordic__nrfx.a(nrfx_gpiote.c.obj)
 .text.nrfx_gpiote_input_configure
                0x0000000000004020      0x180 modules/hal_nordic/nrfx/libmodules__hal_nordic__nrfx.a(nrfx_gpiote.c.obj)
                0x0000000000004020                nrfx_gpiote_input_configure
 .text.nrfx_gpiote_output_configure
                0x00000000000041a0       0xf4 modules/hal_nordic/nrfx/libmodules__hal_nordic__nrfx.a(nrfx_gpiote.c.obj)
                0x00000000000041a0                nrfx_gpiote_output_configure
 .text.nrfx_gpiote_global_callback_set
                0x0000000000004294        0xc modules/hal_nordic/nrfx/libmodules__hal_nordic__nrfx.a(nrfx_gpiote.c.obj)
                0x0000000000004294                nrfx_gpiote_global_callback_set
 .text.nrfx_gpiote_channel_get
                0x00000000000042a0       0x30 modules/hal_nordic/nrfx/libmodules__hal_nordic__nrfx.a(nrfx_gpiote.c.obj)
                0x00000000000042a0                nrfx_gpiote_channel_get
 .text.nrfx_gpiote_init
                0x00000000000042d0       0x50 modules/hal_nordic/nrfx/libmodules__hal_nordic__nrfx.a(nrfx_gpiote.c.obj)
                0x00000000000042d0                nrfx_gpiote_init
 .text.nrfx_gpiote_is_init
                0x0000000000004320       0x14 modules/hal_nordic/nrfx/libmodules__hal_nordic__nrfx.a(nrfx_gpiote.c.obj)
                0x0000000000004320                nrfx_gpiote_is_init
 .text.nrfx_gpiote_channel_free
                0x0000000000004334        0xc modules/hal_nordic/nrfx/libmodules__hal_nordic__nrfx.a(nrfx_gpiote.c.obj)
                0x0000000000004334                nrfx_gpiote_channel_free
 .text.nrfx_gpiote_channel_alloc
                0x0000000000004340        0xc modules/hal_nordic/nrfx/libmodules__hal_nordic__nrfx.a(nrfx_gpiote.c.obj)
                0x0000000000004340                nrfx_gpiote_channel_alloc
 .text.nrfx_gpiote_trigger_enable
                0x000000000000434c       0x9c modules/hal_nordic/nrfx/libmodules__hal_nordic__nrfx.a(nrfx_gpiote.c.obj)
                0x000000000000434c                nrfx_gpiote_trigger_enable
 .text.nrfx_gpiote_trigger_disable
                0x00000000000043e8       0x4c modules/hal_nordic/nrfx/libmodules__hal_nordic__nrfx.a(nrfx_gpiote.c.obj)
                0x00000000000043e8                nrfx_gpiote_trigger_disable
 .text.nrfx_gpiote_pin_uninit
                0x0000000000004434       0x80 modules/hal_nordic/nrfx/libmodules__hal_nordic__nrfx.a(nrfx_gpiote.c.obj)
                0x0000000000004434                nrfx_gpiote_pin_uninit
 .text.nrfx_gpiote_irq_handler
                0x00000000000044b4      0x1a8 modules/hal_nordic/nrfx/libmodules__hal_nordic__nrfx.a(nrfx_gpiote.c.obj)
                0x00000000000044b4                nrfx_gpiote_irq_handler
 .text.nrfx_ppi_channel_alloc
                0x000000000000465c        0xc modules/hal_nordic/nrfx/libmodules__hal_nordic__nrfx.a(nrfx_ppi.c.obj)
                0x000000000000465c                nrfx_ppi_channel_alloc
 .text.nrf_gpio_cfg.constprop.0
                0x0000000000004668       0x48 modules/hal_nordic/nrfx/libmodules__hal_nordic__nrfx.a(nrfx_twi.c.obj)
 .text.twi_configure
                0x00000000000046b0       0x3c modules/hal_nordic/nrfx/libmodules__hal_nordic__nrfx.a(nrfx_twi.c.obj)
 .text.twi_tx_start_transfer
                0x00000000000046ec      0x104 modules/hal_nordic/nrfx/libmodules__hal_nordic__nrfx.a(nrfx_twi.c.obj)
 .text.twi_rx_start_transfer
                0x00000000000047f0       0xe4 modules/hal_nordic/nrfx/libmodules__hal_nordic__nrfx.a(nrfx_twi.c.obj)
 .text.nrfx_twi_init
                0x00000000000048d4       0x88 modules/hal_nordic/nrfx/libmodules__hal_nordic__nrfx.a(nrfx_twi.c.obj)
                0x00000000000048d4                nrfx_twi_init
 .text.nrfx_twi_enable
                0x000000000000495c       0x20 modules/hal_nordic/nrfx/libmodules__hal_nordic__nrfx.a(nrfx_twi.c.obj)
                0x000000000000495c                nrfx_twi_enable
 .text.nrfx_twi_disable
                0x000000000000497c       0x38 modules/hal_nordic/nrfx/libmodules__hal_nordic__nrfx.a(nrfx_twi.c.obj)
                0x000000000000497c                nrfx_twi_disable
 .text.nrfx_twi_xfer
                0x00000000000049b4       0xdc modules/hal_nordic/nrfx/libmodules__hal_nordic__nrfx.a(nrfx_twi.c.obj)
                0x00000000000049b4                nrfx_twi_xfer
 .text.nrfx_twi_0_irq_handler
                0x0000000000004a90       0xd8 modules/hal_nordic/nrfx/libmodules__hal_nordic__nrfx.a(nrfx_twi.c.obj)
                0x0000000000004a90                nrfx_twi_0_irq_handler
 .text.nrf_gpio_pin_port_decode
                0x0000000000004b68       0x20 modules/hal_nordic/nrfx/libmodules__hal_nordic__nrfx.a(nrfx_twi_twim.c.obj)
 .text.nrfx_twi_twim_bus_recover
                0x0000000000004b88       0xdc modules/hal_nordic/nrfx/libmodules__hal_nordic__nrfx.a(nrfx_twi_twim.c.obj)
                0x0000000000004b88                nrfx_twi_twim_bus_recover
 .text.z_fatal_error
                0x0000000000004c64      0x100 zephyr/kernel/libkernel.a(fatal.c.obj)
                0x0000000000004c64                z_fatal_error
 .text.z_sys_init_run_level
                0x0000000000004d64       0x48 zephyr/kernel/libkernel.a(init.c.obj)
 .text.bg_thread_main
                0x0000000000004dac       0x34 zephyr/kernel/libkernel.a(init.c.obj)
 .text.z_bss_zero
                0x0000000000004de0       0x18 zephyr/kernel/libkernel.a(init.c.obj)
                0x0000000000004de0                z_bss_zero
 .text.z_init_cpu
                0x0000000000004df8       0x8c zephyr/kernel/libkernel.a(init.c.obj)
                0x0000000000004df8                z_init_cpu
 .text.z_cstart
                0x0000000000004e84       0xe0 zephyr/kernel/libkernel.a(init.c.obj)
                0x0000000000004e84                z_cstart
 .text.init_mem_slab_module
                0x0000000000004f64       0x24 zephyr/kernel/libkernel.a(mem_slab.c.obj)
 .text.k_mem_slab_alloc
                0x0000000000004f88       0x5c zephyr/kernel/libkernel.a(mem_slab.c.obj)
                0x0000000000004f88                k_mem_slab_alloc
 .text.z_setup_new_thread
                0x0000000000004fe4       0x80 zephyr/kernel/libkernel.a(thread.c.obj)
                0x0000000000004fe4                z_setup_new_thread
 .text.z_impl_k_thread_create
                0x0000000000005064       0x58 zephyr/kernel/libkernel.a(thread.c.obj)
                0x0000000000005064                z_impl_k_thread_create
 .text.z_init_static_threads
                0x00000000000050bc       0xb8 zephyr/kernel/libkernel.a(thread.c.obj)
                0x00000000000050bc                z_init_static_threads
 .text.z_impl_k_mutex_lock
                0x0000000000005174       0xf4 zephyr/kernel/libkernel.a(mutex.c.obj)
                0x0000000000005174                z_impl_k_mutex_lock
 .text.z_impl_k_mutex_unlock
                0x0000000000005268       0x78 zephyr/kernel/libkernel.a(mutex.c.obj)
                0x0000000000005268                z_impl_k_mutex_unlock
 .text.z_impl_k_sem_give
                0x00000000000052e0       0x48 zephyr/kernel/libkernel.a(sem.c.obj)
                0x00000000000052e0                z_impl_k_sem_give
 .text.z_impl_k_sem_take
                0x0000000000005328       0x50 zephyr/kernel/libkernel.a(sem.c.obj)
                0x0000000000005328                z_impl_k_sem_take
 .text.z_impl_k_sem_reset
                0x0000000000005378       0x3c zephyr/kernel/libkernel.a(sem.c.obj)
                0x0000000000005378                z_impl_k_sem_reset
 .text.work_queue_main
                0x00000000000053b4      0x138 zephyr/kernel/libkernel.a(work.c.obj)
 .text.submit_to_queue_locked
                0x00000000000054ec       0xb4 zephyr/kernel/libkernel.a(work.c.obj)
 .text.k_work_submit
                0x00000000000055a0        0xc zephyr/kernel/libkernel.a(work.c.obj)
                0x00000000000055a0                k_work_submit
 .text.k_work_queue_start
                0x00000000000055ac       0x70 zephyr/kernel/libkernel.a(work.c.obj)
                0x00000000000055ac                k_work_queue_start
 .text.sliceable
                0x000000000000561c       0x3c zephyr/kernel/libkernel.a(sched.c.obj)
 .text.slice_timeout
                0x0000000000005658       0x20 zephyr/kernel/libkernel.a(sched.c.obj)
 .text.z_reset_time_slice
                0x0000000000005678       0x50 zephyr/kernel/libkernel.a(sched.c.obj)
                0x0000000000005678                z_reset_time_slice
 .text.update_cache
                0x00000000000056c8       0x3c zephyr/kernel/libkernel.a(sched.c.obj)
 .text.move_thread_to_end_of_prio_q
                0x0000000000005704       0x74 zephyr/kernel/libkernel.a(sched.c.obj)
 .text.ready_thread
                0x0000000000005778       0x68 zephyr/kernel/libkernel.a(sched.c.obj)
 .text.unready_thread
                0x00000000000057e0       0x30 zephyr/kernel/libkernel.a(sched.c.obj)
 .text.pend_locked
                0x0000000000005810       0x30 zephyr/kernel/libkernel.a(sched.c.obj)
 .text.z_time_slice
                0x0000000000005840       0x60 zephyr/kernel/libkernel.a(sched.c.obj)
                0x0000000000005840                z_time_slice
 .text.z_pend_curr
                0x00000000000058a0       0x3c zephyr/kernel/libkernel.a(sched.c.obj)
                0x00000000000058a0                z_pend_curr
 .text.z_set_prio
                0x00000000000058dc       0x8c zephyr/kernel/libkernel.a(sched.c.obj)
                0x00000000000058dc                z_set_prio
 .text.z_reschedule
                0x0000000000005968       0x24 zephyr/kernel/libkernel.a(sched.c.obj)
                0x0000000000005968                z_reschedule
 .text.z_sched_start
                0x000000000000598c       0x3c zephyr/kernel/libkernel.a(sched.c.obj)
                0x000000000000598c                z_sched_start
 .text.z_impl_k_thread_suspend
                0x00000000000059c8       0x64 zephyr/kernel/libkernel.a(sched.c.obj)
                0x00000000000059c8                z_impl_k_thread_suspend
 .text.k_sched_lock
                0x0000000000005a2c       0x28 zephyr/kernel/libkernel.a(sched.c.obj)
                0x0000000000005a2c                k_sched_lock
 .text.k_sched_unlock
                0x0000000000005a54       0x38 zephyr/kernel/libkernel.a(sched.c.obj)
                0x0000000000005a54                k_sched_unlock
 .text.z_sched_init
                0x0000000000005a8c       0x10 zephyr/kernel/libkernel.a(sched.c.obj)
                0x0000000000005a8c                z_sched_init
 .text.z_impl_k_yield
                0x0000000000005a9c       0x7c zephyr/kernel/libkernel.a(sched.c.obj)
                0x0000000000005a9c                z_impl_k_yield
 .text.z_tick_sleep
                0x0000000000005b18       0x88 zephyr/kernel/libkernel.a(sched.c.obj)
 .text.z_impl_k_sleep
                0x0000000000005ba0       0x34 zephyr/kernel/libkernel.a(sched.c.obj)
                0x0000000000005ba0                z_impl_k_sleep
 .text.z_impl_z_current_get
                0x0000000000005bd4        0xc zephyr/kernel/libkernel.a(sched.c.obj)
                0x0000000000005bd4                z_impl_z_current_get
 .text.z_thread_abort
                0x0000000000005be0       0xc0 zephyr/kernel/libkernel.a(sched.c.obj)
                0x0000000000005be0                z_thread_abort
 .text.z_sched_wait
                0x0000000000005ca0       0x24 zephyr/kernel/libkernel.a(sched.c.obj)
                0x0000000000005ca0                z_sched_wait
 .text.z_data_copy
                0x0000000000005cc4       0x34 zephyr/kernel/libkernel.a(xip.c.obj)
                0x0000000000005cc4                z_data_copy
 .text.elapsed  0x0000000000005cf8       0x14 zephyr/kernel/libkernel.a(timeout.c.obj)
 .text.next_timeout
                0x0000000000005d0c       0x40 zephyr/kernel/libkernel.a(timeout.c.obj)
 .text.remove_timeout
                0x0000000000005d4c       0x38 zephyr/kernel/libkernel.a(timeout.c.obj)
 .text.z_add_timeout
                0x0000000000005d84       0xec zephyr/kernel/libkernel.a(timeout.c.obj)
                0x0000000000005d84                z_add_timeout
 .text.sys_clock_announce
                0x0000000000005e70       0xd4 zephyr/kernel/libkernel.a(timeout.c.obj)
                0x0000000000005e70                sys_clock_announce
 .text.sys_clock_tick_get
                0x0000000000005f44       0x34 zephyr/kernel/libkernel.a(timeout.c.obj)
                0x0000000000005f44                sys_clock_tick_get
 .text.z_timer_expiration_handler
                0x0000000000005f78       0xe4 zephyr/kernel/libkernel.a(timer.c.obj)
                0x0000000000005f78                z_timer_expiration_handler
 .text.z_impl_k_timer_start
                0x000000000000605c       0x60 zephyr/kernel/libkernel.a(timer.c.obj)
                0x000000000000605c                z_impl_k_timer_start
 .text.boot_banner
                0x00000000000060bc        0xc zephyr/kernel/libkernel.a(banner.c.obj)
                0x00000000000060bc                boot_banner
 .text.k_sys_work_q_init
                0x00000000000060c8       0x34 zephyr/kernel/libkernel.a(system_work_q.c.obj)
 .text.nrf_cc3xx_platform_init_no_rng
                0x00000000000060fc       0x38 C:/ncs/v2.5.0/nrfxlib/crypto/nrf_cc310_platform/lib/cortex-m4/soft-float/no-interrupts/libnrf_cc310_platform_0.9.18.a(nrf_cc3xx_platform.c.obj)
                0x00000000000060fc                nrf_cc3xx_platform_init_no_rng
 .text.nrf_cc3xx_platform_abort
                0x0000000000006134       0x24 C:/ncs/v2.5.0/nrfxlib/crypto/nrf_cc310_platform/lib/cortex-m4/soft-float/no-interrupts/libnrf_cc310_platform_0.9.18.a(nrf_cc3xx_platform_abort.c.obj)
 .text.CC_PalAbort
                0x0000000000006158       0x34 C:/ncs/v2.5.0/nrfxlib/crypto/nrf_cc310_platform/lib/cortex-m4/soft-float/no-interrupts/libnrf_cc310_platform_0.9.18.a(nrf_cc3xx_platform_abort.c.obj)
                0x0000000000006158                CC_PalAbort
 .text.nrf_cc3xx_platform_set_abort
                0x000000000000618c       0x10 C:/ncs/v2.5.0/nrfxlib/crypto/nrf_cc310_platform/lib/cortex-m4/soft-float/no-interrupts/libnrf_cc310_platform_0.9.18.a(nrf_cc3xx_platform_abort.c.obj)
                0x000000000000618c                nrf_cc3xx_platform_set_abort
 .text.mutex_free
                0x000000000000619c       0x34 C:/ncs/v2.5.0/nrfxlib/crypto/nrf_cc310_platform/lib/cortex-m4/soft-float/no-interrupts/libnrf_cc310_platform_0.9.18.a(nrf_cc3xx_platform_mutex.c.obj)
 .text.mutex_lock
                0x00000000000061d0       0x48 C:/ncs/v2.5.0/nrfxlib/crypto/nrf_cc310_platform/lib/cortex-m4/soft-float/no-interrupts/libnrf_cc310_platform_0.9.18.a(nrf_cc3xx_platform_mutex.c.obj)
 .text.mutex_unlock
                0x0000000000006218       0x38 C:/ncs/v2.5.0/nrfxlib/crypto/nrf_cc310_platform/lib/cortex-m4/soft-float/no-interrupts/libnrf_cc310_platform_0.9.18.a(nrf_cc3xx_platform_mutex.c.obj)
 .text.mutex_init
                0x0000000000006250       0x20 C:/ncs/v2.5.0/nrfxlib/crypto/nrf_cc310_platform/lib/cortex-m4/soft-float/no-interrupts/libnrf_cc310_platform_0.9.18.a(nrf_cc3xx_platform_mutex.c.obj)
 .text.nrf_cc3xx_platform_set_mutexes
                0x0000000000006270       0x74 C:/ncs/v2.5.0/nrfxlib/crypto/nrf_cc310_platform/lib/cortex-m4/soft-float/no-interrupts/libnrf_cc310_platform_0.9.18.a(nrf_cc3xx_platform_mutex.c.obj)
                0x0000000000006270                nrf_cc3xx_platform_set_mutexes
 .text.CC_LibInitNoRng
                0x00000000000062e4       0x64 C:/ncs/v2.5.0/nrfxlib/crypto/nrf_cc310_platform/lib/cortex-m4/soft-float/no-interrupts/libnrf_cc310_platform_0.9.18.a(cc_lib.c.obj)
                0x00000000000062e4                CC_LibInitNoRng
 .text.CC_HalInit
                0x0000000000006348        0x4 C:/ncs/v2.5.0/nrfxlib/crypto/nrf_cc310_platform/lib/cortex-m4/soft-float/no-interrupts/libnrf_cc310_platform_0.9.18.a(cc_hal.c.obj)
                0x0000000000006348                CC_HalInit
 .text.CC_HalTerminate
                0x000000000000634c        0x4 C:/ncs/v2.5.0/nrfxlib/crypto/nrf_cc310_platform/lib/cortex-m4/soft-float/no-interrupts/libnrf_cc310_platform_0.9.18.a(cc_hal.c.obj)
                0x000000000000634c                CC_HalTerminate
 .text.CC_HalMaskInterrupt
                0x0000000000006350        0xc C:/ncs/v2.5.0/nrfxlib/crypto/nrf_cc310_platform/lib/cortex-m4/soft-float/no-interrupts/libnrf_cc310_platform_0.9.18.a(cc_hal.c.obj)
                0x0000000000006350                CC_HalMaskInterrupt
 .text.CC_PalInit
                0x000000000000635c       0x5c C:/ncs/v2.5.0/nrfxlib/crypto/nrf_cc310_platform/lib/cortex-m4/soft-float/no-interrupts/libnrf_cc310_platform_0.9.18.a(cc_pal.c.obj)
                0x000000000000635c                CC_PalInit
 .text.CC_PalTerminate
                0x00000000000063b8       0x34 C:/ncs/v2.5.0/nrfxlib/crypto/nrf_cc310_platform/lib/cortex-m4/soft-float/no-interrupts/libnrf_cc310_platform_0.9.18.a(cc_pal.c.obj)
                0x00000000000063b8                CC_PalTerminate
 .text.CC_PalDmaInit
                0x00000000000063ec        0x4 C:/ncs/v2.5.0/nrfxlib/crypto/nrf_cc310_platform/lib/cortex-m4/soft-float/no-interrupts/libnrf_cc310_platform_0.9.18.a(cc_pal_dma.c.obj)
                0x00000000000063ec                CC_PalDmaInit
 .text.CC_PalDmaTerminate
                0x00000000000063f0        0x4 C:/ncs/v2.5.0/nrfxlib/crypto/nrf_cc310_platform/lib/cortex-m4/soft-float/no-interrupts/libnrf_cc310_platform_0.9.18.a(cc_pal_dma.c.obj)
                0x00000000000063f0                CC_PalDmaTerminate
 .text.CC_PalMutexCreate
                0x00000000000063f4       0x14 C:/ncs/v2.5.0/nrfxlib/crypto/nrf_cc310_platform/lib/cortex-m4/soft-float/no-interrupts/libnrf_cc310_platform_0.9.18.a(cc_pal_mutex.c.obj)
                0x00000000000063f4                CC_PalMutexCreate
 .text.CC_PalMutexDestroy
                0x0000000000006408       0x14 C:/ncs/v2.5.0/nrfxlib/crypto/nrf_cc310_platform/lib/cortex-m4/soft-float/no-interrupts/libnrf_cc310_platform_0.9.18.a(cc_pal_mutex.c.obj)
                0x0000000000006408                CC_PalMutexDestroy
 .text.CC_PalPowerSaveModeInit
                0x000000000000641c       0x3c C:/ncs/v2.5.0/nrfxlib/crypto/nrf_cc310_platform/lib/cortex-m4/soft-float/no-interrupts/libnrf_cc310_platform_0.9.18.a(cc_pal_pm.c.obj)
                0x000000000000641c                CC_PalPowerSaveModeInit
 .text.CC_PalPowerSaveModeSelect
                0x0000000000006458       0x84 C:/ncs/v2.5.0/nrfxlib/crypto/nrf_cc310_platform/lib/cortex-m4/soft-float/no-interrupts/libnrf_cc310_platform_0.9.18.a(cc_pal_pm.c.obj)
                0x0000000000006458                CC_PalPowerSaveModeSelect
 .text.puts     0x00000000000064dc       0x40 c:\ncs\toolchains\c57af46cb7\opt\zephyr-sdk\arm-zephyr-eabi\bin\../lib/gcc/../../picolibc/arm-zephyr-eabi/lib/thumb/v7e-m/nofp\libc.a(libc_tinystdio_puts.c.o)
                0x00000000000064dc                puts
 .text.is_ptr   0x000000000000651c       0x4a zephyr/libzephyr.a(cbprintf_packaged.c.obj)
                0x000000000000651c                is_ptr
 .text.printk   0x0000000000006566       0x1a zephyr/libzephyr.a(printk.c.obj)
                0x0000000000006566                printk
 .text.chunk_size
                0x0000000000006580        0xa zephyr/libzephyr.a(heap.c.obj)
 .text.free_list_add
                0x000000000000658a       0x4e zephyr/libzephyr.a(heap.c.obj)
 .text.sys_heap_init
                0x00000000000065d8       0x7a zephyr/libzephyr.a(heap.c.obj)
                0x00000000000065d8                sys_heap_init
 .text.process_recheck
                0x0000000000006652       0x38 zephyr/libzephyr.a(onoff.c.obj)
 .text.validate_args
                0x000000000000668a       0x20 zephyr/libzephyr.a(onoff.c.obj)
 .text.notify_one
                0x00000000000066aa       0x2c zephyr/libzephyr.a(onoff.c.obj)
 .text.transition_complete
                0x00000000000066d6       0x1c zephyr/libzephyr.a(onoff.c.obj)
 .text.onoff_manager_init
                0x00000000000066f2       0x26 zephyr/libzephyr.a(onoff.c.obj)
                0x00000000000066f2                onoff_manager_init
 .text.onoff_request
                0x0000000000006718       0xb0 zephyr/libzephyr.a(onoff.c.obj)
                0x0000000000006718                onoff_request
 .text.onoff_release
                0x00000000000067c8       0x4a zephyr/libzephyr.a(onoff.c.obj)
                0x00000000000067c8                onoff_release
 .text.sys_notify_validate
                0x0000000000006812       0x22 zephyr/libzephyr.a(notify.c.obj)
                0x0000000000006812                sys_notify_validate
 .text.sys_notify_finalize
                0x0000000000006834       0x1a zephyr/libzephyr.a(notify.c.obj)
                0x0000000000006834                sys_notify_finalize
 .text.free_space
                0x000000000000684e       0x26 zephyr/libzephyr.a(mpsc_pbuf.c.obj)
 .text.get_usage
                0x0000000000006874       0x22 zephyr/libzephyr.a(mpsc_pbuf.c.obj)
 .text.idx_inc  0x0000000000006896       0x1c zephyr/libzephyr.a(mpsc_pbuf.c.obj)
 .text.rd_idx_inc
                0x00000000000068b2       0x18 zephyr/libzephyr.a(mpsc_pbuf.c.obj)
 .text.add_skip_item
                0x00000000000068ca       0x3a zephyr/libzephyr.a(mpsc_pbuf.c.obj)
 .text.drop_item_locked
                0x0000000000006904       0xee zephyr/libzephyr.a(mpsc_pbuf.c.obj)
 .text.post_drop_action
                0x00000000000069f2       0x36 zephyr/libzephyr.a(mpsc_pbuf.c.obj)
 .text.max_utilization_update
                0x0000000000006a28       0x1a zephyr/libzephyr.a(mpsc_pbuf.c.obj)
 .text.mpsc_pbuf_init
                0x0000000000006a42       0x42 zephyr/libzephyr.a(mpsc_pbuf.c.obj)
                0x0000000000006a42                mpsc_pbuf_init
 .text.mpsc_pbuf_alloc
                0x0000000000006a84       0xfc zephyr/libzephyr.a(mpsc_pbuf.c.obj)
                0x0000000000006a84                mpsc_pbuf_alloc
 .text.mpsc_pbuf_commit
                0x0000000000006b80       0x40 zephyr/libzephyr.a(mpsc_pbuf.c.obj)
                0x0000000000006b80                mpsc_pbuf_commit
 .text.mpsc_pbuf_claim
                0x0000000000006bc0       0xa4 zephyr/libzephyr.a(mpsc_pbuf.c.obj)
                0x0000000000006bc0                mpsc_pbuf_claim
 .text.mpsc_pbuf_free
                0x0000000000006c64       0x78 zephyr/libzephyr.a(mpsc_pbuf.c.obj)
                0x0000000000006c64                mpsc_pbuf_free
 .text.mpsc_pbuf_is_pending
                0x0000000000006cdc       0x1a zephyr/libzephyr.a(mpsc_pbuf.c.obj)
                0x0000000000006cdc                mpsc_pbuf_is_pending
 .text._ConfigAbsSyms
                0x0000000000006cf6        0x2 zephyr/libzephyr.a(configs.c.obj)
                0x0000000000006cf6                _ConfigAbsSyms
 .text.log_msg_generic_get_wlen
                0x0000000000006cf8       0x20 zephyr/libzephyr.a(log_core.c.obj)
 .text.dummy_timestamp
                0x0000000000006d18        0x4 zephyr/libzephyr.a(log_core.c.obj)
 .text.default_get_timestamp
                0x0000000000006d1c        0x4 zephyr/libzephyr.a(log_core.c.obj)
 .text.atomic_inc
                0x0000000000006d20       0x1a zephyr/libzephyr.a(log_core.c.obj)
 .text.z_log_vprintk
                0x0000000000006d3a       0x1c zephyr/libzephyr.a(log_core.c.obj)
                0x0000000000006d3a                z_log_vprintk
 .text.z_log_notify_drop
                0x0000000000006d56        0x6 zephyr/libzephyr.a(log_core.c.obj)
 .text.z_cbprintf_cpy
                0x0000000000006d5c       0x2c zephyr/libzephyr.a(log_msg.c.obj)
 .text.z_log_msg_finalize
                0x0000000000006d88       0x32 zephyr/libzephyr.a(log_msg.c.obj)
                0x0000000000006d88                z_log_msg_finalize
 .text.abort_function
                0x0000000000006dba        0x8 zephyr/libzephyr.a(nrf_cc3xx_platform_abort_zephyr.c.obj)
 .text.z_do_kernel_oops
                0x0000000000006dc2        0x8 zephyr/arch/arch/arm/core/aarch32/libarch__arm__core__aarch32.a(fatal.c.obj)
                0x0000000000006dc2                z_do_kernel_oops
 .text.z_irq_spurious
                0x0000000000006dca        0x8 zephyr/arch/arch/arm/core/aarch32/libarch__arm__core__aarch32.a(irq_manage.c.obj)
                0x0000000000006dca                z_irq_spurious
 .text.z_arm_nmi
                0x0000000000006dd2        0xe zephyr/arch/arch/arm/core/aarch32/libarch__arm__core__aarch32.a(nmi.c.obj)
                0x0000000000006dd2                z_arm_nmi
 .text.z_log_msg_static_create.constprop.0
                0x0000000000006de0        0x6 zephyr/arch/arch/arm/core/aarch32/cortex_m/libarch__arm__core__aarch32__cortex_m.a(fault.c.obj)
 .text.picolibc_put
                0x0000000000006de6        0xa zephyr/lib/libc/picolibc/liblib__libc__picolibc.a(libc-hooks.c.obj)
 .text.get_status
                0x0000000000006df0       0x12 zephyr/drivers/clock_control/libdrivers__clock_control.a(clock_control_nrf.c.obj)
 .text.set_on_state
                0x0000000000006e02       0x26 zephyr/drivers/clock_control/libdrivers__clock_control.a(clock_control_nrf.c.obj)
 .text.stop     0x0000000000006e28       0x52 zephyr/drivers/clock_control/libdrivers__clock_control.a(clock_control_nrf.c.obj)
 .text.api_stop
                0x0000000000006e7a        0x6 zephyr/drivers/clock_control/libdrivers__clock_control.a(clock_control_nrf.c.obj)
 .text.async_start
                0x0000000000006e80       0x5c zephyr/drivers/clock_control/libdrivers__clock_control.a(clock_control_nrf.c.obj)
 .text.api_start
                0x0000000000006edc        0xe zephyr/drivers/clock_control/libdrivers__clock_control.a(clock_control_nrf.c.obj)
 .text.onoff_started_callback
                0x0000000000006eea       0x12 zephyr/drivers/clock_control/libdrivers__clock_control.a(clock_control_nrf.c.obj)
 .text.lfclk_start
                0x0000000000006efc        0x6 zephyr/drivers/clock_control/libdrivers__clock_control.a(clock_control_nrf.c.obj)
 .text.blocking_start_callback
                0x0000000000006f02        0x6 zephyr/drivers/clock_control/libdrivers__clock_control.a(clock_control_nrf.c.obj)
 .text.lfclk_stop
                0x0000000000006f08       0x10 zephyr/drivers/clock_control/libdrivers__clock_control.a(clock_control_nrf.c.obj)
 .text.timeout_handler
                0x0000000000006f18        0x4 zephyr/drivers/clock_control/libdrivers__clock_control.a(nrf_clock_calibration.c.obj)
 .text.gpio_nrfx_port_get_raw
                0x0000000000006f1c        0xe zephyr/drivers/gpio/libdrivers__gpio.a(gpio_nrfx.c.obj)
 .text.gpio_nrfx_port_set_masked_raw
                0x0000000000006f2a       0x18 zephyr/drivers/gpio/libdrivers__gpio.a(gpio_nrfx.c.obj)
 .text.gpio_nrfx_port_set_bits_raw
                0x0000000000006f42        0xc zephyr/drivers/gpio/libdrivers__gpio.a(gpio_nrfx.c.obj)
 .text.gpio_nrfx_port_clear_bits_raw
                0x0000000000006f4e        0xc zephyr/drivers/gpio/libdrivers__gpio.a(gpio_nrfx.c.obj)
 .text.gpio_nrfx_port_toggle_bits
                0x0000000000006f5a       0x1a zephyr/drivers/gpio/libdrivers__gpio.a(gpio_nrfx.c.obj)
 .text.gpio_nrfx_manage_callback
                0x0000000000006f74       0x52 zephyr/drivers/gpio/libdrivers__gpio.a(gpio_nrfx.c.obj)
 .text.z_impl_i2c_transfer
                0x0000000000006fc6        0xc zephyr/drivers/kscan/libdrivers__kscan.a(kscan_sx1508.c.obj)
 .text.sx1508_irq_callback
                0x0000000000006fd2        0x8 zephyr/drivers/kscan/libdrivers__kscan.a(kscan_sx1508.c.obj)
 .text.z_log_msg_static_create.constprop.0
                0x0000000000006fda        0x6 zephyr/drivers/kscan/libdrivers__kscan.a(kscan_sx1508.c.obj)
 .text.i2c_write_dt.constprop.0
                0x0000000000006fe0       0x20 zephyr/drivers/kscan/libdrivers__kscan.a(kscan_sx1508.c.obj)
 .text.kscan_sx1508_config
                0x0000000000007000       0x24 zephyr/drivers/kscan/libdrivers__kscan.a(kscan_sx1508.c.obj)
 .text.find_zero_indexes
                0x0000000000007024       0x2c zephyr/drivers/kscan/libdrivers__kscan.a(kscan_sx1508.c.obj)
                0x0000000000007024                find_zero_indexes
 .text.uarte_nrfx_config_get
                0x0000000000007050       0x10 zephyr/drivers/serial/libdrivers__serial.a(uart_nrfx_uarte.c.obj)
 .text.uarte_nrfx_err_check
                0x0000000000007060        0xe zephyr/drivers/serial/libdrivers__serial.a(uart_nrfx_uarte.c.obj)
 .text.uarte_nrfx_poll_in
                0x000000000000706e       0x28 zephyr/drivers/serial/libdrivers__serial.a(uart_nrfx_uarte.c.obj)
 .text.is_tx_ready.isra.0
                0x0000000000007096       0x20 zephyr/drivers/serial/libdrivers__serial.a(uart_nrfx_uarte.c.obj)
 .text.uarte_nrfx_isr_int
                0x00000000000070b6       0x72 zephyr/drivers/serial/libdrivers__serial.a(uart_nrfx_uarte.c.obj)
 .text.event_clear
                0x0000000000007128       0x18 zephyr/drivers/timer/libdrivers__timer.a(nrf_rtc_timer.c.obj)
 .text.sys_clock_cycle_get_32
                0x0000000000007140        0x8 zephyr/drivers/timer/libdrivers__timer.a(nrf_rtc_timer.c.obj)
                0x0000000000007140                sys_clock_cycle_get_32
 .text.hw_cc3xx_init_internal
                0x0000000000007148        0x4 modules/nrf/drivers/hw_cc310/lib..__nrf__drivers__hw_cc310.a(hw_cc310.c.obj)
 .text.hw_cc3xx_init
                0x000000000000714c       0x12 modules/nrf/drivers/hw_cc310/lib..__nrf__drivers__hw_cc310.a(hw_cc310.c.obj)
 .text.nrfx_isr
                0x000000000000715e        0x2 modules/hal_nordic/nrfx/libmodules__hal_nordic__nrfx.a(nrfx_glue.c.obj)
                0x000000000000715e                nrfx_isr
 .text.nrfx_busy_wait
                0x0000000000007160        0x4 modules/hal_nordic/nrfx/libmodules__hal_nordic__nrfx.a(nrfx_glue.c.obj)
                0x0000000000007160                nrfx_busy_wait
 .text.nrfx_gppi_channel_endpoints_setup
                0x0000000000007164       0x14 modules/hal_nordic/nrfx/libmodules__hal_nordic__nrfx.a(nrfx_gppi_ppi.c.obj)
                0x0000000000007164                nrfx_gppi_channel_endpoints_setup
 .text.nrfx_clock_enable
                0x0000000000007178       0x1a modules/hal_nordic/nrfx/libmodules__hal_nordic__nrfx.a(nrfx_clock.c.obj)
                0x0000000000007178                nrfx_clock_enable
 .text.nrfx_clock_start
                0x0000000000007192       0x70 modules/hal_nordic/nrfx/libmodules__hal_nordic__nrfx.a(nrfx_clock.c.obj)
                0x0000000000007192                nrfx_clock_start
 .text.nrfx_clock_stop
                0x0000000000007202        0x4 modules/hal_nordic/nrfx/libmodules__hal_nordic__nrfx.a(nrfx_clock.c.obj)
                0x0000000000007202                nrfx_clock_stop
 .text.nrf_gpio_reconfigure
                0x0000000000007206       0x92 modules/hal_nordic/nrfx/libmodules__hal_nordic__nrfx.a(nrfx_gpiote.c.obj)
 .text.nrf_gpio_cfg_sense_set
                0x0000000000007298       0x1e modules/hal_nordic/nrfx/libmodules__hal_nordic__nrfx.a(nrfx_gpiote.c.obj)
 .text.twi_transfer
                0x00000000000072b6      0x130 modules/hal_nordic/nrfx/libmodules__hal_nordic__nrfx.a(nrfx_twi.c.obj)
 .text.nrf_gpio_pin_set
                0x00000000000073e6       0x1a modules/hal_nordic/nrfx/libmodules__hal_nordic__nrfx.a(nrfx_twi_twim.c.obj)
 .text.z_impl_k_busy_wait
                0x0000000000007400        0x8 zephyr/kernel/libkernel.a(busy_wait.c.obj)
                0x0000000000007400                z_impl_k_busy_wait
 .text.z_device_state_init
                0x0000000000007408        0x2 zephyr/kernel/libkernel.a(device.c.obj)
                0x0000000000007408                z_device_state_init
 .text.z_device_is_ready
                0x000000000000740a       0x16 zephyr/kernel/libkernel.a(device.c.obj)
                0x000000000000740a                z_device_is_ready
 .text.z_early_memset
                0x0000000000007420        0x4 zephyr/kernel/libkernel.a(init.c.obj)
                0x0000000000007420                z_early_memset
 .text.z_early_memcpy
                0x0000000000007424        0x4 zephyr/kernel/libkernel.a(init.c.obj)
                0x0000000000007424                z_early_memcpy
 .text.create_free_list
                0x0000000000007428       0x2c zephyr/kernel/libkernel.a(mem_slab.c.obj)
 .text.k_mem_slab_init
                0x0000000000007454       0x1c zephyr/kernel/libkernel.a(mem_slab.c.obj)
                0x0000000000007454                k_mem_slab_init
 .text.k_mem_slab_free
                0x0000000000007470       0x4c zephyr/kernel/libkernel.a(mem_slab.c.obj)
                0x0000000000007470                k_mem_slab_free
 .text.k_is_in_isr
                0x00000000000074bc        0xc zephyr/kernel/libkernel.a(thread.c.obj)
                0x00000000000074bc                k_is_in_isr
 .text.z_impl_k_thread_name_set
                0x00000000000074c8        0x6 zephyr/kernel/libkernel.a(thread.c.obj)
                0x00000000000074c8                z_impl_k_thread_name_set
 .text.k_thread_name_get
                0x00000000000074ce        0x4 zephyr/kernel/libkernel.a(thread.c.obj)
                0x00000000000074ce                k_thread_name_get
 .text.z_impl_k_thread_start
                0x00000000000074d2        0x4 zephyr/kernel/libkernel.a(thread.c.obj)
                0x00000000000074d2                z_impl_k_thread_start
 .text.idle     0x00000000000074d6       0x18 zephyr/kernel/libkernel.a(idle.c.obj)
                0x00000000000074d6                idle
 .text.adjust_owner_prio.isra.0
                0x00000000000074ee       0x10 zephyr/kernel/libkernel.a(mutex.c.obj)
 .text.z_impl_k_mutex_init
                0x00000000000074fe        0xe zephyr/kernel/libkernel.a(mutex.c.obj)
                0x00000000000074fe                z_impl_k_mutex_init
 .text.z_impl_k_sem_init
                0x000000000000750c       0x18 zephyr/kernel/libkernel.a(sem.c.obj)
                0x000000000000750c                z_impl_k_sem_init
 .text.flag_test_and_clear
                0x0000000000007524       0x16 zephyr/kernel/libkernel.a(work.c.obj)
 .text.notify_queue_locked.isra.0
                0x000000000000753a        0xe zephyr/kernel/libkernel.a(work.c.obj)
 .text.z_work_submit_to_queue
                0x0000000000007548       0x28 zephyr/kernel/libkernel.a(work.c.obj)
                0x0000000000007548                z_work_submit_to_queue
 .text.k_work_submit_to_queue
                0x0000000000007570       0x22 zephyr/kernel/libkernel.a(work.c.obj)
                0x0000000000007570                k_work_submit_to_queue
 .text.sys_dlist_remove
                0x0000000000007592       0x10 zephyr/kernel/libkernel.a(sched.c.obj)
 .text.unpend_thread_no_timeout
                0x00000000000075a2       0x14 zephyr/kernel/libkernel.a(sched.c.obj)
 .text.add_to_waitq_locked
                0x00000000000075b6       0x50 zephyr/kernel/libkernel.a(sched.c.obj)
 .text.z_ready_thread
                0x0000000000007606       0x20 zephyr/kernel/libkernel.a(sched.c.obj)
                0x0000000000007606                z_ready_thread
 .text.z_unpend_thread_no_timeout
                0x0000000000007626       0x24 zephyr/kernel/libkernel.a(sched.c.obj)
                0x0000000000007626                z_unpend_thread_no_timeout
 .text.z_sched_wake_thread
                0x000000000000764a       0x44 zephyr/kernel/libkernel.a(sched.c.obj)
                0x000000000000764a                z_sched_wake_thread
 .text.z_thread_timeout
                0x000000000000768e        0x8 zephyr/kernel/libkernel.a(sched.c.obj)
                0x000000000000768e                z_thread_timeout
 .text.z_unpend1_no_timeout
                0x0000000000007696       0x2e zephyr/kernel/libkernel.a(sched.c.obj)
                0x0000000000007696                z_unpend1_no_timeout
 .text.z_unpend_first_thread
                0x00000000000076c4       0x38 zephyr/kernel/libkernel.a(sched.c.obj)
                0x00000000000076c4                z_unpend_first_thread
 .text.z_reschedule_irqlock
                0x00000000000076fc       0x18 zephyr/kernel/libkernel.a(sched.c.obj)
                0x00000000000076fc                z_reschedule_irqlock
 .text.z_reschedule_unlocked
                0x0000000000007714       0x14 zephyr/kernel/libkernel.a(sched.c.obj)
 .text.z_sched_wake
                0x0000000000007728       0x46 zephyr/kernel/libkernel.a(sched.c.obj)
                0x0000000000007728                z_sched_wake
 .text.z_abort_timeout
                0x000000000000776e       0x2c zephyr/kernel/libkernel.a(timeout.c.obj)
                0x000000000000776e                z_abort_timeout
 .text.sys_clock_tick_get_32
                0x000000000000779a        0x8 zephyr/kernel/libkernel.a(timeout.c.obj)
                0x000000000000779a                sys_clock_tick_get_32
 .text.z_impl_k_uptime_ticks
                0x00000000000077a2        0x4 zephyr/kernel/libkernel.a(timeout.c.obj)
                0x00000000000077a2                z_impl_k_uptime_ticks
 .text.k_timer_init
                0x00000000000077a6       0x18 zephyr/kernel/libkernel.a(timer.c.obj)
                0x00000000000077a6                k_timer_init
 .text.z_impl_k_timer_stop
                0x00000000000077be       0x3a zephyr/kernel/libkernel.a(timer.c.obj)
                0x00000000000077be                z_impl_k_timer_stop
 .text._OffsetAbsSyms
                0x00000000000077f8        0x2 zephyr/CMakeFiles/offsets.dir/./arch/arm/core/offsets/offsets.c.obj
                0x00000000000077f8                _OffsetAbsSyms
 .text.memcpy   0x00000000000077fa       0x1c c:\ncs\toolchains\c57af46cb7\opt\zephyr-sdk\arm-zephyr-eabi\bin\../lib/gcc/../../picolibc/arm-zephyr-eabi/lib/thumb/v7e-m/nofp\libc.a(memcpy.c.o)
                0x00000000000077fa                __aeabi_memcpy
                0x00000000000077fa                __aeabi_memcpy4
                0x00000000000077fa                __aeabi_memcpy8
                0x00000000000077fa                memcpy
 .text.memset   0x0000000000007816       0x10 c:\ncs\toolchains\c57af46cb7\opt\zephyr-sdk\arm-zephyr-eabi\bin\../lib/gcc/../../picolibc/arm-zephyr-eabi/lib/thumb/v7e-m/nofp\libc.a(memset.c.o)
                0x0000000000007816                memset
 *(SORT_BY_ALIGNMENT(.TEXT.*))
 *fill*         0x0000000000007826        0x2 
 .TEXT.__aeabi_read_tp
                0x0000000000007828        0xc zephyr/arch/arch/arm/core/aarch32/cortex_m/libarch__arm__core__aarch32__cortex_m.a(__aeabi_read_tp.S.obj)
                0x0000000000007828                __aeabi_read_tp
 *(SORT_BY_ALIGNMENT(.gnu.linkonce.t.*))
 *(SORT_BY_ALIGNMENT(.glue_7t))
 .glue_7t       0x0000000000007834        0x0 linker stubs
 *(SORT_BY_ALIGNMENT(.glue_7))
 .glue_7        0x0000000000007834        0x0 linker stubs
 *(SORT_BY_ALIGNMENT(.vfp11_veneer))
 .vfp11_veneer  0x0000000000007834        0x0 linker stubs
 *(SORT_BY_ALIGNMENT(.v4_bx))
 .v4_bx         0x0000000000007834        0x0 linker stubs
                0x0000000000007834                . = ALIGN (0x4)
                0x0000000000007834                __text_region_end = .

.ARM.exidx      0x0000000000007834        0x8
                0x0000000000007834                __exidx_start = .
 *(SORT_BY_ALIGNMENT(.ARM.exidx*) SORT_BY_ALIGNMENT(gnu.linkonce.armexidx.*))
 .ARM.exidx     0x0000000000007834        0x8 c:/ncs/toolchains/c57af46cb7/opt/zephyr-sdk/arm-zephyr-eabi/bin/../lib/gcc/arm-zephyr-eabi/12.2.0/thumb/v7e-m/nofp\libgcc.a(_udivmoddi4.o)
                0x000000000000783c                __exidx_end = .
                0x000000000000783c                __rodata_region_start = .

initlevel       0x000000000000783c       0x78
                0x000000000000783c                __init_start = .
                0x000000000000783c                __init_EARLY_start = .
 *(SORT_BY_NAME(SORT_BY_ALIGNMENT(.z_init_EARLY?_*)))
 *(SORT_BY_NAME(SORT_BY_ALIGNMENT(.z_init_EARLY??_*)))
                0x000000000000783c                __init_PRE_KERNEL_1_start = .
 *(SORT_BY_NAME(SORT_BY_ALIGNMENT(.z_init_PRE_KERNEL_1?_*)))
 .z_init_PRE_KERNEL_10_0_
                0x000000000000783c        0x8 zephyr/soc/soc/arm/nordic_nrf/nrf52/libsoc__arm__nordic_nrf__nrf52.a(soc.c.obj)
 *(SORT_BY_NAME(SORT_BY_ALIGNMENT(.z_init_PRE_KERNEL_1??_*)))
 .z_init_PRE_KERNEL_130_00074_
                0x0000000000007844        0x8 zephyr/drivers/clock_control/libdrivers__clock_control.a(clock_control_nrf.c.obj)
 .z_init_PRE_KERNEL_130_0_
                0x000000000000784c        0x8 zephyr/kernel/libkernel.a(mem_slab.c.obj)
 .z_init_PRE_KERNEL_140_00011_
                0x0000000000007854        0x8 zephyr/drivers/gpio/libdrivers__gpio.a(gpio_nrfx.c.obj)
 .z_init_PRE_KERNEL_140_00103_
                0x000000000000785c        0x8 zephyr/drivers/gpio/libdrivers__gpio.a(gpio_nrfx.c.obj)
 .z_init_PRE_KERNEL_140_0_
                0x0000000000007864        0x8 modules/nrf/drivers/hw_cc310/lib..__nrf__drivers__hw_cc310.a(hw_cc310.c.obj)
 .z_init_PRE_KERNEL_155_00111_
                0x000000000000786c        0x8 zephyr/drivers/serial/libdrivers__serial.a(uart_nrfx_uarte.c.obj)
                0x0000000000007874                __init_PRE_KERNEL_2_start = .
 *(SORT_BY_NAME(SORT_BY_ALIGNMENT(.z_init_PRE_KERNEL_2?_*)))
 .z_init_PRE_KERNEL_20_0_
                0x0000000000007874        0x8 zephyr/drivers/timer/libdrivers__timer.a(nrf_rtc_timer.c.obj)
 *(SORT_BY_NAME(SORT_BY_ALIGNMENT(.z_init_PRE_KERNEL_2??_*)))
                0x000000000000787c                __init_POST_KERNEL_start = .
 *(SORT_BY_NAME(SORT_BY_ALIGNMENT(.z_init_POST_KERNEL?_*)))
 .z_init_POST_KERNEL0_0_
                0x000000000000787c        0x8 zephyr/libzephyr.a(log_core.c.obj)
 *(SORT_BY_NAME(SORT_BY_ALIGNMENT(.z_init_POST_KERNEL??_*)))
 .z_init_POST_KERNEL40_0_
                0x0000000000007884        0x8 zephyr/lib/libc/common/liblib__libc__common.a(malloc.c.obj)
 .z_init_POST_KERNEL40_0_
                0x000000000000788c        0x8 modules/nrf/drivers/hw_cc310/lib..__nrf__drivers__hw_cc310.a(hw_cc310.c.obj)
 .z_init_POST_KERNEL40_0_
                0x0000000000007894        0x8 zephyr/kernel/libkernel.a(system_work_q.c.obj)
 .z_init_POST_KERNEL50_00125_
                0x000000000000789c        0x8 zephyr/drivers/i2c/libdrivers__i2c.a(i2c_nrfx_twi.c.obj)
 .z_init_POST_KERNEL90_00105_
                0x00000000000078a4        0x8 zephyr/drivers/sensor/nrf5/libdrivers__sensor__nrf5.a(temp_nrf5.c.obj)
 .z_init_POST_KERNEL90_00126_
                0x00000000000078ac        0x8 zephyr/drivers/kscan/libdrivers__kscan.a(kscan_sx1508.c.obj)
                0x00000000000078b4                __init_APPLICATION_start = .
 *(SORT_BY_NAME(SORT_BY_ALIGNMENT(.z_init_APPLICATION?_*)))
 *(SORT_BY_NAME(SORT_BY_ALIGNMENT(.z_init_APPLICATION??_*)))
                0x00000000000078b4                __init_SMP_start = .
 *(SORT_BY_NAME(SORT_BY_ALIGNMENT(.z_init_SMP?_*)))
 *(SORT_BY_NAME(SORT_BY_ALIGNMENT(.z_init_SMP??_*)))
                0x00000000000078b4                __init_end = .

device_area     0x00000000000078b4       0x8c
                0x00000000000078b4                _device_list_start = .
 *(SORT_BY_NAME(SORT_BY_ALIGNMENT(._device.static.*_?_*)))
 *(SORT_BY_NAME(SORT_BY_ALIGNMENT(._device.static.*_??_*)))
 ._device.static.1_30_
                0x00000000000078b4       0x14 zephyr/drivers/clock_control/libdrivers__clock_control.a(clock_control_nrf.c.obj)
                0x00000000000078b4                __device_dts_ord_74
 ._device.static.1_40_
                0x00000000000078c8       0x28 zephyr/drivers/gpio/libdrivers__gpio.a(gpio_nrfx.c.obj)
                0x00000000000078c8                __device_dts_ord_103
                0x00000000000078dc                __device_dts_ord_11
 ._device.static.1_55_
                0x00000000000078f0       0x14 zephyr/drivers/serial/libdrivers__serial.a(uart_nrfx_uarte.c.obj)
                0x00000000000078f0                __device_dts_ord_111
 ._device.static.3_50_
                0x0000000000007904       0x14 zephyr/drivers/i2c/libdrivers__i2c.a(i2c_nrfx_twi.c.obj)
                0x0000000000007904                __device_dts_ord_125
 ._device.static.3_90_
                0x0000000000007918       0x14 zephyr/drivers/kscan/libdrivers__kscan.a(kscan_sx1508.c.obj)
                0x0000000000007918                __device_dts_ord_126
 ._device.static.3_90_
                0x000000000000792c       0x14 zephyr/drivers/sensor/nrf5/libdrivers__sensor__nrf5.a(temp_nrf5.c.obj)
                0x000000000000792c                __device_dts_ord_105
                0x0000000000007940                _device_list_end = .

sw_isr_table    0x0000000000007940      0x180
                0x0000000000007940                . = ALIGN (0x4)
 *(SORT_BY_ALIGNMENT(.gnu.linkonce.sw_isr_table*))
 .gnu.linkonce.sw_isr_table
                0x0000000000007940      0x180 zephyr/arch/common/libisr_tables.a(isr_tables.c.obj)
                0x0000000000007940                _sw_isr_table

initlevel_error
                0x000000000000783c        0x0
 *(SORT_BY_NAME(SORT_BY_ALIGNMENT(.z_init_[_A-Z0-9]*)))
                0x0000000000000001                ASSERT ((SIZEOF (initlevel_error) == 0x0), Undefined initialization levels used.)

app_shmem_regions
                0x0000000000007ac0        0x0
                0x0000000000007ac0                __app_shmem_regions_start = .
 *(SORT_BY_NAME(SORT_BY_ALIGNMENT(.app_regions.*)))
                0x0000000000007ac0                __app_shmem_regions_end = .

k_p4wq_initparam_area
                0x0000000000007ac0        0x0
                0x0000000000007ac0                _k_p4wq_initparam_list_start = .
 *(SORT_BY_NAME(SORT_BY_ALIGNMENT(._k_p4wq_initparam.static.*)))
                0x0000000000007ac0                _k_p4wq_initparam_list_end = .

_static_thread_data_area
                0x0000000000007ac0        0x0
                0x0000000000007ac0                __static_thread_data_list_start = .
 *(SORT_BY_NAME(SORT_BY_ALIGNMENT(.__static_thread_data.static.*)))
                0x0000000000007ac0                __static_thread_data_list_end = .

device_deps     0x0000000000007ac0        0x0
                0x0000000000007ac0                __device_deps_start = .
 *(SORT_BY_NAME(SORT_BY_ALIGNMENT(.__device_deps_pass2*)))
                0x0000000000007ac0                __device_deps_end = .

ztest           0x0000000000007ac0        0x0
                0x0000000000007ac0                _ztest_expected_result_entry_list_start = .
 *(SORT_BY_NAME(SORT_BY_ALIGNMENT(._ztest_expected_result_entry.static.*)))
                0x0000000000007ac0                _ztest_expected_result_entry_list_end = .
                0x0000000000007ac0                _ztest_suite_node_list_start = .
 *(SORT_BY_NAME(SORT_BY_ALIGNMENT(._ztest_suite_node.static.*)))
                0x0000000000007ac0                _ztest_suite_node_list_end = .
                0x0000000000007ac0                _ztest_unit_test_list_start = .
 *(SORT_BY_NAME(SORT_BY_ALIGNMENT(._ztest_unit_test.static.*)))
                0x0000000000007ac0                _ztest_unit_test_list_end = .
                0x0000000000007ac0                _ztest_test_rule_list_start = .
 *(SORT_BY_NAME(SORT_BY_ALIGNMENT(._ztest_test_rule.static.*)))
                0x0000000000007ac0                _ztest_test_rule_list_end = .

bt_l2cap_fixed_chan_area
                0x0000000000007ac0        0x0
                0x0000000000007ac0                _bt_l2cap_fixed_chan_list_start = .
 *(SORT_BY_NAME(SORT_BY_ALIGNMENT(._bt_l2cap_fixed_chan.static.*)))
                0x0000000000007ac0                _bt_l2cap_fixed_chan_list_end = .

bt_gatt_service_static_area
                0x0000000000007ac0        0x0
                0x0000000000007ac0                _bt_gatt_service_static_list_start = .
 *(SORT_BY_NAME(SORT_BY_ALIGNMENT(._bt_gatt_service_static.static.*)))
                0x0000000000007ac0                _bt_gatt_service_static_list_end = .

log_strings_area
                0x0000000000007ac0        0x0
                0x0000000000007ac0                _log_strings_list_start = .
 *(SORT_BY_NAME(SORT_BY_ALIGNMENT(._log_strings.static.*)))
                0x0000000000007ac0                _log_strings_list_end = .

log_const_area  0x0000000000007ac0       0x98
                0x0000000000007ac0                _log_const_list_start = .
 *(SORT_BY_NAME(SORT_BY_ALIGNMENT(._log_const.static.*)))
 ._log_const.static.log_const_NRFX_CLOCK_
                0x0000000000007ac0        0x8 modules/hal_nordic/nrfx/libmodules__hal_nordic__nrfx.a(nrfx_clock.c.obj)
                0x0000000000007ac0                log_const_NRFX_CLOCK
 ._log_const.static.log_const_NRFX_GPIOTE_
                0x0000000000007ac8        0x8 modules/hal_nordic/nrfx/libmodules__hal_nordic__nrfx.a(nrfx_gpiote.c.obj)
                0x0000000000007ac8                log_const_NRFX_GPIOTE
 ._log_const.static.log_const_NRFX_PPI_
                0x0000000000007ad0        0x8 modules/hal_nordic/nrfx/libmodules__hal_nordic__nrfx.a(nrfx_ppi.c.obj)
                0x0000000000007ad0                log_const_NRFX_PPI
 ._log_const.static.log_const_NRFX_TWI_
                0x0000000000007ad8        0x8 modules/hal_nordic/nrfx/libmodules__hal_nordic__nrfx.a(nrfx_twi.c.obj)
                0x0000000000007ad8                log_const_NRFX_TWI
 ._log_const.static.log_const_cbprintf_package_
                0x0000000000007ae0        0x8 zephyr/libzephyr.a(cbprintf_packaged.c.obj)
                0x0000000000007ae0                log_const_cbprintf_package
 ._log_const.static.log_const_clock_control_
                0x0000000000007ae8        0x8 zephyr/drivers/clock_control/libdrivers__clock_control.a(clock_control_nrf.c.obj)
                0x0000000000007ae8                log_const_clock_control
 ._log_const.static.log_const_dk_buttons_and_leds_
                0x0000000000007af0        0x8 modules/nrf/lib/dk_buttons_and_leds/lib..__nrf__lib__dk_buttons_and_leds.a(dk_buttons_and_leds.c.obj)
                0x0000000000007af0                log_const_dk_buttons_and_leds
 ._log_const.static.log_const_fatal_error_
                0x0000000000007af8        0x8 modules/nrf/lib/fatal_error/lib..__nrf__lib__fatal_error.a(fatal_error.c.obj)
                0x0000000000007af8                log_const_fatal_error
 ._log_const.static.log_const_i2c_
                0x0000000000007b00        0x8 zephyr/drivers/i2c/libdrivers__i2c.a(i2c_common.c.obj)
                0x0000000000007b00                log_const_i2c
 ._log_const.static.log_const_i2c_nrfx_twi_
                0x0000000000007b08        0x8 zephyr/drivers/i2c/libdrivers__i2c.a(i2c_nrfx_twi.c.obj)
                0x0000000000007b08                log_const_i2c_nrfx_twi
 ._log_const.static.log_const_kscan_sx1508_
                0x0000000000007b10        0x8 zephyr/drivers/kscan/libdrivers__kscan.a(kscan_sx1508.c.obj)
                0x0000000000007b10                log_const_kscan_sx1508
 ._log_const.static.log_const_log_
                0x0000000000007b18        0x8 zephyr/libzephyr.a(log_core.c.obj)
                0x0000000000007b18                log_const_log
 ._log_const.static.log_const_log_mgmt_
                0x0000000000007b20        0x8 zephyr/libzephyr.a(log_mgmt.c.obj)
                0x0000000000007b20                log_const_log_mgmt
 ._log_const.static.log_const_main_
                0x0000000000007b28        0x8 app/libapp.a(main.c.obj)
                0x0000000000007b28                log_const_main
 ._log_const.static.log_const_mpu_
                0x0000000000007b30        0x8 zephyr/arch/arch/arm/core/aarch32/mpu/libarch__arm__core__aarch32__mpu.a(arm_core_mpu.c.obj)
                0x0000000000007b30                log_const_mpu
 ._log_const.static.log_const_os_
                0x0000000000007b38        0x8 zephyr/kernel/libkernel.a(init.c.obj)
                0x0000000000007b38                log_const_os
 ._log_const.static.log_const_soc_
                0x0000000000007b40        0x8 zephyr/soc/soc/arm/nordic_nrf/nrf52/libsoc__arm__nordic_nrf__nrf52.a(soc.c.obj)
                0x0000000000007b40                log_const_soc
 ._log_const.static.log_const_temp_nrf5_
                0x0000000000007b48        0x8 zephyr/drivers/sensor/nrf5/libdrivers__sensor__nrf5.a(temp_nrf5.c.obj)
                0x0000000000007b48                log_const_temp_nrf5
 ._log_const.static.log_const_uart_nrfx_uarte_
                0x0000000000007b50        0x8 zephyr/drivers/serial/libdrivers__serial.a(uart_nrfx_uarte.c.obj)
                0x0000000000007b50                log_const_uart_nrfx_uarte
                0x0000000000007b58                _log_const_list_end = .

log_backend_area
                0x0000000000007b58        0x0
                0x0000000000007b58                _log_backend_list_start = .
 *(SORT_BY_NAME(SORT_BY_ALIGNMENT(._log_backend.static.*)))
                0x0000000000007b58                _log_backend_list_end = .

log_link_area   0x0000000000007b58        0x0
                0x0000000000007b58                _log_link_list_start = .
 *(SORT_BY_NAME(SORT_BY_ALIGNMENT(._log_link.static.*)))
                0x0000000000007b58                _log_link_list_end = .

tracing_backend_area
                0x0000000000007b58        0x0
                0x0000000000007b58                _tracing_backend_list_start = .
 *(SORT_BY_NAME(SORT_BY_ALIGNMENT(._tracing_backend.static.*)))
                0x0000000000007b58                _tracing_backend_list_end = .

zephyr_dbg_info
 *(SORT_BY_ALIGNMENT(.dbg_thread_info))

symbol_to_keep  0x0000000000007b58        0x0
                0x0000000000007b58                __symbol_to_keep_start = .
 *(SORT_BY_NAME(SORT_BY_ALIGNMENT(.symbol_to_keep*)))
                0x0000000000007b58                __symbol_to_keep_end = .

shell_area      0x0000000000007b58        0x0
                0x0000000000007b58                _shell_list_start = .
 *(SORT_BY_NAME(SORT_BY_ALIGNMENT(._shell.static.*)))
                0x0000000000007b58                _shell_list_end = .

shell_root_cmds_area
                0x0000000000007b58        0x0
                0x0000000000007b58                _shell_root_cmds_list_start = .
 *(SORT_BY_NAME(SORT_BY_ALIGNMENT(._shell_root_cmds.static.*)))
                0x0000000000007b58                _shell_root_cmds_list_end = .

shell_subcmds_area
                0x0000000000007b58        0x0
                0x0000000000007b58                _shell_subcmds_list_start = .
 *(SORT_BY_NAME(SORT_BY_ALIGNMENT(._shell_subcmds.static.*)))
                0x0000000000007b58                _shell_subcmds_list_end = .

shell_dynamic_subcmds_area
                0x0000000000007b58        0x0
                0x0000000000007b58                _shell_dynamic_subcmds_list_start = .
 *(SORT_BY_NAME(SORT_BY_ALIGNMENT(._shell_dynamic_subcmds.static.*)))
                0x0000000000007b58                _shell_dynamic_subcmds_list_end = .

cfb_font_area   0x0000000000007b58        0x0
                0x0000000000007b58                _cfb_font_list_start = .
 *(SORT_BY_NAME(SORT_BY_ALIGNMENT(._cfb_font.static.*)))
                0x0000000000007b58                _cfb_font_list_end = .

tdata           0x0000000000007b58        0x0
 *(SORT_BY_ALIGNMENT(.tdata) SORT_BY_ALIGNMENT(.tdata.*) SORT_BY_ALIGNMENT(.gnu.linkonce.td.*))

tbss            0x0000000000007b58        0x4
 *(SORT_BY_ALIGNMENT(.tbss) SORT_BY_ALIGNMENT(.tbss.*) SORT_BY_ALIGNMENT(.gnu.linkonce.tb.*) SORT_BY_ALIGNMENT(.tcommon))
 .tbss.z_tls_current
                0x0000000000007b58        0x4 zephyr/libzephyr.a(thread_entry.c.obj)
                0x0000000000007b58                z_tls_current
                0x0000000000007b58                PROVIDE (__tdata_start = LOADADDR (tdata))
                0x0000000000000000                PROVIDE (__tdata_size = SIZEOF (tdata))
                [!provide]                        PROVIDE (__tdata_end = (__tdata_start + __tdata_size))
                0x0000000000000001                PROVIDE (__tdata_align = ALIGNOF (tdata))
                [!provide]                        PROVIDE (__tbss_start = ADDR (tbss))
                0x0000000000000004                PROVIDE (__tbss_size = SIZEOF (tbss))
                [!provide]                        PROVIDE (__tbss_end = (__tbss_start + __tbss_size))
                0x0000000000000004                PROVIDE (__tbss_align = ALIGNOF (tbss))
                [!provide]                        PROVIDE (__tls_start = __tdata_start)
                [!provide]                        PROVIDE (__tls_end = __tbss_end)
                [!provide]                        PROVIDE (__tls_size = (__tbss_end - __tdata_start))

rodata          0x0000000000007b60      0xc80
 *(SORT_BY_ALIGNMENT(.rodata))
 *(SORT_BY_ALIGNMENT(.rodata.*))
 .rodata.delay_machine_code.0
                0x0000000000007b60        0x6 zephyr/soc/soc/arm/nordic_nrf/nrf52/libsoc__arm__nordic_nrf__nrf52.a(soc.c.obj)
 *fill*         0x0000000000007b66        0x2 
 .rodata.mpsc_config
                0x0000000000007b68       0x14 zephyr/libzephyr.a(log_core.c.obj)
 .rodata.apis   0x0000000000007b7c        0x8 zephyr/libzephyr.a(nrf_cc3xx_platform_abort_zephyr.c.obj)
 .rodata.mutexes
                0x0000000000007b84       0x14 zephyr/libzephyr.a(nrf_cc3xx_platform_mutex_zephyr.c.obj)
 .rodata.mutex_apis
                0x0000000000007b98       0x10 zephyr/libzephyr.a(nrf_cc3xx_platform_mutex_zephyr.c.obj)
 .rodata.static_regions
                0x0000000000007ba8        0xc zephyr/arch/arch/arm/core/aarch32/mpu/libarch__arm__core__aarch32__mpu.a(arm_core_mpu.c.obj)
 .rodata.stdout
                0x0000000000007bb4        0x4 zephyr/lib/libc/picolibc/liblib__libc__picolibc.a(libc-hooks.c.obj)
                0x0000000000007bb4                stderr
                0x0000000000007bb4                stdout
 .rodata.mpu_config
                0x0000000000007bb8        0x8 zephyr/soc/soc/arm/common/cortex_m/libsoc__arm__common__cortex_m.a(arm_mpu_regions.c.obj)
                0x0000000000007bb8                mpu_config
 .rodata.mpu_regions
                0x0000000000007bc0       0x18 zephyr/soc/soc/arm/common/cortex_m/libsoc__arm__common__cortex_m.a(arm_mpu_regions.c.obj)
 .rodata.transitions.0
                0x0000000000007bd8        0xc zephyr/drivers/clock_control/libdrivers__clock_control.a(clock_control_nrf.c.obj)
 .rodata.config
                0x0000000000007be4       0x18 zephyr/drivers/clock_control/libdrivers__clock_control.a(clock_control_nrf.c.obj)
 .rodata.clock_control_api
                0x0000000000007bfc       0x1c zephyr/drivers/clock_control/libdrivers__clock_control.a(clock_control_nrf.c.obj)
 .rodata.gpio_nrfx_p1_cfg
                0x0000000000007c18       0x10 zephyr/drivers/gpio/libdrivers__gpio.a(gpio_nrfx.c.obj)
 .rodata.gpio_nrfx_p0_cfg
                0x0000000000007c28       0x10 zephyr/drivers/gpio/libdrivers__gpio.a(gpio_nrfx.c.obj)
 .rodata.gpio_nrfx_drv_api_funcs
                0x0000000000007c38       0x24 zephyr/drivers/gpio/libdrivers__gpio.a(gpio_nrfx.c.obj)
 .rodata.twi_0z_config
                0x0000000000007c5c       0x1c zephyr/drivers/i2c/libdrivers__i2c.a(i2c_nrfx_twi.c.obj)
 .rodata.__pinctrl_dev_config__device_dts_ord_125
                0x0000000000007c78        0x8 zephyr/drivers/i2c/libdrivers__i2c.a(i2c_nrfx_twi.c.obj)
 .rodata.__pinctrl_states__device_dts_ord_125
                0x0000000000007c80        0x8 zephyr/drivers/i2c/libdrivers__i2c.a(i2c_nrfx_twi.c.obj)
 .rodata.__pinctrl_state_pins_0__device_dts_ord_125
                0x0000000000007c88        0x8 zephyr/drivers/i2c/libdrivers__i2c.a(i2c_nrfx_twi.c.obj)
 .rodata.i2c_nrfx_twi_driver_api
                0x0000000000007c90       0x18 zephyr/drivers/i2c/libdrivers__i2c.a(i2c_nrfx_twi.c.obj)
 .rodata.kscan_sx1508_0_cfg
                0x0000000000007ca8       0x14 zephyr/drivers/kscan/libdrivers__kscan.a(kscan_sx1508.c.obj)
 .rodata.kscan_sx1508_api
                0x0000000000007cbc        0xc zephyr/drivers/kscan/libdrivers__kscan.a(kscan_sx1508.c.obj)
 .rodata.temp_nrf5_driver_api
                0x0000000000007cc8       0x1c zephyr/drivers/sensor/nrf5/libdrivers__sensor__nrf5.a(temp_nrf5.c.obj)
 .rodata.uarte_0z_config
                0x0000000000007ce4       0x10 zephyr/drivers/serial/libdrivers__serial.a(uart_nrfx_uarte.c.obj)
 .rodata.__pinctrl_dev_config__device_dts_ord_111
                0x0000000000007cf4        0x8 zephyr/drivers/serial/libdrivers__serial.a(uart_nrfx_uarte.c.obj)
 .rodata.__pinctrl_states__device_dts_ord_111
                0x0000000000007cfc        0x8 zephyr/drivers/serial/libdrivers__serial.a(uart_nrfx_uarte.c.obj)
 .rodata.__pinctrl_state_pins_0__device_dts_ord_111
                0x0000000000007d04       0x10 zephyr/drivers/serial/libdrivers__serial.a(uart_nrfx_uarte.c.obj)
 .rodata.uart_nrfx_uarte_driver_api
                0x0000000000007d14       0x14 zephyr/drivers/serial/libdrivers__serial.a(uart_nrfx_uarte.c.obj)
 .rodata._k_neg_eagain
                0x0000000000007d28        0x4 zephyr/kernel/libkernel.a(errno.c.obj)
                0x0000000000007d28                _k_neg_eagain
 .rodata.CSWTCH.488
                0x0000000000007d2c       0x14 zephyr/kernel/libkernel.a(fatal.c.obj)
 .rodata.levels.0
                0x0000000000007d40       0x18 zephyr/kernel/libkernel.a(init.c.obj)
 .rodata.CSWTCH.10
                0x0000000000007d58       0x1c C:/ncs/v2.5.0/nrfxlib/crypto/nrf_cc310_platform/lib/cortex-m4/soft-float/no-interrupts/libnrf_cc310_platform_0.9.18.a(nrf_cc3xx_platform.c.obj)
 .rodata.mutex_free.str1.4
                0x0000000000007d74       0x26 C:/ncs/v2.5.0/nrfxlib/crypto/nrf_cc310_platform/lib/cortex-m4/soft-float/no-interrupts/libnrf_cc310_platform_0.9.18.a(nrf_cc3xx_platform_mutex.c.obj)
 *fill*         0x0000000000007d9a        0x2 
 .rodata.mutex_init.str1.4
                0x0000000000007d9c       0x23 C:/ncs/v2.5.0/nrfxlib/crypto/nrf_cc310_platform/lib/cortex-m4/soft-float/no-interrupts/libnrf_cc310_platform_0.9.18.a(nrf_cc3xx_platform_mutex.c.obj)