Archive member included to satisfy reference by file (symbol)

app/libapp.a(main.c.obj)      (--whole-archive)
zephyr/libzephyr.a(cbprintf_packaged.c.obj)
                              (--whole-archive)
zephyr/libzephyr.a(dec.c.obj)
                              (--whole-archive)
zephyr/libzephyr.a(fdtable.c.obj)
                              (--whole-archive)
zephyr/libzephyr.a(hex.c.obj)
                              (--whole-archive)
zephyr/libzephyr.a(printk.c.obj)
                              (--whole-archive)
zephyr/libzephyr.a(rb.c.obj)  (--whole-archive)
zephyr/libzephyr.a(sem.c.obj)
                              (--whole-archive)
zephyr/libzephyr.a(thread_entry.c.obj)
                              (--whole-archive)
zephyr/libzephyr.a(timeutil.c.obj)
                              (--whole-archive)
zephyr/libzephyr.a(heap.c.obj)
                              (--whole-archive)
zephyr/libzephyr.a(heap-validate.c.obj)
                              (--whole-archive)
zephyr/libzephyr.a(bitarray.c.obj)
                              (--whole-archive)
zephyr/libzephyr.a(multi_heap.c.obj)
                              (--whole-archive)
zephyr/libzephyr.a(onoff.c.obj)
                              (--whole-archive)
zephyr/libzephyr.a(notify.c.obj)
                              (--whole-archive)
zephyr/libzephyr.a(cbprintf_complete.c.obj)
                              (--whole-archive)
zephyr/libzephyr.a(assert.c.obj)
                              (--whole-archive)
zephyr/libzephyr.a(mpsc_pbuf.c.obj)
                              (--whole-archive)
zephyr/libzephyr.a(reboot.c.obj)
                              (--whole-archive)
zephyr/libzephyr.a(configs.c.obj)
                              (--whole-archive)
zephyr/libzephyr.a(soc_nrf_common.S.obj)
                              (--whole-archive)
zephyr/libzephyr.a(validate_base_addresses.c.obj)
                              (--whole-archive)
zephyr/libzephyr.a(validate_enabled_instances.c.obj)
                              (--whole-archive)
zephyr/libzephyr.a(log_core.c.obj)
                              (--whole-archive)
zephyr/libzephyr.a(log_mgmt.c.obj)
                              (--whole-archive)
zephyr/libzephyr.a(log_cache.c.obj)
                              (--whole-archive)
zephyr/libzephyr.a(log_msg.c.obj)
                              (--whole-archive)
zephyr/libzephyr.a(log_output.c.obj)
                              (--whole-archive)
zephyr/libzephyr.a(log_backend_rtt.c.obj)
                              (--whole-archive)
zephyr/libzephyr.a(log_backend_uart.c.obj)
                              (--whole-archive)
zephyr/libzephyr.a(tracing_none.c.obj)
                              (--whole-archive)
zephyr/libzephyr.a(nrf_cc3xx_platform_abort_zephyr.c.obj)
                              (--whole-archive)
zephyr/libzephyr.a(nrf_cc3xx_platform_mutex_zephyr.c.obj)
                              (--whole-archive)
zephyr/arch/common/libarch__common.a(sw_isr_common.c.obj)
                              (--whole-archive)
zephyr/arch/arch/arm/core/aarch32/libarch__arm__core__aarch32.a(cpu_idle.S.obj)
                              (--whole-archive)
zephyr/arch/arch/arm/core/aarch32/libarch__arm__core__aarch32.a(fatal.c.obj)
                              (--whole-archive)
zephyr/arch/arch/arm/core/aarch32/libarch__arm__core__aarch32.a(irq_manage.c.obj)
                              (--whole-archive)
zephyr/arch/arch/arm/core/aarch32/libarch__arm__core__aarch32.a(nmi.c.obj)
                              (--whole-archive)
zephyr/arch/arch/arm/core/aarch32/libarch__arm__core__aarch32.a(nmi_on_reset.S.obj)
                              (--whole-archive)
zephyr/arch/arch/arm/core/aarch32/libarch__arm__core__aarch32.a(prep_c.c.obj)
                              (--whole-archive)
zephyr/arch/arch/arm/core/aarch32/libarch__arm__core__aarch32.a(swap.c.obj)
                              (--whole-archive)
zephyr/arch/arch/arm/core/aarch32/libarch__arm__core__aarch32.a(swap_helper.S.obj)
                              (--whole-archive)
zephyr/arch/arch/arm/core/aarch32/libarch__arm__core__aarch32.a(thread.c.obj)
                              (--whole-archive)
zephyr/arch/arch/arm/core/aarch32/libarch__arm__core__aarch32.a(isr_wrapper.S.obj)
                              (--whole-archive)
zephyr/arch/arch/arm/core/aarch32/libarch__arm__core__aarch32.a(tls.c.obj)
                              (--whole-archive)
zephyr/arch/arch/arm/core/aarch32/cortex_m/libarch__arm__core__aarch32__cortex_m.a(exc_exit.S.obj)
                              (--whole-archive)
zephyr/arch/arch/arm/core/aarch32/cortex_m/libarch__arm__core__aarch32__cortex_m.a(fault.c.obj)
                              (--whole-archive)
zephyr/arch/arch/arm/core/aarch32/cortex_m/libarch__arm__core__aarch32__cortex_m.a(fault_s.S.obj)
                              (--whole-archive)
zephyr/arch/arch/arm/core/aarch32/cortex_m/libarch__arm__core__aarch32__cortex_m.a(fpu.c.obj)
[...]
Memory Configuration

Name             Origin             Length             Attributes
FLASH            0x0000000000000000 0x0000000000100000 xr
RAM              0x0000000020000000 0x0000000000040000 xw
IDT_LIST         0x00000000fffff7ff 0x0000000000000800 xw
*default*        0x0000000000000000 0xffffffffffffffff

Linker script and memory map

                0x00000000000079f8                vfprintf = __d_vfprintf
                0x0000000000000000                vfscanf = __d_vfscanf
LOAD zephyr/CMakeFiles/zephyr_pre0.dir/misc/empty_file.c.obj
LOAD app/libapp.a
LOAD zephyr/libzephyr.a
LOAD zephyr/arch/common/libarch__common.a
LOAD zephyr/arch/arch/arm/core/aarch32/libarch__arm__core__aarch32.a
LOAD zephyr/arch/arch/arm/core/aarch32/cortex_m/libarch__arm__core__aarch32__cortex_m.a
LOAD zephyr/arch/arch/arm/core/aarch32/mpu/libarch__arm__core__aarch32__mpu.a
LOAD zephyr/lib/libc/picolibc/liblib__libc__picolibc.a
LOAD zephyr/lib/libc/common/liblib__libc__common.a
LOAD zephyr/soc/soc/arm/common/cortex_m/libsoc__arm__common__cortex_m.a
LOAD zephyr/soc/soc/arm/nordic_nrf/nrf52/libsoc__arm__nordic_nrf__nrf52.a
LOAD zephyr/drivers/clock_control/libdrivers__clock_control.a
LOAD zephyr/drivers/console/libdrivers__console.a
LOAD zephyr/drivers/gpio/libdrivers__gpio.a
LOAD zephyr/drivers/i2c/libdrivers__i2c.a
LOAD zephyr/drivers/kscan/libdrivers__kscan.a
LOAD zephyr/drivers/pinctrl/libdrivers__pinctrl.a
LOAD zephyr/drivers/sensor/stmemsc/libdrivers__sensor__stmemsc.a
LOAD zephyr/drivers/sensor/nrf5/libdrivers__sensor__nrf5.a
LOAD zephyr/drivers/sensor/fxls8974cf/libdrivers__sensor__fxls8974cf.a
LOAD zephyr/drivers/serial/libdrivers__serial.a
LOAD zephyr/drivers/timer/libdrivers__timer.a
LOAD modules/nrf/lib/dk_buttons_and_leds/lib..__nrf__lib__dk_buttons_and_leds.a
LOAD modules/nrf/lib/fatal_error/lib..__nrf__lib__fatal_error.a
LOAD modules/nrf/drivers/hw_cc310/lib..__nrf__drivers__hw_cc310.a
LOAD modules/hal_nordic/nrfx/libmodules__hal_nordic__nrfx.a
LOAD modules/segger/libmodules__segger.a
LOAD zephyr/kernel/libkernel.a
LOAD zephyr/CMakeFiles/offsets.dir/./arch/arm/core/offsets/offsets.c.obj
LOAD c:/ncs/toolchains/c57af46cb7/opt/zephyr-sdk/arm-zephyr-eabi/bin/../lib/gcc/arm-zephyr-eabi/12.2.0/thumb/v7e-m/nofp\libgcc.a
LOAD zephyr/arch/common/libisr_tables.a
LOAD C:/ncs/v2.5.0/nrfxlib/crypto/nrf_cc310_platform/lib/cortex-m4/soft-float/no-interrupts/libnrf_cc310_platform_0.9.18.a
LOAD c:\ncs\toolchains\c57af46cb7\opt\zephyr-sdk\arm-zephyr-eabi\bin\../lib/gcc/../../picolibc/arm-zephyr-eabi/lib/thumb/v7e-m/nofp\libc.a
LOAD c:/ncs/toolchains/c57af46cb7/opt/zephyr-sdk/arm-zephyr-eabi/bin/../lib/gcc/arm-zephyr-eabi/12.2.0/thumb/v7e-m/nofp\libgcc.a
                0x0000000000000020                _region_min_align = 0x20

.rel.plt        0x0000000000000000        0x0
 *(SORT_BY_ALIGNMENT(.rel.plt))
                [!provide]                        PROVIDE (__rel_iplt_start = .)
 *(SORT_BY_ALIGNMENT(.rel.iplt))
 .rel.iplt      0x0000000000000000        0x0 app/libapp.a(main.c.obj)
                [!provide]                        PROVIDE (__rel_iplt_end = .)

.rela.plt       0x0000000000000000        0x0
 *(SORT_BY_ALIGNMENT(.rela.plt))
                [!provide]                        PROVIDE (__rela_iplt_start = .)
 *(SORT_BY_ALIGNMENT(.rela.iplt))
                [!provide]                        PROVIDE (__rela_iplt_end = .)

.rel.dyn
 *(SORT_BY_ALIGNMENT(.rel.*))

.rela.dyn
 *(SORT_BY_ALIGNMENT(.rela.*))

/DISCARD/
 *(SORT_BY_ALIGNMENT(.plt))

/DISCARD/
 *(SORT_BY_ALIGNMENT(.iplt))
                0x0000000000000000                __rom_region_start = 0x0

rom_start       0x0000000000000000      0x100
                0x0000000000000000                __rom_start_address = .
                0x0000000000000000                . = (. + (0x0 - (. - __rom_start_address)))
                0x0000000000000000                . = ALIGN (0x4)
                0x0000000000000000                . = ALIGN (0x80)
                0x0000000000000000                . = ALIGN (0x100)
                0x0000000000000000                _vector_start = .
 *(SORT_BY_ALIGNMENT(.exc_vector_table))
 *(SORT_BY_ALIGNMENT(.exc_vector_table.*))
 .exc_vector_table._vector_table_section
                0x0000000000000000       0x40 zephyr/arch/arch/arm/core/aarch32/cortex_m/libarch__arm__core__aarch32__cortex_m.a(vector_table.S.obj)
                0x0000000000000000                _vector_table
 *(SORT_BY_ALIGNMENT(.vectors))
                0x0000000000000100                _vector_end = .
                0x0000000000000040                . = ALIGN (0x4)
 *(SORT_BY_ALIGNMENT(.gnu.linkonce.irq_vector_table*))
 .gnu.linkonce.irq_vector_table
                0x0000000000000040       0xc0 zephyr/arch/common/libisr_tables.a(isr_tables.c.obj)
                0x0000000000000040                _irq_vector_table
                0x0000000000000100                _vector_end = .

text            0x0000000000000100     0xa4a4
                0x0000000000000100                __text_region_start = .
 *(SORT_BY_ALIGNMENT(.text))
 .text          0x0000000000000100      0x378 c:/ncs/toolchains/c57af46cb7/opt/zephyr-sdk/arm-zephyr-eabi/bin/../lib/gcc/arm-zephyr-eabi/12.2.0/thumb/v7e-m/nofp\libgcc.a(_arm_addsubdf3.o)
                0x0000000000000100                __aeabi_drsub
                0x0000000000000108                __aeabi_dsub
                0x0000000000000108                __subdf3
                0x000000000000010c                __aeabi_dadd
                0x000000000000010c                __adddf3
                0x0000000000000384                __floatunsidf
                0x0000000000000384                __aeabi_ui2d
                0x00000000000003a4                __floatsidf
                0x00000000000003a4                __aeabi_i2d
                0x00000000000003c8                __aeabi_f2d
                0x00000000000003c8                __extendsfdf2
                0x000000000000040c                __floatundidf
                0x000000000000040c                __aeabi_ul2d
                0x000000000000041c                __floatdidf
                0x000000000000041c                __aeabi_l2d
 .text          0x0000000000000478      0x424 c:/ncs/toolchains/c57af46cb7/opt/zephyr-sdk/arm-zephyr-eabi/bin/../lib/gcc/arm-zephyr-eabi/12.2.0/thumb/v7e-m/nofp\libgcc.a(_arm_muldivdf3.o)
                0x0000000000000478                __aeabi_dmul
                0x0000000000000478                __muldf3
                0x00000000000006cc                __divdf3
                0x00000000000006cc                __aeabi_ddiv
 .text          0x000000000000089c       0x30 c:/ncs/toolchains/c57af46cb7/opt/zephyr-sdk/arm-zephyr-eabi/bin/../lib/gcc/arm-zephyr-eabi/12.2.0/thumb/v7e-m/nofp\libgcc.a(_aeabi_uldivmod.o)
                0x000000000000089c                __aeabi_uldivmod
 .text          0x00000000000008cc        0x4 c:/ncs/toolchains/c57af46cb7/opt/zephyr-sdk/arm-zephyr-eabi/bin/../lib/gcc/arm-zephyr-eabi/12.2.0/thumb/v7e-m/nofp\libgcc.a(_dvmd_tls.o)
                0x00000000000008cc                __aeabi_idiv0
                0x00000000000008cc                __aeabi_ldiv0
 .text          0x00000000000008d0      0x2a0 c:/ncs/toolchains/c57af46cb7/opt/zephyr-sdk/arm-zephyr-eabi/bin/../lib/gcc/arm-zephyr-eabi/12.2.0/thumb/v7e-m/nofp\libgcc.a(_udivmoddi4.o)
                0x00000000000008d0                __udivmoddi4
 .text          0x0000000000000b70       0x10 c:\ncs\toolchains\c57af46cb7\opt\zephyr-sdk\arm-zephyr-eabi\bin\../lib/gcc/../../picolibc/arm-zephyr-eabi/lib/thumb/v7e-m/nofp\libc.a(strlen.S.o)
                0x0000000000000b70                strlen
 *(SORT_BY_ALIGNMENT(.text.*))
 .text.main     0x0000000000000b80      0x13c app/libapp.a(main.c.obj)
                0x0000000000000b80                main
 .text.keyscan_callback
                0x0000000000000cbc       0x28 app/libapp.a(main.c.obj)
                0x0000000000000cbc                keyscan_callback
 .text.cbvprintf_package
                0x0000000000000ce4      0x3a4 zephyr/libzephyr.a(cbprintf_packaged.c.obj)
                0x0000000000000ce4                cbvprintf_package
 .text.cbprintf_package_convert
                0x0000000000001088      0x3b0 zephyr/libzephyr.a(cbprintf_packaged.c.obj)
                0x0000000000001088                cbprintf_package_convert
 .text.__printk_hook_install
                0x0000000000001438        0xc zephyr/libzephyr.a(printk.c.obj)
                0x0000000000001438                __printk_hook_install
 .text.z_thread_entry
                0x0000000000001444       0x34 zephyr/libzephyr.a(thread_entry.c.obj)
                0x0000000000001444                z_thread_entry
 .text.process_event
                0x0000000000001478      0x21c zephyr/libzephyr.a(onoff.c.obj)
 .text.sys_reboot
                0x0000000000001694       0x30 zephyr/libzephyr.a(reboot.c.obj)
                0x0000000000001694                sys_reboot
 .text.z_arm_platform_init
                0x00000000000016c4        0x4 zephyr/libzephyr.a(soc_nrf_common.S.obj)
                0x00000000000016c4                z_arm_platform_init
 .text.activate_foreach_backend
                0x00000000000016c8       0x64 zephyr/libzephyr.a(log_core.c.obj)
 .text.enable_logger
                0x000000000000172c       0x5c zephyr/libzephyr.a(log_core.c.obj)
 .text.log_process_thread_timer_expiry_fn
                0x0000000000001788        0xc zephyr/libzephyr.a(log_core.c.obj)
 .text.z_log_init
                0x0000000000001794       0x90 zephyr/libzephyr.a(log_core.c.obj)
 .text.log_format_func_t_get
                0x0000000000001824        0xc zephyr/libzephyr.a(log_core.c.obj)
                0x0000000000001824                log_format_func_t_get
 .text.log_set_timestamp_func
                0x0000000000001830       0x20 zephyr/libzephyr.a(log_core.c.obj)
                0x0000000000001830                log_set_timestamp_func
 .text.z_log_notify_backend_enabled
                0x0000000000001850       0x1c zephyr/libzephyr.a(log_core.c.obj)
                0x0000000000001850                z_log_notify_backend_enabled
 .text.z_log_dropped
                0x000000000000186c       0x30 zephyr/libzephyr.a(log_core.c.obj)
                0x000000000000186c                z_log_dropped
 .text.z_log_dropped_read_and_clear
                0x000000000000189c       0x20 zephyr/libzephyr.a(log_core.c.obj)
                0x000000000000189c                z_log_dropped_read_and_clear
 .text.dropped_notify
                0x00000000000018bc       0x30 zephyr/libzephyr.a(log_core.c.obj)
                0x00000000000018bc                dropped_notify
 .text.z_log_msg_init
                0x00000000000018ec       0x20 zephyr/libzephyr.a(log_core.c.obj)
                0x00000000000018ec                z_log_msg_init
 .text.log_core_init
                0x000000000000190c       0x34 zephyr/libzephyr.a(log_core.c.obj)
                0x000000000000190c                log_core_init
 .text.z_log_msg_alloc
                0x0000000000001940       0x10 zephyr/libzephyr.a(log_core.c.obj)
                0x0000000000001940                z_log_msg_alloc
 .text.z_log_msg_local_claim
                0x0000000000001950        0xc zephyr/libzephyr.a(log_core.c.obj)
                0x0000000000001950                z_log_msg_local_claim
 .text.z_log_msg_free
                0x000000000000195c       0x10 zephyr/libzephyr.a(log_core.c.obj)
                0x000000000000195c                z_log_msg_free
 .text.z_log_msg_pending
                0x000000000000196c        0xc zephyr/libzephyr.a(log_core.c.obj)
                0x000000000000196c                z_log_msg_pending
 .text.z_impl_log_process
                0x0000000000001978       0xbc zephyr/libzephyr.a(log_core.c.obj)
                0x0000000000001978                z_impl_log_process
 .text.z_impl_log_panic
                0x0000000000001a34       0x44 zephyr/libzephyr.a(log_core.c.obj)
                0x0000000000001a34                z_impl_log_panic
 .text.log_process_thread_func
                0x0000000000001a78       0xa4 zephyr/libzephyr.a(log_core.c.obj)
 .text.z_log_msg_post_finalize
                0x0000000000001b1c       0x78 zephyr/libzephyr.a(log_core.c.obj)
 .text.z_log_msg_commit
                0x0000000000001b94       0x24 zephyr/libzephyr.a(log_core.c.obj)
                0x0000000000001b94                z_log_msg_commit
 .text.log_source_name_get
                0x0000000000001bb8       0x1c zephyr/libzephyr.a(log_mgmt.c.obj)
                0x0000000000001bb8                log_source_name_get
 .text.log_backend_enable
                0x0000000000001bd4       0x28 zephyr/libzephyr.a(log_mgmt.c.obj)
                0x0000000000001bd4                log_backend_enable
 .text.z_impl_z_log_msg_static_create
                0x0000000000001bfc      0x108 zephyr/libzephyr.a(log_msg.c.obj)
                0x0000000000001bfc                z_impl_z_log_msg_static_create
 .text.z_impl_z_log_msg_runtime_vcreate
                0x0000000000001d04       0x8c zephyr/libzephyr.a(log_msg.c.obj)
                0x0000000000001d04                z_impl_z_log_msg_runtime_vcreate
 .text.print_formatted
                0x0000000000001d90       0x24 zephyr/libzephyr.a(log_output.c.obj)
 .text.newline_print
                0x0000000000001db4       0x1c zephyr/libzephyr.a(log_output.c.obj)
 .text.log_output_process
                0x0000000000001dd0      0x2a8 zephyr/libzephyr.a(log_output.c.obj)
                0x0000000000001dd0                log_output_process
 .text.log_output_msg_process
                0x0000000000002078       0x70 zephyr/libzephyr.a(log_output.c.obj)
                0x0000000000002078                log_output_msg_process
 .text.log_output_dropped_process
                0x00000000000020e8       0x58 zephyr/libzephyr.a(log_output.c.obj)
                0x00000000000020e8                log_output_dropped_process
 .text.log_output_timestamp_freq_set
                0x0000000000002140       0x2c zephyr/libzephyr.a(log_output.c.obj)
                0x0000000000002140                log_output_timestamp_freq_set
 .text.log_backend_rtt_init
                0x000000000000216c        0xc zephyr/libzephyr.a(log_backend_rtt.c.obj)
 .text.format_set
                0x0000000000002178        0xc zephyr/libzephyr.a(log_backend_rtt.c.obj)
 .text.panic    0x0000000000002184       0x14 zephyr/libzephyr.a(log_backend_rtt.c.obj)
 .text.dropped  0x0000000000002198        0xc zephyr/libzephyr.a(log_backend_rtt.c.obj)
 .text.process  0x00000000000021a4       0x24 zephyr/libzephyr.a(log_backend_rtt.c.obj)
 .text.on_failed_write
                0x00000000000021c8       0x28 zephyr/libzephyr.a(log_backend_rtt.c.obj)
 .text.data_out_block_mode
                0x00000000000021f0       0x84 zephyr/libzephyr.a(log_backend_rtt.c.obj)
 .text.format_set
                0x0000000000002274        0xc zephyr/libzephyr.a(log_backend_uart.c.obj)
 .text.panic    0x0000000000002280       0x14 zephyr/libzephyr.a(log_backend_uart.c.obj)
 .text.dropped  0x0000000000002294        0xc zephyr/libzephyr.a(log_backend_uart.c.obj)
 .text.process  0x00000000000022a0       0x24 zephyr/libzephyr.a(log_backend_uart.c.obj)
 .text.char_out
                0x00000000000022c4       0x24 zephyr/libzephyr.a(log_backend_uart.c.obj)
 .text.nrf_cc3xx_platform_abort_init
                0x00000000000022e8        0xc zephyr/libzephyr.a(nrf_cc3xx_platform_abort_zephyr.c.obj)
                0x00000000000022e8                nrf_cc3xx_platform_abort_init
 .text.mutex_free_platform
                0x00000000000022f4       0x54 zephyr/libzephyr.a(nrf_cc3xx_platform_mutex_zephyr.c.obj)
 .text.mutex_lock_platform
                0x0000000000002348       0x60 zephyr/libzephyr.a(nrf_cc3xx_platform_mutex_zephyr.c.obj)
 .text.mutex_unlock_platform
                0x00000000000023a8       0x58 zephyr/libzephyr.a(nrf_cc3xx_platform_mutex_zephyr.c.obj)
 .text.mutex_init_platform
                0x0000000000002400       0x94 zephyr/libzephyr.a(nrf_cc3xx_platform_mutex_zephyr.c.obj)
 .text.nrf_cc3xx_platform_mutex_init
                0x0000000000002494       0x2c zephyr/libzephyr.a(nrf_cc3xx_platform_mutex_zephyr.c.obj)
                0x0000000000002494                nrf_cc3xx_platform_mutex_init
 .text.z_arm_cpu_idle_init
                0x00000000000024c0        0xc zephyr/arch/arch/arm/core/aarch32/libarch__arm__core__aarch32.a(cpu_idle.S.obj)
                0x00000000000024c0                z_arm_cpu_idle_init
 .text.arch_cpu_idle
                0x00000000000024cc       0x1c zephyr/arch/arch/arm/core/aarch32/libarch__arm__core__aarch32.a(cpu_idle.S.obj)
                0x00000000000024cc                arch_cpu_idle
 .text.arch_cpu_atomic_idle
                0x00000000000024e8       0x18 zephyr/arch/arch/arm/core/aarch32/libarch__arm__core__aarch32.a(cpu_idle.S.obj)
                0x00000000000024e8                arch_cpu_atomic_idle
 .text.z_arm_fatal_error
                0x0000000000002500       0xcc zephyr/arch/arch/arm/core/aarch32/libarch__arm__core__aarch32.a(fatal.c.obj)
                0x0000000000002500                z_arm_fatal_error
 .text.arch_irq_enable
                0x00000000000025cc       0x1c zephyr/arch/arch/arm/core/aarch32/libarch__arm__core__aarch32.a(irq_manage.c.obj)
                0x00000000000025cc                arch_irq_enable
 .text.arch_irq_disable
                0x00000000000025e8       0x28 zephyr/arch/arch/arm/core/aarch32/libarch__arm__core__aarch32.a(irq_manage.c.obj)
                0x00000000000025e8                arch_irq_disable
 .text.arch_irq_is_enabled
                0x0000000000002610       0x1c zephyr/arch/arch/arm/core/aarch32/libarch__arm__core__aarch32.a(irq_manage.c.obj)
                0x0000000000002610                arch_irq_is_enabled
 .text.z_arm_irq_priority_set
                0x000000000000262c       0x30 zephyr/arch/arch/arm/core/aarch32/libarch__arm__core__aarch32.a(irq_manage.c.obj)
                0x000000000000262c                z_arm_irq_priority_set
 .text.z_SysNmiOnReset
                0x000000000000265c        0x8 zephyr/arch/arch/arm/core/aarch32/libarch__arm__core__aarch32.a(nmi_on_reset.S.obj)
                0x000000000000265c                z_SysNmiOnReset
 .text.z_arm_prep_c
                0x0000000000002664       0x38 zephyr/arch/arch/arm/core/aarch32/libarch__arm__core__aarch32.a(prep_c.c.obj)
                0x0000000000002664                z_arm_prep_c
 .text.arch_swap
                0x000000000000269c       0x34 zephyr/arch/arch/arm/core/aarch32/libarch__arm__core__aarch32.a(swap.c.obj)
                0x000000000000269c                arch_swap
 .text.z_arm_pendsv
                0x00000000000026d0       0x64 zephyr/arch/arch/arm/core/aarch32/libarch__arm__core__aarch32.a(swap_helper.S.obj)
                0x00000000000026d0                z_arm_pendsv
 .text.z_arm_svc
                0x0000000000002734       0x20 zephyr/arch/arch/arm/core/aarch32/libarch__arm__core__aarch32.a(swap_helper.S.obj)
                0x0000000000002734                z_arm_svc
 .text.arch_new_thread
                0x0000000000002754       0x38 zephyr/arch/arch/arm/core/aarch32/libarch__arm__core__aarch32.a(thread.c.obj)
                0x0000000000002754                arch_new_thread
 .text.z_check_thread_stack_fail
                0x000000000000278c       0x2c zephyr/arch/arch/arm/core/aarch32/libarch__arm__core__aarch32.a(thread.c.obj)
                0x000000000000278c                z_check_thread_stack_fail
 .text.arch_switch_to_main_thread
                0x00000000000027b8       0x38 zephyr/arch/arch/arm/core/aarch32/libarch__arm__core__aarch32.a(thread.c.obj)
                0x00000000000027b8                arch_switch_to_main_thread
 .text._isr_wrapper
                0x00000000000027f0       0x28 zephyr/arch/arch/arm/core/aarch32/libarch__arm__core__aarch32.a(isr_wrapper.S.obj)
                0x00000000000027f0                _isr_wrapper
 .text.arch_tls_stack_setup
                0x0000000000002818       0x5c zephyr/arch/arch/arm/core/aarch32/libarch__arm__core__aarch32.a(tls.c.obj)
                0x0000000000002818                arch_tls_stack_setup
 .text._HandlerModeExit
                0x0000000000002874       0x1c zephyr/arch/arch/arm/core/aarch32/cortex_m/libarch__arm__core__aarch32__cortex_m.a(exc_exit.S.obj)
                0x0000000000002874                z_arm_int_exit
                0x0000000000002874                z_arm_exc_exit
 .text.bus_fault.constprop.0
                0x0000000000002890      0x154 zephyr/arch/arch/arm/core/aarch32/cortex_m/libarch__arm__core__aarch32__cortex_m.a(fault.c.obj)
 .text.usage_fault.constprop.0
                0x00000000000029e4      0x104 zephyr/arch/arch/arm/core/aarch32/cortex_m/libarch__arm__core__aarch32__cortex_m.a(fault.c.obj)
 .text.mem_manage_fault
                0x0000000000002ae8      0x178 zephyr/arch/arch/arm/core/aarch32/cortex_m/libarch__arm__core__aarch32__cortex_m.a(fault.c.obj)
 .text.z_arm_fault
                0x0000000000002c60      0x224 zephyr/arch/arch/arm/core/aarch32/cortex_m/libarch__arm__core__aarch32__cortex_m.a(fault.c.obj)
                0x0000000000002c60                z_arm_fault
 .text.z_arm_fault_init
                0x0000000000002e84       0x10 zephyr/arch/arch/arm/core/aarch32/cortex_m/libarch__arm__core__aarch32__cortex_m.a(fault.c.obj)
                0x0000000000002e84                z_arm_fault_init
 .text.__fault  0x0000000000002e94       0x14 zephyr/arch/arch/arm/core/aarch32/cortex_m/libarch__arm__core__aarch32__cortex_m.a(fault_s.S.obj)
                0x0000000000002e94                z_arm_usage_fault
                0x0000000000002e94                z_arm_mpu_fault
                0x0000000000002e94                z_arm_exc_spurious
                0x0000000000002e94                z_arm_debug_monitor
                0x0000000000002e94                z_arm_hard_fault
                0x0000000000002e94                z_arm_bus_fault
 .text.z_arm_interrupt_init
                0x0000000000002ea8       0x18 zephyr/arch/arch/arm/core/aarch32/cortex_m/libarch__arm__core__aarch32__cortex_m.a(irq_init.c.obj)
                0x0000000000002ea8                z_arm_interrupt_init
 .text._reset_section
                0x0000000000002ec0       0x54 zephyr/arch/arch/arm/core/aarch32/cortex_m/libarch__arm__core__aarch32__cortex_m.a(reset.S.obj)
                0x0000000000002ec0                __start
                0x0000000000002ec0                z_arm_reset
 .text.sys_arch_reboot
                0x0000000000002f14       0x24 zephyr/arch/arch/arm/core/aarch32/cortex_m/libarch__arm__core__aarch32__cortex_m.a(scb.c.obj)
                0x0000000000002f14                sys_arch_reboot
 .text.z_arm_clear_arm_mpu_config
                0x0000000000002f38       0x24 zephyr/arch/arch/arm/core/aarch32/cortex_m/libarch__arm__core__aarch32__cortex_m.a(scb.c.obj)
                0x0000000000002f38                z_arm_clear_arm_mpu_config
 .text.z_arm_init_arch_hw_at_boot
                0x0000000000002f5c       0x64 zephyr/arch/arch/arm/core/aarch32/cortex_m/libarch__arm__core__aarch32__cortex_m.a(scb.c.obj)
                0x0000000000002f5c                z_arm_init_arch_hw_at_boot
 .text.z_impl_k_thread_abort
                0x0000000000002fc0       0x2c zephyr/arch/arch/arm/core/aarch32/cortex_m/libarch__arm__core__aarch32__cortex_m.a(thread_abort.c.obj)
                0x0000000000002fc0                z_impl_k_thread_abort
 .text.z_arm_configure_static_mpu_regions
                0x0000000000002fec       0x18 zephyr/arch/arch/arm/core/aarch32/mpu/libarch__arm__core__aarch32__mpu.a(arm_core_mpu.c.obj)
                0x0000000000002fec                z_arm_configure_static_mpu_regions
 .text.z_arm_configure_dynamic_mpu_regions
                0x0000000000003004       0x20 zephyr/arch/arch/arm/core/aarch32/mpu/libarch__arm__core__aarch32__mpu.a(arm_core_mpu.c.obj)
                0x0000000000003004                z_arm_configure_dynamic_mpu_regions
 .text.mpu_configure_regions
                0x0000000000003024       0xcc zephyr/arch/arch/arm/core/aarch32/mpu/libarch__arm__core__aarch32__mpu.a(arm_mpu.c.obj)
 .text.arm_core_mpu_enable
                0x00000000000030f0       0x18 zephyr/arch/arch/arm/core/aarch32/mpu/libarch__arm__core__aarch32__mpu.a(arm_mpu.c.obj)
                0x00000000000030f0                arm_core_mpu_enable
 .text.arm_core_mpu_disable
                0x0000000000003108       0x14 zephyr/arch/arch/arm/core/aarch32/mpu/libarch__arm__core__aarch32__mpu.a(arm_mpu.c.obj)
                0x0000000000003108                arm_core_mpu_disable
 .text.arm_core_mpu_configure_static_mpu_regions
                0x000000000000311c       0x14 zephyr/arch/arch/arm/core/aarch32/mpu/libarch__arm__core__aarch32__mpu.a(arm_mpu.c.obj)
                0x000000000000311c                arm_core_mpu_configure_static_mpu_regions
 .text.arm_core_mpu_configure_dynamic_mpu_regions
                0x0000000000003130       0x30 zephyr/arch/arch/arm/core/aarch32/mpu/libarch__arm__core__aarch32__mpu.a(arm_mpu.c.obj)
                0x0000000000003130                arm_core_mpu_configure_dynamic_mpu_regions
 .text.z_arm_mpu_init
                0x0000000000003160       0x60 zephyr/arch/arch/arm/core/aarch32/mpu/libarch__arm__core__aarch32__mpu.a(arm_mpu.c.obj)
                0x0000000000003160                z_arm_mpu_init
 .text.z_impl_zephyr_fputc
                0x00000000000031c0       0x10 zephyr/lib/libc/picolibc/liblib__libc__picolibc.a(libc-hooks.c.obj)
                0x00000000000031c0                z_impl_zephyr_fputc
 .text.__stdout_hook_install
                0x00000000000031d0       0x18 zephyr/lib/libc/picolibc/liblib__libc__picolibc.a(libc-hooks.c.obj)
                0x00000000000031d0                __stdout_hook_install
 .text.cbvprintf
                0x00000000000031e8       0x38 zephyr/lib/libc/picolibc/liblib__libc__picolibc.a(libc-hooks.c.obj)
                0x00000000000031e8                cbvprintf
 .text.malloc_prepare
                0x0000000000003220       0x24 zephyr/lib/libc/common/liblib__libc__common.a(malloc.c.obj)
 .text.nordicsemi_nrf52_init
                0x0000000000003244       0x10 zephyr/soc/soc/arm/nordic_nrf/nrf52/libsoc__arm__nordic_nrf__nrf52.a(soc.c.obj)
 .text.arch_busy_wait
                0x0000000000003254       0x14 zephyr/soc/soc/arm/nordic_nrf/nrf52/libsoc__arm__nordic_nrf__nrf52.a(soc.c.obj)
                0x0000000000003254                arch_busy_wait
 .text.onoff_stop
                0x0000000000003268       0x30 zephyr/drivers/clock_control/libdrivers__clock_control.a(clock_control_nrf.c.obj)
 .text.onoff_start
                0x0000000000003298       0x44 zephyr/drivers/clock_control/libdrivers__clock_control.a(clock_control_nrf.c.obj)
 .text.generic_hfclk_stop
                0x00000000000032dc       0x34 zephyr/drivers/clock_control/libdrivers__clock_control.a(clock_control_nrf.c.obj)
 .text.clk_init
                0x0000000000003310       0x60 zephyr/drivers/clock_control/libdrivers__clock_control.a(clock_control_nrf.c.obj)
 .text.clkstarted_handle.constprop.0
                0x0000000000003370       0x34 zephyr/drivers/clock_control/libdrivers__clock_control.a(clock_control_nrf.c.obj)
 .text.clock_event_handler
                0x00000000000033a4       0x34 zephyr/drivers/clock_control/libdrivers__clock_control.a(clock_control_nrf.c.obj)
 .text.generic_hfclk_start
                0x00000000000033d8       0x64 zephyr/drivers/clock_control/libdrivers__clock_control.a(clock_control_nrf.c.obj)
 .text.api_blocking_start
                0x000000000000343c       0x34 zephyr/drivers/clock_control/libdrivers__clock_control.a(clock_control_nrf.c.obj)
 .text.z_nrf_clock_control_get_onoff
                0x0000000000003470       0x10 zephyr/drivers/clock_control/libdrivers__clock_control.a(clock_control_nrf.c.obj)
                0x0000000000003470                z_nrf_clock_control_get_onoff
 .text.z_nrf_clock_control_lf_on
                0x0000000000003480       0xb4 zephyr/drivers/clock_control/libdrivers__clock_control.a(clock_control_nrf.c.obj)
                0x0000000000003480                z_nrf_clock_control_lf_on
 .text.start_cal_process
                0x0000000000003534       0x48 zephyr/drivers/clock_control/libdrivers__clock_control.a(nrf_clock_calibration.c.obj)
 .text.start_cycle
                0x000000000000357c       0x38 zephyr/drivers/clock_control/libdrivers__clock_control.a(nrf_clock_calibration.c.obj)
 .text.measure_temperature
                0x00000000000035b4       0x88 zephyr/drivers/clock_control/libdrivers__clock_control.a(nrf_clock_calibration.c.obj)
 .text.cal_hf_callback
                0x000000000000363c       0x2c zephyr/drivers/clock_control/libdrivers__clock_control.a(nrf_clock_calibration.c.obj)
 .text.z_nrf_clock_calibration_init
                0x0000000000003668       0x1c zephyr/drivers/clock_control/libdrivers__clock_control.a(nrf_clock_calibration.c.obj)
                0x0000000000003668                z_nrf_clock_calibration_init
 .text.z_nrf_clock_calibration_lfclk_started
                0x0000000000003684       0x10 zephyr/drivers/clock_control/libdrivers__clock_control.a(nrf_clock_calibration.c.obj)
                0x0000000000003684                z_nrf_clock_calibration_lfclk_started
 .text.z_nrf_clock_calibration_lfclk_stopped
                0x0000000000003694        0xc zephyr/drivers/clock_control/libdrivers__clock_control.a(nrf_clock_calibration.c.obj)
                0x0000000000003694                z_nrf_clock_calibration_lfclk_stopped
 .text.z_nrf_clock_calibration_done_handler
                0x00000000000036a0       0x10 zephyr/drivers/clock_control/libdrivers__clock_control.a(nrf_clock_calibration.c.obj)
                0x00000000000036a0                z_nrf_clock_calibration_done_handler
 .text.uart_console_init
                0x00000000000036b0       0x28 zephyr/drivers/console/libdrivers__console.a(uart_console.c.obj)
 .text.console_out
                0x00000000000036d8       0x28 zephyr/drivers/console/libdrivers__console.a(uart_console.c.obj)
 .text.gpio_nrfx_pin_interrupt_configure
                0x0000000000003700       0xe4 zephyr/drivers/gpio/libdrivers__gpio.a(gpio_nrfx.c.obj)
 .text.gpio_nrfx_init
                0x00000000000037e4       0x38 zephyr/drivers/gpio/libdrivers__gpio.a(gpio_nrfx.c.obj)
 .text.nrfx_gpio_handler
                0x000000000000381c       0x4c zephyr/drivers/gpio/libdrivers__gpio.a(gpio_nrfx.c.obj)
 .text.gpio_nrfx_pin_configure
                0x0000000000003868      0x128 zephyr/drivers/gpio/libdrivers__gpio.a(gpio_nrfx.c.obj)
 .text.i2c_nrfx_twi_recover_bus
                0x0000000000003990       0x24 zephyr/drivers/i2c/libdrivers__i2c.a(i2c_nrfx_twi.c.obj)
 .text.twi_0_init
                0x00000000000039b4       0x94 zephyr/drivers/i2c/libdrivers__i2c.a(i2c_nrfx_twi.c.obj)
 .text.event_handler
                0x0000000000003a48       0x34 zephyr/drivers/i2c/libdrivers__i2c.a(i2c_nrfx_twi.c.obj)
 .text.i2c_nrfx_twi_configure
                0x0000000000003a7c       0x58 zephyr/drivers/i2c/libdrivers__i2c.a(i2c_nrfx_twi.c.obj)
 .text.i2c_nrfx_twi_transfer
                0x0000000000003ad4      0x158 zephyr/drivers/i2c/libdrivers__i2c.a(i2c_nrfx_twi.c.obj)
 .text.kscan_sx1508_init
                0x0000000000003c2c      0x350 zephyr/drivers/kscan/libdrivers__kscan.a(kscan_sx1508.c.obj)
 .text.sx1508_irq_thread
                0x0000000000003f7c      0x104 zephyr/drivers/kscan/libdrivers__kscan.a(kscan_sx1508.c.obj)
 .text.nrf_gpio_pin_port_decode
                0x0000000000004080       0x20 zephyr/drivers/pinctrl/libdrivers__pinctrl.a(pinctrl_nrf.c.obj)
 .text.pinctrl_configure_pins
                0x00000000000040a0      0x190 zephyr/drivers/pinctrl/libdrivers__pinctrl.a(pinctrl_nrf.c.obj)
                0x00000000000040a0                pinctrl_configure_pins
 .text.hfclk_on_callback
                0x0000000000004230        0xc zephyr/drivers/sensor/nrf5/libdrivers__sensor__nrf5.a(temp_nrf5.c.obj)
 .text.temp_nrf5_channel_get
                0x000000000000423c       0x2c zephyr/drivers/sensor/nrf5/libdrivers__sensor__nrf5.a(temp_nrf5.c.obj)
 .text.temp_nrf5_isr
                0x0000000000004268       0x18 zephyr/drivers/sensor/nrf5/libdrivers__sensor__nrf5.a(temp_nrf5.c.obj)
 .text.temp_nrf5_sample_fetch
                0x0000000000004280       0x78 zephyr/drivers/sensor/nrf5/libdrivers__sensor__nrf5.a(temp_nrf5.c.obj)
 .text.temp_nrf5_init
                0x00000000000042f8       0x40 zephyr/drivers/sensor/nrf5/libdrivers__sensor__nrf5.a(temp_nrf5.c.obj)
 .text.fxls8974cf_channel_get
                0x0000000000004338       0x94 zephyr/drivers/sensor/fxls8974cf/libdrivers__sensor__fxls8974cf.a(fxls8974cf.c.obj)
 .text.fxls8974cf_init
                0x00000000000043cc       0xd0 zephyr/drivers/sensor/fxls8974cf/libdrivers__sensor__fxls8974cf.a(fxls8974cf.c.obj)
 .text.fxls8974cf_i2c_init
                0x000000000000449c       0x2c zephyr/drivers/sensor/fxls8974cf/libdrivers__sensor__fxls8974cf.a(fxls8974cf_i2c.c.obj)
                0x000000000000449c                fxls8974cf_i2c_init
 .text.uarte_nrfx_configure
                0x00000000000044c8      0x168 zephyr/drivers/serial/libdrivers__serial.a(uart_nrfx_uarte.c.obj)
 .text.uarte_0_init
                0x0000000000004630      0x104 zephyr/drivers/serial/libdrivers__serial.a(uart_nrfx_uarte.c.obj)
 .text.uarte_nrfx_poll_out
                0x0000000000004734       0xcc zephyr/drivers/serial/libdrivers__serial.a(uart_nrfx_uarte.c.obj)
 .text.compare_int_lock
                0x0000000000004800       0x48 zephyr/drivers/timer/libdrivers__timer.a(nrf_rtc_timer.c.obj)
 .text.sys_clock_timeout_handler
                0x0000000000004848       0x48 zephyr/drivers/timer/libdrivers__timer.a(nrf_rtc_timer.c.obj)
 .text.compare_int_unlock
                0x0000000000004890       0x5c zephyr/drivers/timer/libdrivers__timer.a(nrf_rtc_timer.c.obj)
 .text.z_nrf_rtc_timer_read
                0x00000000000048ec       0x44 zephyr/drivers/timer/libdrivers__timer.a(nrf_rtc_timer.c.obj)
                0x00000000000048ec                z_nrf_rtc_timer_read
 .text.compare_set
                0x0000000000004930      0x130 zephyr/drivers/timer/libdrivers__timer.a(nrf_rtc_timer.c.obj)
 .text.sys_clock_driver_init
                0x0000000000004a60       0x90 zephyr/drivers/timer/libdrivers__timer.a(nrf_rtc_timer.c.obj)
 .text.rtc_nrf_isr
                0x0000000000004af0       0xd4 zephyr/drivers/timer/libdrivers__timer.a(nrf_rtc_timer.c.obj)
                0x0000000000004af0                rtc_nrf_isr
 .text.sys_clock_set_timeout
                0x0000000000004bc4       0x68 zephyr/drivers/timer/libdrivers__timer.a(nrf_rtc_timer.c.obj)
                0x0000000000004bc4                sys_clock_set_timeout
 .text.sys_clock_elapsed
                0x0000000000004c2c       0x14 zephyr/drivers/timer/libdrivers__timer.a(nrf_rtc_timer.c.obj)
                0x0000000000004c2c                sys_clock_elapsed
 .text.sys_clock_disable
                0x0000000000004c40       0x30 zephyr/drivers/timer/libdrivers__timer.a(nrf_rtc_timer.c.obj)
                0x0000000000004c40                sys_clock_disable
 .text.k_sys_fatal_error_handler
                0x0000000000004c70       0x2c modules/nrf/lib/fatal_error/lib..__nrf__lib__fatal_error.a(fatal_error.c.obj)
                0x0000000000004c70                k_sys_fatal_error_handler
 .text.nrf52_errata_98
                0x0000000000004c9c       0x24 modules/hal_nordic/nrfx/libmodules__hal_nordic__nrfx.a(system_nrf52840.c.obj)
 .text.nvmc_wait
                0x0000000000004cc0       0x10 modules/hal_nordic/nrfx/libmodules__hal_nordic__nrfx.a(system_nrf52840.c.obj)
                0x0000000000004cc0                nvmc_wait
 .text.SystemInit
                0x0000000000004cd0      0x1bc modules/hal_nordic/nrfx/libmodules__hal_nordic__nrfx.a(system_nrf52840.c.obj)
                0x0000000000004cd0                SystemInit
 .text.nrfx_flag32_alloc
                0x0000000000004e8c       0x48 modules/hal_nordic/nrfx/libmodules__hal_nordic__nrfx.a(nrfx_flag32_allocator.c.obj)
                0x0000000000004e8c                nrfx_flag32_alloc
 .text.nrfx_flag32_free
                0x0000000000004ed4       0x40 modules/hal_nordic/nrfx/libmodules__hal_nordic__nrfx.a(nrfx_flag32_allocator.c.obj)
                0x0000000000004ed4                nrfx_flag32_free
 .text.nrfx_gppi_channels_enable
                0x0000000000004f14        0xc modules/hal_nordic/nrfx/libmodules__hal_nordic__nrfx.a(nrfx_gppi_ppi.c.obj)
                0x0000000000004f14                nrfx_gppi_channels_enable
 .text.clock_stop
                0x0000000000004f20       0xc4 modules/hal_nordic/nrfx/libmodules__hal_nordic__nrfx.a(nrfx_clock.c.obj)
 .text.nrfx_clock_init
                0x0000000000004fe4       0x24 modules/hal_nordic/nrfx/libmodules__hal_nordic__nrfx.a(nrfx_clock.c.obj)
                0x0000000000004fe4                nrfx_clock_init
 .text.nrfx_clock_calibration_start
                0x0000000000005008       0x5c modules/hal_nordic/nrfx/libmodules__hal_nordic__nrfx.a(nrfx_clock.c.obj)
                0x0000000000005008                nrfx_clock_calibration_start
 .text.nrfx_power_clock_irq_handler
                0x0000000000005064       0x84 modules/hal_nordic/nrfx/libmodules__hal_nordic__nrfx.a(nrfx_clock.c.obj)
                0x0000000000005064                nrfx_power_clock_irq_handler
 .text.nrf_gpio_pin_port_decode
                0x00000000000050e8       0x20 modules/hal_nordic/nrfx/libmodules__hal_nordic__nrfx.a(nrfx_gpiote.c.obj)
 .text.get_pin_idx
                0x0000000000005108       0x14 modules/hal_nordic/nrfx/libmodules__hal_nordic__nrfx.a(nrfx_gpiote.c.obj)
 .text.pin_in_use_by_te
                0x000000000000511c       0x18 modules/hal_nordic/nrfx/libmodules__hal_nordic__nrfx.a(nrfx_gpiote.c.obj)
 .text.pin_is_output
                0x0000000000005134       0x18 modules/hal_nordic/nrfx/libmodules__hal_nordic__nrfx.a(nrfx_gpiote.c.obj)
 .text.pin_te_get
                0x000000000000514c       0x18 modules/hal_nordic/nrfx/libmodules__hal_nordic__nrfx.a(nrfx_gpiote.c.obj)
 .text.call_handler
                0x0000000000005164       0x40 modules/hal_nordic/nrfx/libmodules__hal_nordic__nrfx.a(nrfx_gpiote.c.obj)
 .text.release_handler
                0x00000000000051a4       0x58 modules/hal_nordic/nrfx/libmodules__hal_nordic__nrfx.a(nrfx_gpiote.c.obj)
 .text.__nrfy_internal_gpiote_events_process.constprop.0
                0x00000000000051fc       0x54 modules/hal_nordic/nrfx/libmodules__hal_nordic__nrfx.a(nrfx_gpiote.c.obj)
 .text.nrfx_gpiote_input_configure
                0x0000000000005250      0x180 modules/hal_nordic/nrfx/libmodules__hal_nordic__nrfx.a(nrfx_gpiote.c.obj)
                0x0000000000005250                nrfx_gpiote_input_configure
 .text.nrfx_gpiote_output_configure
                0x00000000000053d0       0xf4 modules/hal_nordic/nrfx/libmodules__hal_nordic__nrfx.a(nrfx_gpiote.c.obj)
                0x00000000000053d0                nrfx_gpiote_output_configure
 .text.nrfx_gpiote_global_callback_set
                0x00000000000054c4        0xc modules/hal_nordic/nrfx/libmodules__hal_nordic__nrfx.a(nrfx_gpiote.c.obj)
                0x00000000000054c4                nrfx_gpiote_global_callback_set
 .text.nrfx_gpiote_channel_get
                0x00000000000054d0       0x30 modules/hal_nordic/nrfx/libmodules__hal_nordic__nrfx.a(nrfx_gpiote.c.obj)
                0x00000000000054d0                nrfx_gpiote_channel_get
 .text.nrfx_gpiote_init
                0x0000000000005500       0x50 modules/hal_nordic/nrfx/libmodules__hal_nordic__nrfx.a(nrfx_gpiote.c.obj)
                0x0000000000005500                nrfx_gpiote_init
 .text.nrfx_gpiote_is_init
                0x0000000000005550       0x14 modules/hal_nordic/nrfx/libmodules__hal_nordic__nrfx.a(nrfx_gpiote.c.obj)
                0x0000000000005550                nrfx_gpiote_is_init
 .text.nrfx_gpiote_channel_free
                0x0000000000005564        0xc modules/hal_nordic/nrfx/libmodules__hal_nordic__nrfx.a(nrfx_gpiote.c.obj)
                0x0000000000005564                nrfx_gpiote_channel_free
 .text.nrfx_gpiote_channel_alloc
                0x0000000000005570        0xc modules/hal_nordic/nrfx/libmodules__hal_nordic__nrfx.a(nrfx_gpiote.c.obj)
                0x0000000000005570                nrfx_gpiote_channel_alloc
 .text.nrfx_gpiote_trigger_enable
                0x000000000000557c       0x9c modules/hal_nordic/nrfx/libmodules__hal_nordic__nrfx.a(nrfx_gpiote.c.obj)
                0x000000000000557c                nrfx_gpiote_trigger_enable
 .text.nrfx_gpiote_trigger_disable
                0x0000000000005618       0x4c modules/hal_nordic/nrfx/libmodules__hal_nordic__nrfx.a(nrfx_gpiote.c.obj)
                0x0000000000005618                nrfx_gpiote_trigger_disable
 .text.nrfx_gpiote_pin_uninit
                0x0000000000005664       0x80 modules/hal_nordic/nrfx/libmodules__hal_nordic__nrfx.a(nrfx_gpiote.c.obj)
                0x0000000000005664                nrfx_gpiote_pin_uninit
 .text.nrfx_gpiote_irq_handler
                0x00000000000056e4      0x1a8 modules/hal_nordic/nrfx/libmodules__hal_nordic__nrfx.a(nrfx_gpiote.c.obj)
                0x00000000000056e4                nrfx_gpiote_irq_handler
 .text.nrfx_ppi_channel_alloc
                0x000000000000588c        0xc modules/hal_nordic/nrfx/libmodules__hal_nordic__nrfx.a(nrfx_ppi.c.obj)
                0x000000000000588c                nrfx_ppi_channel_alloc
 .text.nrf_gpio_cfg.constprop.0
                0x0000000000005898       0x48 modules/hal_nordic/nrfx/libmodules__hal_nordic__nrfx.a(nrfx_twi.c.obj)
 .text.twi_configure
                0x00000000000058e0       0x3c modules/hal_nordic/nrfx/libmodules__hal_nordic__nrfx.a(nrfx_twi.c.obj)
 .text.twi_tx_start_transfer
                0x000000000000591c      0x104 modules/hal_nordic/nrfx/libmodules__hal_nordic__nrfx.a(nrfx_twi.c.obj)
 .text.twi_rx_start_transfer
                0x0000000000005a20       0xe4 modules/hal_nordic/nrfx/libmodules__hal_nordic__nrfx.a(nrfx_twi.c.obj)
 .text.nrfx_twi_init
                0x0000000000005b04       0x88 modules/hal_nordic/nrfx/libmodules__hal_nordic__nrfx.a(nrfx_twi.c.obj)
                0x0000000000005b04                nrfx_twi_init
 .text.nrfx_twi_enable
                0x0000000000005b8c       0x20 modules/hal_nordic/nrfx/libmodules__hal_nordic__nrfx.a(nrfx_twi.c.obj)
                0x0000000000005b8c                nrfx_twi_enable
 .text.nrfx_twi_disable
                0x0000000000005bac       0x38 modules/hal_nordic/nrfx/libmodules__hal_nordic__nrfx.a(nrfx_twi.c.obj)
                0x0000000000005bac                nrfx_twi_disable
 .text.nrfx_twi_xfer
                0x0000000000005be4       0xdc modules/hal_nordic/nrfx/libmodules__hal_nordic__nrfx.a(nrfx_twi.c.obj)
                0x0000000000005be4                nrfx_twi_xfer
 .text.nrfx_twi_0_irq_handler
                0x0000000000005cc0       0xd8 modules/hal_nordic/nrfx/libmodules__hal_nordic__nrfx.a(nrfx_twi.c.obj)
                0x0000000000005cc0                nrfx_twi_0_irq_handler
 .text.nrf_gpio_pin_port_decode
                0x0000000000005d98       0x20 modules/hal_nordic/nrfx/libmodules__hal_nordic__nrfx.a(nrfx_twi_twim.c.obj)
 .text.nrfx_twi_twim_bus_recover
                0x0000000000005db8       0xdc modules/hal_nordic/nrfx/libmodules__hal_nordic__nrfx.a(nrfx_twi_twim.c.obj)
                0x0000000000005db8                nrfx_twi_twim_bus_recover
 .text._DoInit  0x0000000000005e94       0x60 modules/segger/libmodules__segger.a(SEGGER_RTT.c.obj)
 .text.SEGGER_RTT_WriteSkipNoLock
                0x0000000000005ef4       0x88 modules/segger/libmodules__segger.a(SEGGER_RTT.c.obj)
                0x0000000000005ef4                SEGGER_RTT_WriteSkipNoLock
 .text.SEGGER_RTT_HasDataUp
                0x0000000000005f7c       0x14 modules/segger/libmodules__segger.a(SEGGER_RTT.c.obj)
                0x0000000000005f7c                SEGGER_RTT_HasDataUp
 .text.zephyr_rtt_mutex_lock
                0x0000000000005f90       0x14 modules/segger/libmodules__segger.a(SEGGER_RTT_zephyr.c.obj)
                0x0000000000005f90                zephyr_rtt_mutex_lock
 .text.zephyr_rtt_mutex_unlock
                0x0000000000005fa4        0xc modules/segger/libmodules__segger.a(SEGGER_RTT_zephyr.c.obj)
                0x0000000000005fa4                zephyr_rtt_mutex_unlock
 .text.z_fatal_error
                0x0000000000005fb0      0x100 zephyr/kernel/libkernel.a(fatal.c.obj)
                0x0000000000005fb0                z_fatal_error
 .text.z_sys_init_run_level
                0x00000000000060b0       0x48 zephyr/kernel/libkernel.a(init.c.obj)
 .text.bg_thread_main
                0x00000000000060f8       0x34 zephyr/kernel/libkernel.a(init.c.obj)
 .text.z_bss_zero
                0x000000000000612c       0x18 zephyr/kernel/libkernel.a(init.c.obj)
                0x000000000000612c                z_bss_zero
 .text.z_init_cpu
                0x0000000000006144       0x8c zephyr/kernel/libkernel.a(init.c.obj)
                0x0000000000006144                z_init_cpu
 .text.z_cstart
                0x00000000000061d0       0xe0 zephyr/kernel/libkernel.a(init.c.obj)
                0x00000000000061d0                z_cstart
 .text.init_mem_slab_module
                0x00000000000062b0       0x24 zephyr/kernel/libkernel.a(mem_slab.c.obj)
 .text.k_mem_slab_alloc
                0x00000000000062d4       0x5c zephyr/kernel/libkernel.a(mem_slab.c.obj)
                0x00000000000062d4                k_mem_slab_alloc
 .text.z_setup_new_thread
                0x0000000000006330       0x80 zephyr/kernel/libkernel.a(thread.c.obj)
                0x0000000000006330                z_setup_new_thread
 .text.z_impl_k_thread_create
                0x00000000000063b0       0x58 zephyr/kernel/libkernel.a(thread.c.obj)
                0x00000000000063b0                z_impl_k_thread_create
 .text.z_init_static_threads
                0x0000000000006408       0xb8 zephyr/kernel/libkernel.a(thread.c.obj)
                0x0000000000006408                z_init_static_threads
 .text.z_impl_k_mutex_lock
                0x00000000000064c0       0xf4 zephyr/kernel/libkernel.a(mutex.c.obj)
                0x00000000000064c0                z_impl_k_mutex_lock
 .text.z_impl_k_mutex_unlock
                0x00000000000065b4       0x78 zephyr/kernel/libkernel.a(mutex.c.obj)
                0x00000000000065b4                z_impl_k_mutex_unlock
 .text.z_impl_k_sem_give
                0x000000000000662c       0x48 zephyr/kernel/libkernel.a(sem.c.obj)
                0x000000000000662c                z_impl_k_sem_give
 .text.z_impl_k_sem_take
                0x0000000000006674       0x50 zephyr/kernel/libkernel.a(sem.c.obj)
                0x0000000000006674                z_impl_k_sem_take
 .text.z_impl_k_sem_reset
                0x00000000000066c4       0x3c zephyr/kernel/libkernel.a(sem.c.obj)
                0x00000000000066c4                z_impl_k_sem_reset
 .text.work_queue_main
                0x0000000000006700      0x138 zephyr/kernel/libkernel.a(work.c.obj)
 .text.submit_to_queue_locked
                0x0000000000006838       0xb4 zephyr/kernel/libkernel.a(work.c.obj)
 .text.k_work_submit
                0x00000000000068ec        0xc zephyr/kernel/libkernel.a(work.c.obj)
                0x00000000000068ec                k_work_submit
 .text.k_work_queue_start
                0x00000000000068f8       0x70 zephyr/kernel/libkernel.a(work.c.obj)
                0x00000000000068f8                k_work_queue_start
 .text.sliceable
                0x0000000000006968       0x3c zephyr/kernel/libkernel.a(sched.c.obj)
 .text.slice_timeout
                0x00000000000069a4       0x20 zephyr/kernel/libkernel.a(sched.c.obj)
 .text.z_reset_time_slice
                0x00000000000069c4       0x50 zephyr/kernel/libkernel.a(sched.c.obj)
                0x00000000000069c4                z_reset_time_slice
 .text.update_cache
                0x0000000000006a14       0x3c zephyr/kernel/libkernel.a(sched.c.obj)
 .text.move_thread_to_end_of_prio_q
                0x0000000000006a50       0x74 zephyr/kernel/libkernel.a(sched.c.obj)
 .text.ready_thread
                0x0000000000006ac4       0x68 zephyr/kernel/libkernel.a(sched.c.obj)
 .text.unready_thread
                0x0000000000006b2c       0x30 zephyr/kernel/libkernel.a(sched.c.obj)
 .text.pend_locked
                0x0000000000006b5c       0x30 zephyr/kernel/libkernel.a(sched.c.obj)
 .text.z_time_slice
                0x0000000000006b8c       0x60 zephyr/kernel/libkernel.a(sched.c.obj)
                0x0000000000006b8c                z_time_slice
 .text.z_pend_curr
                0x0000000000006bec       0x3c zephyr/kernel/libkernel.a(sched.c.obj)
                0x0000000000006bec                z_pend_curr
 .text.z_set_prio
                0x0000000000006c28       0x8c zephyr/kernel/libkernel.a(sched.c.obj)
                0x0000000000006c28                z_set_prio
 .text.z_reschedule
                0x0000000000006cb4       0x24 zephyr/kernel/libkernel.a(sched.c.obj)
                0x0000000000006cb4                z_reschedule
 .text.z_sched_start
                0x0000000000006cd8       0x3c zephyr/kernel/libkernel.a(sched.c.obj)
                0x0000000000006cd8                z_sched_start
 .text.z_impl_k_thread_suspend
                0x0000000000006d14       0x64 zephyr/kernel/libkernel.a(sched.c.obj)
                0x0000000000006d14                z_impl_k_thread_suspend
 .text.k_sched_lock
                0x0000000000006d78       0x28 zephyr/kernel/libkernel.a(sched.c.obj)
                0x0000000000006d78                k_sched_lock
 .text.k_sched_unlock
                0x0000000000006da0       0x38 zephyr/kernel/libkernel.a(sched.c.obj)
                0x0000000000006da0                k_sched_unlock
 .text.z_sched_init
                0x0000000000006dd8       0x10 zephyr/kernel/libkernel.a(sched.c.obj)
                0x0000000000006dd8                z_sched_init
 .text.z_impl_k_yield
                0x0000000000006de8       0x7c zephyr/kernel/libkernel.a(sched.c.obj)
                0x0000000000006de8                z_impl_k_yield
 .text.z_tick_sleep
                0x0000000000006e64       0x88 zephyr/kernel/libkernel.a(sched.c.obj)
 .text.z_impl_k_sleep
                0x0000000000006eec       0x34 zephyr/kernel/libkernel.a(sched.c.obj)
                0x0000000000006eec                z_impl_k_sleep
 .text.z_impl_z_current_get
                0x0000000000006f20        0xc zephyr/kernel/libkernel.a(sched.c.obj)
                0x0000000000006f20                z_impl_z_current_get
 .text.z_thread_abort
                0x0000000000006f2c       0xc0 zephyr/kernel/libkernel.a(sched.c.obj)
                0x0000000000006f2c                z_thread_abort
 .text.z_sched_wait
                0x0000000000006fec       0x24 zephyr/kernel/libkernel.a(sched.c.obj)
                0x0000000000006fec                z_sched_wait
 .text.z_data_copy
                0x0000000000007010       0x34 zephyr/kernel/libkernel.a(xip.c.obj)
                0x0000000000007010                z_data_copy
 .text.elapsed  0x0000000000007044       0x14 zephyr/kernel/libkernel.a(timeout.c.obj)
 .text.next_timeout
                0x0000000000007058       0x40 zephyr/kernel/libkernel.a(timeout.c.obj)
 .text.remove_timeout
                0x0000000000007098       0x38 zephyr/kernel/libkernel.a(timeout.c.obj)
 .text.z_add_timeout
                0x00000000000070d0       0xec zephyr/kernel/libkernel.a(timeout.c.obj)
                0x00000000000070d0                z_add_timeout
 .text.sys_clock_announce
                0x00000000000071bc       0xd4 zephyr/kernel/libkernel.a(timeout.c.obj)
                0x00000000000071bc                sys_clock_announce
 .text.sys_clock_tick_get
                0x0000000000007290       0x34 zephyr/kernel/libkernel.a(timeout.c.obj)
                0x0000000000007290                sys_clock_tick_get
 .text.z_timer_expiration_handler
                0x00000000000072c4       0xe4 zephyr/kernel/libkernel.a(timer.c.obj)
                0x00000000000072c4                z_timer_expiration_handler
 .text.z_impl_k_timer_start
                0x00000000000073a8       0x60 zephyr/kernel/libkernel.a(timer.c.obj)
                0x00000000000073a8                z_impl_k_timer_start
 .text.boot_banner
                0x0000000000007408        0xc zephyr/kernel/libkernel.a(banner.c.obj)
                0x0000000000007408                boot_banner
 .text.k_sys_work_q_init
                0x0000000000007414       0x34 zephyr/kernel/libkernel.a(system_work_q.c.obj)
 .text.nrf_cc3xx_platform_init_no_rng
                0x0000000000007448       0x38 C:/ncs/v2.5.0/nrfxlib/crypto/nrf_cc310_platform/lib/cortex-m4/soft-float/no-interrupts/libnrf_cc310_platform_0.9.18.a(nrf_cc3xx_platform.c.obj)
                0x0000000000007448                nrf_cc3xx_platform_init_no_rng
 .text.nrf_cc3xx_platform_abort
                0x0000000000007480       0x24 C:/ncs/v2.5.0/nrfxlib/crypto/nrf_cc310_platform/lib/cortex-m4/soft-float/no-interrupts/libnrf_cc310_platform_0.9.18.a(nrf_cc3xx_platform_abort.c.obj)
 .text.CC_PalAbort
                0x00000000000074a4       0x34 C:/ncs/v2.5.0/nrfxlib/crypto/nrf_cc310_platform/lib/cortex-m4/soft-float/no-interrupts/libnrf_cc310_platform_0.9.18.a(nrf_cc3xx_platform_abort.c.obj)
                0x00000000000074a4                CC_PalAbort
 .text.nrf_cc3xx_platform_set_abort
                0x00000000000074d8       0x10 C:/ncs/v2.5.0/nrfxlib/crypto/nrf_cc310_platform/lib/cortex-m4/soft-float/no-interrupts/libnrf_cc310_platform_0.9.18.a(nrf_cc3xx_platform_abort.c.obj)
                0x00000000000074d8                nrf_cc3xx_platform_set_abort
 .text.mutex_free
                0x00000000000074e8       0x34 C:/ncs/v2.5.0/nrfxlib/crypto/nrf_cc310_platform/lib/cortex-m4/soft-float/no-interrupts/libnrf_cc310_platform_0.9.18.a(nrf_cc3xx_platform_mutex.c.obj)
 .text.mutex_lock
                0x000000000000751c       0x48 C:/ncs/v2.5.0/nrfxlib/crypto/nrf_cc310_platform/lib/cortex-m4/soft-float/no-interrupts/libnrf_cc310_platform_0.9.18.a(nrf_cc3xx_platform_mutex.c.obj)
 .text.mutex_unlock
                0x0000000000007564       0x38 C:/ncs/v2.5.0/nrfxlib/crypto/nrf_cc310_platform/lib/cortex-m4/soft-float/no-interrupts/libnrf_cc310_platform_0.9.18.a(nrf_cc3xx_platform_mutex.c.obj)
 .text.mutex_init
                0x000000000000759c       0x20 C:/ncs/v2.5.0/nrfxlib/crypto/nrf_cc310_platform/lib/cortex-m4/soft-float/no-interrupts/libnrf_cc310_platform_0.9.18.a(nrf_cc3xx_platform_mutex.c.obj)
 .text.nrf_cc3xx_platform_set_mutexes
                0x00000000000075bc       0x74 C:/ncs/v2.5.0/nrfxlib/crypto/nrf_cc310_platform/lib/cortex-m4/soft-float/no-interrupts/libnrf_cc310_platform_0.9.18.a(nrf_cc3xx_platform_mutex.c.obj)
                0x00000000000075bc                nrf_cc3xx_platform_set_mutexes
 .text.CC_LibInitNoRng
                0x0000000000007630       0x64 C:/ncs/v2.5.0/nrfxlib/crypto/nrf_cc310_platform/lib/cortex-m4/soft-float/no-interrupts/libnrf_cc310_platform_0.9.18.a(cc_lib.c.obj)
                0x0000000000007630                CC_LibInitNoRng
 .text.CC_HalInit
                0x0000000000007694        0x4 C:/ncs/v2.5.0/nrfxlib/crypto/nrf_cc310_platform/lib/cortex-m4/soft-float/no-interrupts/libnrf_cc310_platform_0.9.18.a(cc_hal.c.obj)
                0x0000000000007694                CC_HalInit
 .text.CC_HalTerminate
                0x0000000000007698        0x4 C:/ncs/v2.5.0/nrfxlib/crypto/nrf_cc310_platform/lib/cortex-m4/soft-float/no-interrupts/libnrf_cc310_platform_0.9.18.a(cc_hal.c.obj)
                0x0000000000007698                CC_HalTerminate
 .text.CC_HalMaskInterrupt
                0x000000000000769c        0xc C:/ncs/v2.5.0/nrfxlib/crypto/nrf_cc310_platform/lib/cortex-m4/soft-float/no-interrupts/libnrf_cc310_platform_0.9.18.a(cc_hal.c.obj)
                0x000000000000769c                CC_HalMaskInterrupt
 .text.CC_PalInit
                0x00000000000076a8       0x5c C:/ncs/v2.5.0/nrfxlib/crypto/nrf_cc310_platform/lib/cortex-m4/soft-float/no-interrupts/libnrf_cc310_platform_0.9.18.a(cc_pal.c.obj)
                0x00000000000076a8                CC_PalInit
 .text.CC_PalTerminate
                0x0000000000007704       0x34 C:/ncs/v2.5.0/nrfxlib/crypto/nrf_cc310_platform/lib/cortex-m4/soft-float/no-interrupts/libnrf_cc310_platform_0.9.18.a(cc_pal.c.obj)
                0x0000000000007704                CC_PalTerminate
 .text.CC_PalDmaInit
                0x0000000000007738        0x4 C:/ncs/v2.5.0/nrfxlib/crypto/nrf_cc310_platform/lib/cortex-m4/soft-float/no-interrupts/libnrf_cc310_platform_0.9.18.a(cc_pal_dma.c.obj)
                0x0000000000007738                CC_PalDmaInit
 .text.CC_PalDmaTerminate
                0x000000000000773c        0x4 C:/ncs/v2.5.0/nrfxlib/crypto/nrf_cc310_platform/lib/cortex-m4/soft-float/no-interrupts/libnrf_cc310_platform_0.9.18.a(cc_pal_dma.c.obj)
                0x000000000000773c                CC_PalDmaTerminate
 .text.CC_PalMutexCreate
                0x0000000000007740       0x14 C:/ncs/v2.5.0/nrfxlib/crypto/nrf_cc310_platform/lib/cortex-m4/soft-float/no-interrupts/libnrf_cc310_platform_0.9.18.a(cc_pal_mutex.c.obj)
                0x0000000000007740                CC_PalMutexCreate
 .text.CC_PalMutexDestroy
                0x0000000000007754       0x14 C:/ncs/v2.5.0/nrfxlib/crypto/nrf_cc310_platform/lib/cortex-m4/soft-float/no-interrupts/libnrf_cc310_platform_0.9.18.a(cc_pal_mutex.c.obj)
                0x0000000000007754                CC_PalMutexDestroy
 .text.CC_PalPowerSaveModeInit
                0x0000000000007768       0x3c C:/ncs/v2.5.0/nrfxlib/crypto/nrf_cc310_platform/lib/cortex-m4/soft-float/no-interrupts/libnrf_cc310_platform_0.9.18.a(cc_pal_pm.c.obj)
                0x0000000000007768                CC_PalPowerSaveModeInit
 .text.CC_PalPowerSaveModeSelect
                0x00000000000077a4       0x84 C:/ncs/v2.5.0/nrfxlib/crypto/nrf_cc310_platform/lib/cortex-m4/soft-float/no-interrupts/libnrf_cc310_platform_0.9.18.a(cc_pal_pm.c.obj)
                0x00000000000077a4                CC_PalPowerSaveModeSelect
 .text.puts     0x0000000000007828       0x40 c:\ncs\toolchains\c57af46cb7\opt\zephyr-sdk\arm-zephyr-eabi\bin\../lib/gcc/../../picolibc/arm-zephyr-eabi/lib/thumb/v7e-m/nofp\libc.a(libc_tinystdio_puts.c.o)
                0x0000000000007828                puts
 .text.snprintf
                0x0000000000007868       0x58 c:\ncs\toolchains\c57af46cb7\opt\zephyr-sdk\arm-zephyr-eabi\bin\../lib/gcc/../../picolibc/arm-zephyr-eabi/lib/thumb/v7e-m/nofp\libc.a(libc_tinystdio_snprintf.c.o)
                0x0000000000007868                snprintf
 .text.skip_to_arg
                0x00000000000078c0      0x138 c:\ncs\toolchains\c57af46cb7\opt\zephyr-sdk\arm-zephyr-eabi\bin\../lib/gcc/../../picolibc/arm-zephyr-eabi/lib/thumb/v7e-m/nofp\libc.a(libc_tinystdio_vfprintf.c.o)
 .text.vfprintf
                0x00000000000079f8      0xbac c:\ncs\toolchains\c57af46cb7\opt\zephyr-sdk\arm-zephyr-eabi\bin\../lib/gcc/../../picolibc/arm-zephyr-eabi/lib/thumb/v7e-m/nofp\libc.a(libc_tinystdio_vfprintf.c.o)
                0x00000000000079f8                __d_vfprintf
 .text.div10    0x00000000000085a4       0x28 c:\ncs\toolchains\c57af46cb7\opt\zephyr-sdk\arm-zephyr-eabi\bin\../lib/gcc/../../picolibc/arm-zephyr-eabi/lib/thumb/v7e-m/nofp\libc.a(libc_tinystdio_dtoa_ryu.c.o)
 .text.__dtoa_engine
                0x00000000000085cc      0x4a4 c:\ncs\toolchains\c57af46cb7\opt\zephyr-sdk\arm-zephyr-eabi\bin\../lib/gcc/../../picolibc/arm-zephyr-eabi/lib/thumb/v7e-m/nofp\libc.a(libc_tinystdio_dtoa_ryu.c.o)
                0x00000000000085cc                __dtoa_engine
 .text.__pow5Factor
                0x0000000000008a70       0x30 c:\ncs\toolchains\c57af46cb7\opt\zephyr-sdk\arm-zephyr-eabi\bin\../lib/gcc/../../picolibc/arm-zephyr-eabi/lib/thumb/v7e-m/nofp\libc.a(libc_tinystdio_ryu_table.c.o)
                0x0000000000008a70                __pow5Factor
 .text.__double_computePow5
                0x0000000000008aa0       0xe8 c:\ncs\toolchains\c57af46cb7\opt\zephyr-sdk\arm-zephyr-eabi\bin\../lib/gcc/../../picolibc/arm-zephyr-eabi/lib/thumb/v7e-m/nofp\libc.a(libc_tinystdio_ryu_table.c.o)
                0x0000000000008aa0                __double_computePow5
 .text.__double_computeInvPow5
                0x0000000000008b88       0xf8 c:\ncs\toolchains\c57af46cb7\opt\zephyr-sdk\arm-zephyr-eabi\bin\../lib/gcc/../../picolibc/arm-zephyr-eabi/lib/thumb/v7e-m/nofp\libc.a(libc_tinystdio_ryu_table.c.o)
                0x0000000000008b88                __double_computeInvPow5
 .text.__log10Pow2
                0x0000000000008c80        0xc c:\ncs\toolchains\c57af46cb7\opt\zephyr-sdk\arm-zephyr-eabi\bin\../lib/gcc/../../picolibc/arm-zephyr-eabi/lib/thumb/v7e-m/nofp\libc.a(libc_tinystdio_ryu_log10.c.o)
                0x0000000000008c80                __log10Pow2
 .text.__log10Pow5
                0x0000000000008c8c        0xc c:\ncs\toolchains\c57af46cb7\opt\zephyr-sdk\arm-zephyr-eabi\bin\../lib/gcc/../../picolibc/arm-zephyr-eabi/lib/thumb/v7e-m/nofp\libc.a(libc_tinystdio_ryu_log10.c.o)
                0x0000000000008c8c                __log10Pow5
 .text.__pow5bits
                0x0000000000008c98       0x10 c:\ncs\toolchains\c57af46cb7\opt\zephyr-sdk\arm-zephyr-eabi\bin\../lib/gcc/../../picolibc/arm-zephyr-eabi/lib/thumb/v7e-m/nofp\libc.a(libc_tinystdio_ryu_pow5bits.c.o)
                0x0000000000008c98                __pow5bits
 .text.cbpprintf_external
                0x0000000000008ca8       0x62 zephyr/libzephyr.a(cbprintf_packaged.c.obj)
                0x0000000000008ca8                cbpprintf_external
 .text.is_ptr   0x0000000000008d0a       0x4a zephyr/libzephyr.a(cbprintf_packaged.c.obj)
                0x0000000000008d0a                is_ptr
 .text.arch_printk_char_out
                0x0000000000008d54        0x4 zephyr/libzephyr.a(printk.c.obj)
                0x0000000000008d54                arch_printk_char_out
 .text.printk   0x0000000000008d58       0x1a zephyr/libzephyr.a(printk.c.obj)
                0x0000000000008d58                printk
 .text.chunk_size
                0x0000000000008d72        0xa zephyr/libzephyr.a(heap.c.obj)
 .text.free_list_add
                0x0000000000008d7c       0x4e zephyr/libzephyr.a(heap.c.obj)
 .text.sys_heap_init
                0x0000000000008dca       0x7a zephyr/libzephyr.a(heap.c.obj)
                0x0000000000008dca                sys_heap_init
 .text.process_recheck
                0x0000000000008e44       0x38 zephyr/libzephyr.a(onoff.c.obj)
 .text.validate_args
                0x0000000000008e7c       0x20 zephyr/libzephyr.a(onoff.c.obj)
 .text.notify_one
                0x0000000000008e9c       0x2c zephyr/libzephyr.a(onoff.c.obj)
 .text.transition_complete
                0x0000000000008ec8       0x1c zephyr/libzephyr.a(onoff.c.obj)
 .text.onoff_manager_init
                0x0000000000008ee4       0x26 zephyr/libzephyr.a(onoff.c.obj)
                0x0000000000008ee4                onoff_manager_init
 .text.onoff_request
                0x0000000000008f0a       0xb0 zephyr/libzephyr.a(onoff.c.obj)
                0x0000000000008f0a                onoff_request
 .text.onoff_release
                0x0000000000008fba       0x4a zephyr/libzephyr.a(onoff.c.obj)
                0x0000000000008fba                onoff_release
 .text.sys_notify_validate
                0x0000000000009004       0x22 zephyr/libzephyr.a(notify.c.obj)
                0x0000000000009004                sys_notify_validate
 .text.sys_notify_finalize
                0x0000000000009026       0x1a zephyr/libzephyr.a(notify.c.obj)
                0x0000000000009026                sys_notify_finalize
 .text.free_space
                0x0000000000009040       0x26 zephyr/libzephyr.a(mpsc_pbuf.c.obj)
 .text.get_usage
                0x0000000000009066       0x22 zephyr/libzephyr.a(mpsc_pbuf.c.obj)
 .text.idx_inc  0x0000000000009088       0x1c zephyr/libzephyr.a(mpsc_pbuf.c.obj)
 .text.rd_idx_inc
                0x00000000000090a4       0x18 zephyr/libzephyr.a(mpsc_pbuf.c.obj)
 .text.add_skip_item
                0x00000000000090bc       0x3a zephyr/libzephyr.a(mpsc_pbuf.c.obj)
 .text.drop_item_locked
                0x00000000000090f6       0xee zephyr/libzephyr.a(mpsc_pbuf.c.obj)
 .text.post_drop_action
                0x00000000000091e4       0x36 zephyr/libzephyr.a(mpsc_pbuf.c.obj)
 .text.max_utilization_update
                0x000000000000921a       0x1a zephyr/libzephyr.a(mpsc_pbuf.c.obj)
 .text.mpsc_pbuf_init
                0x0000000000009234       0x42 zephyr/libzephyr.a(mpsc_pbuf.c.obj)
                0x0000000000009234                mpsc_pbuf_init
 .text.mpsc_pbuf_alloc
                0x0000000000009276       0xfc zephyr/libzephyr.a(mpsc_pbuf.c.obj)
                0x0000000000009276                mpsc_pbuf_alloc
 .text.mpsc_pbuf_commit
                0x0000000000009372       0x40 zephyr/libzephyr.a(mpsc_pbuf.c.obj)
                0x0000000000009372                mpsc_pbuf_commit
 .text.mpsc_pbuf_claim
                0x00000000000093b2       0xa4 zephyr/libzephyr.a(mpsc_pbuf.c.obj)
                0x00000000000093b2                mpsc_pbuf_claim
 .text.mpsc_pbuf_free
                0x0000000000009456       0x78 zephyr/libzephyr.a(mpsc_pbuf.c.obj)
                0x0000000000009456                mpsc_pbuf_free
 .text.mpsc_pbuf_is_pending
                0x00000000000094ce       0x1a zephyr/libzephyr.a(mpsc_pbuf.c.obj)
                0x00000000000094ce                mpsc_pbuf_is_pending
 .text._ConfigAbsSyms
                0x00000000000094e8        0x2 zephyr/libzephyr.a(configs.c.obj)
                0x00000000000094e8                _ConfigAbsSyms
 .text.log_msg_generic_get_wlen
                0x00000000000094ea       0x20 zephyr/libzephyr.a(log_core.c.obj)
 .text.dummy_timestamp
                0x000000000000950a        0x4 zephyr/libzephyr.a(log_core.c.obj)
 .text.default_get_timestamp
                0x000000000000950e        0x4 zephyr/libzephyr.a(log_core.c.obj)
 .text.atomic_inc
                0x0000000000009512       0x1a zephyr/libzephyr.a(log_core.c.obj)
 .text.z_log_vprintk
                0x000000000000952c       0x1c zephyr/libzephyr.a(log_core.c.obj)
                0x000000000000952c                z_log_vprintk
 .text.z_log_notify_drop
                0x0000000000009548        0x6 zephyr/libzephyr.a(log_core.c.obj)
 .text.z_log_get_tag
                0x000000000000954e        0x4 zephyr/libzephyr.a(log_core.c.obj)
                0x000000000000954e                z_log_get_tag
 .text.z_cbprintf_cpy
                0x0000000000009552       0x2c zephyr/libzephyr.a(log_msg.c.obj)
 .text.z_log_msg_finalize
                0x000000000000957e       0x32 zephyr/libzephyr.a(log_msg.c.obj)
                0x000000000000957e                z_log_msg_finalize
 .text.buffer_write
                0x00000000000095b0       0x1a zephyr/libzephyr.a(log_output.c.obj)
 .text.log_output_flush
                0x00000000000095ca       0x1a zephyr/libzephyr.a(log_output.c.obj)
                0x00000000000095ca                log_output_flush
 .text.out_func
                0x00000000000095e4       0x36 zephyr/libzephyr.a(log_output.c.obj)
 .text.cr_out_func
                0x000000000000961a       0x1c zephyr/libzephyr.a(log_output.c.obj)
 .text.log_backend_uart_init
                0x0000000000009636        0x2 zephyr/libzephyr.a(log_backend_uart.c.obj)
 .text.abort_function
                0x0000000000009638        0x8 zephyr/libzephyr.a(nrf_cc3xx_platform_abort_zephyr.c.obj)
 .text.z_do_kernel_oops
                0x0000000000009640        0x8 zephyr/arch/arch/arm/core/aarch32/libarch__arm__core__aarch32.a(fatal.c.obj)
                0x0000000000009640                z_do_kernel_oops
 .text.z_irq_spurious
                0x0000000000009648        0x8 zephyr/arch/arch/arm/core/aarch32/libarch__arm__core__aarch32.a(irq_manage.c.obj)
                0x0000000000009648                z_irq_spurious
 .text.z_arm_nmi
                0x0000000000009650        0xe zephyr/arch/arch/arm/core/aarch32/libarch__arm__core__aarch32.a(nmi.c.obj)
                0x0000000000009650                z_arm_nmi
 .text.z_log_msg_static_create.constprop.0
                0x000000000000965e        0x6 zephyr/arch/arch/arm/core/aarch32/cortex_m/libarch__arm__core__aarch32__cortex_m.a(fault.c.obj)
 .text.cbputc   0x0000000000009664        0xc zephyr/lib/libc/picolibc/liblib__libc__picolibc.a(libc-hooks.c.obj)
 .text.picolibc_put
                0x0000000000009670        0xa zephyr/lib/libc/picolibc/liblib__libc__picolibc.a(libc-hooks.c.obj)
 .text.get_status
                0x000000000000967a       0x12 zephyr/drivers/clock_control/libdrivers__clock_control.a(clock_control_nrf.c.obj)
 .text.set_on_state
                0x000000000000968c       0x26 zephyr/drivers/clock_control/libdrivers__clock_control.a(clock_control_nrf.c.obj)
 .text.stop     0x00000000000096b2       0x52 zephyr/drivers/clock_control/libdrivers__clock_control.a(clock_control_nrf.c.obj)
 .text.api_stop
                0x0000000000009704        0x6 zephyr/drivers/clock_control/libdrivers__clock_control.a(clock_control_nrf.c.obj)
 .text.async_start
                0x000000000000970a       0x5c zephyr/drivers/clock_control/libdrivers__clock_control.a(clock_control_nrf.c.obj)
 .text.api_start
                0x0000000000009766        0xe zephyr/drivers/clock_control/libdrivers__clock_control.a(clock_control_nrf.c.obj)
 .text.onoff_started_callback
                0x0000000000009774       0x12 zephyr/drivers/clock_control/libdrivers__clock_control.a(clock_control_nrf.c.obj)
 .text.lfclk_start
                0x0000000000009786        0x6 zephyr/drivers/clock_control/libdrivers__clock_control.a(clock_control_nrf.c.obj)
 .text.blocking_start_callback
                0x000000000000978c        0x6 zephyr/drivers/clock_control/libdrivers__clock_control.a(clock_control_nrf.c.obj)
 .text.lfclk_stop
                0x0000000000009792       0x10 zephyr/drivers/clock_control/libdrivers__clock_control.a(clock_control_nrf.c.obj)
 .text.timeout_handler
                0x00000000000097a2        0x4 zephyr/drivers/clock_control/libdrivers__clock_control.a(nrf_clock_calibration.c.obj)
 .text.gpio_nrfx_port_get_raw
                0x00000000000097a6        0xe zephyr/drivers/gpio/libdrivers__gpio.a(gpio_nrfx.c.obj)
 .text.gpio_nrfx_port_set_masked_raw
                0x00000000000097b4       0x18 zephyr/drivers/gpio/libdrivers__gpio.a(gpio_nrfx.c.obj)
 .text.gpio_nrfx_port_set_bits_raw
                0x00000000000097cc        0xc zephyr/drivers/gpio/libdrivers__gpio.a(gpio_nrfx.c.obj)
 .text.gpio_nrfx_port_clear_bits_raw
                0x00000000000097d8        0xc zephyr/drivers/gpio/libdrivers__gpio.a(gpio_nrfx.c.obj)
 .text.gpio_nrfx_port_toggle_bits
                0x00000000000097e4       0x1a zephyr/drivers/gpio/libdrivers__gpio.a(gpio_nrfx.c.obj)
 .text.gpio_nrfx_manage_callback
                0x00000000000097fe       0x52 zephyr/drivers/gpio/libdrivers__gpio.a(gpio_nrfx.c.obj)
 .text.z_impl_i2c_transfer
                0x0000000000009850        0xc zephyr/drivers/kscan/libdrivers__kscan.a(kscan_sx1508.c.obj)
 .text.sx1508_irq_callback
                0x000000000000985c        0x8 zephyr/drivers/kscan/libdrivers__kscan.a(kscan_sx1508.c.obj)
 .text.z_log_msg_static_create.constprop.0
                0x0000000000009864        0x6 zephyr/drivers/kscan/libdrivers__kscan.a(kscan_sx1508.c.obj)
 .text.i2c_write_dt.constprop.0
                0x000000000000986a       0x20 zephyr/drivers/kscan/libdrivers__kscan.a(kscan_sx1508.c.obj)
 .text.kscan_sx1508_config
                0x000000000000988a       0x24 zephyr/drivers/kscan/libdrivers__kscan.a(kscan_sx1508.c.obj)
 .text.find_zero_indexes
                0x00000000000098ae       0x2c zephyr/drivers/kscan/libdrivers__kscan.a(kscan_sx1508.c.obj)
                0x00000000000098ae                find_zero_indexes
 .text.pinctrl_lookup_state
                0x00000000000098da       0x26 zephyr/drivers/pinctrl/libdrivers__pinctrl.a(common.c.obj)
                0x00000000000098da                pinctrl_lookup_state
 .text.sensor_comm_write.constprop.0
                0x0000000000009900       0x2e zephyr/drivers/sensor/fxls8974cf/libdrivers__sensor__fxls8974cf.a(fxls8974cf.c.obj)
 .text.set_mode
                0x000000000000992e       0x6c zephyr/drivers/sensor/fxls8974cf/libdrivers__sensor__fxls8974cf.a(fxls8974cf.c.obj)
                0x000000000000992e                set_mode
 .text.fxls8974cf_sample_fetch
                0x000000000000999a       0x62 zephyr/drivers/sensor/fxls8974cf/libdrivers__sensor__fxls8974cf.a(fxls8974cf.c.obj)
 .text.i2c_transfer
                0x00000000000099fc        0xc zephyr/drivers/sensor/fxls8974cf/libdrivers__sensor__fxls8974cf.a(fxls8974cf_i2c.c.obj)
 .text.fxls8974cf_i2c_write_data
                0x0000000000009a08       0x34 zephyr/drivers/sensor/fxls8974cf/libdrivers__sensor__fxls8974cf.a(fxls8974cf_i2c.c.obj)
 .text.fxls8974cf_i2c_read_data
                0x0000000000009a3c       0x36 zephyr/drivers/sensor/fxls8974cf/libdrivers__sensor__fxls8974cf.a(fxls8974cf_i2c.c.obj)
 .text.fxls8974cf_i2c_write_reg
                0x0000000000009a72       0x2a zephyr/drivers/sensor/fxls8974cf/libdrivers__sensor__fxls8974cf.a(fxls8974cf_i2c.c.obj)
 .text.fxls8974cf_i2c_read_reg
                0x0000000000009a9c       0x34 zephyr/drivers/sensor/fxls8974cf/libdrivers__sensor__fxls8974cf.a(fxls8974cf_i2c.c.obj)
 .text.fxls8974cf_i2c_update_reg
                0x0000000000009ad0       0x7a zephyr/drivers/sensor/fxls8974cf/libdrivers__sensor__fxls8974cf.a(fxls8974cf_i2c.c.obj)
 .text.uarte_nrfx_config_get
                0x0000000000009b4a       0x10 zephyr/drivers/serial/libdrivers__serial.a(uart_nrfx_uarte.c.obj)
 .text.uarte_nrfx_err_check
                0x0000000000009b5a        0xe zephyr/drivers/serial/libdrivers__serial.a(uart_nrfx_uarte.c.obj)
 .text.uarte_nrfx_poll_in
                0x0000000000009b68       0x28 zephyr/drivers/serial/libdrivers__serial.a(uart_nrfx_uarte.c.obj)
 .text.is_tx_ready.isra.0
                0x0000000000009b90       0x20 zephyr/drivers/serial/libdrivers__serial.a(uart_nrfx_uarte.c.obj)
 .text.uarte_nrfx_isr_int
                0x0000000000009bb0       0x72 zephyr/drivers/serial/libdrivers__serial.a(uart_nrfx_uarte.c.obj)
 .text.event_clear
                0x0000000000009c22       0x18 zephyr/drivers/timer/libdrivers__timer.a(nrf_rtc_timer.c.obj)
 .text.sys_clock_cycle_get_32
                0x0000000000009c3a        0x8 zephyr/drivers/timer/libdrivers__timer.a(nrf_rtc_timer.c.obj)
                0x0000000000009c3a                sys_clock_cycle_get_32
 .text.hw_cc3xx_init_internal
                0x0000000000009c42        0x4 modules/nrf/drivers/hw_cc310/lib..__nrf__drivers__hw_cc310.a(hw_cc310.c.obj)
 .text.hw_cc3xx_init
                0x0000000000009c46       0x12 modules/nrf/drivers/hw_cc310/lib..__nrf__drivers__hw_cc310.a(hw_cc310.c.obj)
 .text.nrfx_isr
                0x0000000000009c58        0x2 modules/hal_nordic/nrfx/libmodules__hal_nordic__nrfx.a(nrfx_glue.c.obj)
                0x0000000000009c58                nrfx_isr
 .text.nrfx_busy_wait
                0x0000000000009c5a        0x4 modules/hal_nordic/nrfx/libmodules__hal_nordic__nrfx.a(nrfx_glue.c.obj)
                0x0000000000009c5a                nrfx_busy_wait
 .text.nrfx_gppi_channel_endpoints_setup
                0x0000000000009c5e       0x14 modules/hal_nordic/nrfx/libmodules__hal_nordic__nrfx.a(nrfx_gppi_ppi.c.obj)
                0x0000000000009c5e                nrfx_gppi_channel_endpoints_setup
 .text.nrfx_clock_enable
                0x0000000000009c72       0x1a modules/hal_nordic/nrfx/libmodules__hal_nordic__nrfx.a(nrfx_clock.c.obj)
                0x0000000000009c72                nrfx_clock_enable
 .text.nrfx_clock_start
                0x0000000000009c8c       0x70 modules/hal_nordic/nrfx/libmodules__hal_nordic__nrfx.a(nrfx_clock.c.obj)
                0x0000000000009c8c                nrfx_clock_start
 .text.nrfx_clock_stop
                0x0000000000009cfc        0x4 modules/hal_nordic/nrfx/libmodules__hal_nordic__nrfx.a(nrfx_clock.c.obj)
                0x0000000000009cfc                nrfx_clock_stop
 .text.nrf_gpio_reconfigure
                0x0000000000009d00       0x92 modules/hal_nordic/nrfx/libmodules__hal_nordic__nrfx.a(nrfx_gpiote.c.obj)
 .text.nrf_gpio_cfg_sense_set
                0x0000000000009d92       0x1e modules/hal_nordic/nrfx/libmodules__hal_nordic__nrfx.a(nrfx_gpiote.c.obj)
 .text.twi_transfer
                0x0000000000009db0      0x130 modules/hal_nordic/nrfx/libmodules__hal_nordic__nrfx.a(nrfx_twi.c.obj)
 .text.nrf_gpio_pin_set
                0x0000000000009ee0       0x1a modules/hal_nordic/nrfx/libmodules__hal_nordic__nrfx.a(nrfx_twi_twim.c.obj)
 .text.SEGGER_RTT_Init
                0x0000000000009efa        0x4 modules/segger/libmodules__segger.a(SEGGER_RTT.c.obj)
                0x0000000000009efa                SEGGER_RTT_Init
 .text.rtt_init
                0x0000000000009efe        0xa modules/segger/libmodules__segger.a(SEGGER_RTT_zephyr.c.obj)
 .text.z_impl_k_busy_wait
                0x0000000000009f08        0x8 zephyr/kernel/libkernel.a(busy_wait.c.obj)
                0x0000000000009f08                z_impl_k_busy_wait
 .text.z_device_state_init
                0x0000000000009f10        0x2 zephyr/kernel/libkernel.a(device.c.obj)
                0x0000000000009f10                z_device_state_init
 .text.z_device_is_ready
                0x0000000000009f12       0x16 zephyr/kernel/libkernel.a(device.c.obj)
                0x0000000000009f12                z_device_is_ready
 .text.z_early_memset
                0x0000000000009f28        0x4 zephyr/kernel/libkernel.a(init.c.obj)
                0x0000000000009f28                z_early_memset
 .text.z_early_memcpy
                0x0000000000009f2c        0x4 zephyr/kernel/libkernel.a(init.c.obj)
                0x0000000000009f2c                z_early_memcpy
 .text.create_free_list
                0x0000000000009f30       0x2c zephyr/kernel/libkernel.a(mem_slab.c.obj)
 .text.k_mem_slab_init
                0x0000000000009f5c       0x1c zephyr/kernel/libkernel.a(mem_slab.c.obj)
                0x0000000000009f5c                k_mem_slab_init
 .text.k_mem_slab_free
                0x0000000000009f78       0x4c zephyr/kernel/libkernel.a(mem_slab.c.obj)
                0x0000000000009f78                k_mem_slab_free
 .text.k_is_in_isr
                0x0000000000009fc4        0xc zephyr/kernel/libkernel.a(thread.c.obj)
                0x0000000000009fc4                k_is_in_isr
 .text.z_impl_k_thread_name_set
                0x0000000000009fd0        0x6 zephyr/kernel/libkernel.a(thread.c.obj)
                0x0000000000009fd0                z_impl_k_thread_name_set
 .text.k_thread_name_get
                0x0000000000009fd6        0x4 zephyr/kernel/libkernel.a(thread.c.obj)
                0x0000000000009fd6                k_thread_name_get
 .text.z_impl_k_thread_start
                0x0000000000009fda        0x4 zephyr/kernel/libkernel.a(thread.c.obj)
                0x0000000000009fda                z_impl_k_thread_start
 .text.idle     0x0000000000009fde       0x18 zephyr/kernel/libkernel.a(idle.c.obj)
                0x0000000000009fde                idle
 .text.adjust_owner_prio.isra.0
                0x0000000000009ff6       0x10 zephyr/kernel/libkernel.a(mutex.c.obj)
 .text.z_impl_k_mutex_init
                0x000000000000a006        0xe zephyr/kernel/libkernel.a(mutex.c.obj)
                0x000000000000a006                z_impl_k_mutex_init
 .text.z_impl_k_sem_init
                0x000000000000a014       0x18 zephyr/kernel/libkernel.a(sem.c.obj)
                0x000000000000a014                z_impl_k_sem_init
 .text.flag_test_and_clear
                0x000000000000a02c       0x16 zephyr/kernel/libkernel.a(work.c.obj)
 .text.notify_queue_locked.isra.0
                0x000000000000a042        0xe zephyr/kernel/libkernel.a(work.c.obj)
 .text.z_work_submit_to_queue
                0x000000000000a050       0x28 zephyr/kernel/libkernel.a(work.c.obj)
                0x000000000000a050                z_work_submit_to_queue
 .text.k_work_submit_to_queue
                0x000000000000a078       0x22 zephyr/kernel/libkernel.a(work.c.obj)
                0x000000000000a078                k_work_submit_to_queue
 .text.sys_dlist_remove
                0x000000000000a09a       0x10 zephyr/kernel/libkernel.a(sched.c.obj)
 .text.unpend_thread_no_timeout
                0x000000000000a0aa       0x14 zephyr/kernel/libkernel.a(sched.c.obj)
 .text.add_to_waitq_locked
                0x000000000000a0be       0x50 zephyr/kernel/libkernel.a(sched.c.obj)
 .text.z_ready_thread
                0x000000000000a10e       0x20 zephyr/kernel/libkernel.a(sched.c.obj)
                0x000000000000a10e                z_ready_thread
 .text.z_unpend_thread_no_timeout
                0x000000000000a12e       0x24 zephyr/kernel/libkernel.a(sched.c.obj)
                0x000000000000a12e                z_unpend_thread_no_timeout
 .text.z_sched_wake_thread
                0x000000000000a152       0x44 zephyr/kernel/libkernel.a(sched.c.obj)
                0x000000000000a152                z_sched_wake_thread
 .text.z_thread_timeout
                0x000000000000a196        0x8 zephyr/kernel/libkernel.a(sched.c.obj)
                0x000000000000a196                z_thread_timeout
 .text.z_unpend1_no_timeout
                0x000000000000a19e       0x2e zephyr/kernel/libkernel.a(sched.c.obj)
                0x000000000000a19e                z_unpend1_no_timeout
 .text.z_unpend_first_thread
                0x000000000000a1cc       0x38 zephyr/kernel/libkernel.a(sched.c.obj)
                0x000000000000a1cc                z_unpend_first_thread
 .text.z_reschedule_irqlock
                0x000000000000a204       0x18 zephyr/kernel/libkernel.a(sched.c.obj)
                0x000000000000a204                z_reschedule_irqlock
 .text.z_reschedule_unlocked
                0x000000000000a21c       0x14 zephyr/kernel/libkernel.a(sched.c.obj)
 .text.z_sched_wake
                0x000000000000a230       0x46 zephyr/kernel/libkernel.a(sched.c.obj)
                0x000000000000a230                z_sched_wake
 .text.z_abort_timeout
                0x000000000000a276       0x2c zephyr/kernel/libkernel.a(timeout.c.obj)
                0x000000000000a276                z_abort_timeout
 .text.sys_clock_tick_get_32
                0x000000000000a2a2        0x8 zephyr/kernel/libkernel.a(timeout.c.obj)
                0x000000000000a2a2                sys_clock_tick_get_32
 .text.z_impl_k_uptime_ticks
                0x000000000000a2aa        0x4 zephyr/kernel/libkernel.a(timeout.c.obj)
                0x000000000000a2aa                z_impl_k_uptime_ticks
 .text.k_timer_init
                0x000000000000a2ae       0x18 zephyr/kernel/libkernel.a(timer.c.obj)
                0x000000000000a2ae                k_timer_init
 .text.z_impl_k_timer_stop
                0x000000000000a2c6       0x3a zephyr/kernel/libkernel.a(timer.c.obj)
                0x000000000000a2c6                z_impl_k_timer_stop
 .text._OffsetAbsSyms
                0x000000000000a300        0x2 zephyr/CMakeFiles/offsets.dir/./arch/arm/core/offsets/offsets.c.obj
                0x000000000000a300                _OffsetAbsSyms
 .text.strnlen  0x000000000000a302       0x18 c:\ncs\toolchains\c57af46cb7\opt\zephyr-sdk\arm-zephyr-eabi\bin\../lib/gcc/../../picolibc/arm-zephyr-eabi/lib/thumb/v7e-m/nofp\libc.a(libc_string_strnlen.c.o)
                0x000000000000a302                strnlen
 .text.__ultoa_invert
                0x000000000000a31a       0x58 c:\ncs\toolchains\c57af46cb7\opt\zephyr-sdk\arm-zephyr-eabi\bin\../lib/gcc/../../picolibc/arm-zephyr-eabi/lib/thumb/v7e-m/nofp\libc.a(libc_tinystdio_vfprintf.c.o)
 .text.mulShiftAll64
                0x000000000000a372      0x176 c:\ncs\toolchains\c57af46cb7\opt\zephyr-sdk\arm-zephyr-eabi\bin\../lib/gcc/../../picolibc/arm-zephyr-eabi/lib/thumb/v7e-m/nofp\libc.a(libc_tinystdio_dtoa_ryu.c.o)
 .text.__umul128
                0x000000000000a4e8       0x36 c:\ncs\toolchains\c57af46cb7\opt\zephyr-sdk\arm-zephyr-eabi\bin\../lib/gcc/../../picolibc/arm-zephyr-eabi/lib/thumb/v7e-m/nofp\libc.a(libc_tinystdio_ryu_umul128.c.o)
                0x000000000000a4e8                __umul128
 .text.__shiftright128
                0x000000000000a51e       0x3e c:\ncs\toolchains\c57af46cb7\opt\zephyr-sdk\arm-zephyr-eabi\bin\../lib/gcc/../../picolibc/arm-zephyr-eabi/lib/thumb/v7e-m/nofp\libc.a(libc_tinystdio_ryu_umul128.c.o)
                0x000000000000a51e                __shiftright128
 .text.memcpy   0x000000000000a55c       0x1c c:\ncs\toolchains\c57af46cb7\opt\zephyr-sdk\arm-zephyr-eabi\bin\../lib/gcc/../../picolibc/arm-zephyr-eabi/lib/thumb/v7e-m/nofp\libc.a(memcpy.c.o)
                0x000000000000a55c                __aeabi_memcpy
                0x000000000000a55c                __aeabi_memcpy4
                0x000000000000a55c                __aeabi_memcpy8
                0x000000000000a55c                memcpy
 .text.memset   0x000000000000a578       0x10 c:\ncs\toolchains\c57af46cb7\opt\zephyr-sdk\arm-zephyr-eabi\bin\../lib/gcc/../../picolibc/arm-zephyr-eabi/lib/thumb/v7e-m/nofp\libc.a(memset.c.o)
                0x000000000000a578                memset
 .text.__file_str_put
                0x000000000000a588       0x10 c:\ncs\toolchains\c57af46cb7\opt\zephyr-sdk\arm-zephyr-eabi\bin\../lib/gcc/../../picolibc/arm-zephyr-eabi/lib/thumb/v7e-m/nofp\libc.a(libc_tinystdio_filestrput.c.o)
                0x000000000000a588                __file_str_put
 *(SORT_BY_ALIGNMENT(.TEXT.*))
 .TEXT.__aeabi_read_tp
                0x000000000000a598        0xc zephyr/arch/arch/arm/core/aarch32/cortex_m/libarch__arm__core__aarch32__cortex_m.a(__aeabi_read_tp.S.obj)
                0x000000000000a598                __aeabi_read_tp
 *(SORT_BY_ALIGNMENT(.gnu.linkonce.t.*))
 *(SORT_BY_ALIGNMENT(.glue_7t))
 .glue_7t       0x000000000000a5a4        0x0 linker stubs
 *(SORT_BY_ALIGNMENT(.glue_7))
 .glue_7        0x000000000000a5a4        0x0 linker stubs
 *(SORT_BY_ALIGNMENT(.vfp11_veneer))
 .vfp11_veneer  0x000000000000a5a4        0x0 linker stubs
 *(SORT_BY_ALIGNMENT(.v4_bx))
 .v4_bx         0x000000000000a5a4        0x0 linker stubs
                0x000000000000a5a4                . = ALIGN (0x4)
                0x000000000000a5a4                __text_region_end = .

.ARM.exidx      0x000000000000a5a4        0x8
                0x000000000000a5a4                __exidx_start = .
 *(SORT_BY_ALIGNMENT(.ARM.exidx*) SORT_BY_ALIGNMENT(gnu.linkonce.armexidx.*))
 .ARM.exidx     0x000000000000a5a4        0x8 c:/ncs/toolchains/c57af46cb7/opt/zephyr-sdk/arm-zephyr-eabi/bin/../lib/gcc/arm-zephyr-eabi/12.2.0/thumb/v7e-m/nofp\libgcc.a(_udivmoddi4.o)
                0x000000000000a5ac                __exidx_end = .
                0x000000000000a5ac                __rodata_region_start = .

initlevel       0x000000000000a5ac       0x90
                0x000000000000a5ac                __init_start = .
                0x000000000000a5ac                __init_EARLY_start = .
 *(SORT_BY_NAME(SORT_BY_ALIGNMENT(.z_init_EARLY?_*)))
 *(SORT_BY_NAME(SORT_BY_ALIGNMENT(.z_init_EARLY??_*)))
                0x000000000000a5ac                __init_PRE_KERNEL_1_start = .
 *(SORT_BY_NAME(SORT_BY_ALIGNMENT(.z_init_PRE_KERNEL_1?_*)))
 .z_init_PRE_KERNEL_10_0_
                0x000000000000a5ac        0x8 zephyr/soc/soc/arm/nordic_nrf/nrf52/libsoc__arm__nordic_nrf__nrf52.a(soc.c.obj)
 *(SORT_BY_NAME(SORT_BY_ALIGNMENT(.z_init_PRE_KERNEL_1??_*)))
 .z_init_PRE_KERNEL_130_00074_
                0x000000000000a5b4        0x8 zephyr/drivers/clock_control/libdrivers__clock_control.a(clock_control_nrf.c.obj)
 .z_init_PRE_KERNEL_130_0_
                0x000000000000a5bc        0x8 modules/segger/libmodules__segger.a(SEGGER_RTT_zephyr.c.obj)
 .z_init_PRE_KERNEL_130_0_
                0x000000000000a5c4        0x8 zephyr/kernel/libkernel.a(mem_slab.c.obj)
 .z_init_PRE_KERNEL_140_00011_
                0x000000000000a5cc        0x8 zephyr/drivers/gpio/libdrivers__gpio.a(gpio_nrfx.c.obj)
 .z_init_PRE_KERNEL_140_00103_
                0x000000000000a5d4        0x8 zephyr/drivers/gpio/libdrivers__gpio.a(gpio_nrfx.c.obj)
 .z_init_PRE_KERNEL_140_0_
                0x000000000000a5dc        0x8 modules/nrf/drivers/hw_cc310/lib..__nrf__drivers__hw_cc310.a(hw_cc310.c.obj)
 .z_init_PRE_KERNEL_155_00111_
                0x000000000000a5e4        0x8 zephyr/drivers/serial/libdrivers__serial.a(uart_nrfx_uarte.c.obj)
 .z_init_PRE_KERNEL_160_0_
                0x000000000000a5ec        0x8 zephyr/drivers/console/libdrivers__console.a(uart_console.c.obj)
                0x000000000000a5f4                __init_PRE_KERNEL_2_start = .
 *(SORT_BY_NAME(SORT_BY_ALIGNMENT(.z_init_PRE_KERNEL_2?_*)))
 .z_init_PRE_KERNEL_20_0_
                0x000000000000a5f4        0x8 zephyr/drivers/timer/libdrivers__timer.a(nrf_rtc_timer.c.obj)
 *(SORT_BY_NAME(SORT_BY_ALIGNMENT(.z_init_PRE_KERNEL_2??_*)))
                0x000000000000a5fc                __init_POST_KERNEL_start = .
 *(SORT_BY_NAME(SORT_BY_ALIGNMENT(.z_init_POST_KERNEL?_*)))
 .z_init_POST_KERNEL0_0_
                0x000000000000a5fc        0x8 zephyr/libzephyr.a(log_core.c.obj)
 *(SORT_BY_NAME(SORT_BY_ALIGNMENT(.z_init_POST_KERNEL??_*)))
 .z_init_POST_KERNEL40_0_
                0x000000000000a604        0x8 zephyr/lib/libc/common/liblib__libc__common.a(malloc.c.obj)
 .z_init_POST_KERNEL40_0_
                0x000000000000a60c        0x8 modules/nrf/drivers/hw_cc310/lib..__nrf__drivers__hw_cc310.a(hw_cc310.c.obj)
 .z_init_POST_KERNEL40_0_
                0x000000000000a614        0x8 zephyr/kernel/libkernel.a(system_work_q.c.obj)
 .z_init_POST_KERNEL50_00125_
                0x000000000000a61c        0x8 zephyr/drivers/i2c/libdrivers__i2c.a(i2c_nrfx_twi.c.obj)
 .z_init_POST_KERNEL90_00105_
                0x000000000000a624        0x8 zephyr/drivers/sensor/nrf5/libdrivers__sensor__nrf5.a(temp_nrf5.c.obj)
 .z_init_POST_KERNEL90_00126_
                0x000000000000a62c        0x8 zephyr/drivers/sensor/fxls8974cf/libdrivers__sensor__fxls8974cf.a(fxls8974cf.c.obj)
 .z_init_POST_KERNEL90_00127_
                0x000000000000a634        0x8 zephyr/drivers/kscan/libdrivers__kscan.a(kscan_sx1508.c.obj)
                0x000000000000a63c                __init_APPLICATION_start = .
 *(SORT_BY_NAME(SORT_BY_ALIGNMENT(.z_init_APPLICATION?_*)))
 *(SORT_BY_NAME(SORT_BY_ALIGNMENT(.z_init_APPLICATION??_*)))
                0x000000000000a63c                __init_SMP_start = .
 *(SORT_BY_NAME(SORT_BY_ALIGNMENT(.z_init_SMP?_*)))
 *(SORT_BY_NAME(SORT_BY_ALIGNMENT(.z_init_SMP??_*)))
                0x000000000000a63c                __init_end = .

device_area     0x000000000000a63c       0xa0
                0x000000000000a63c                _device_list_start = .
 *(SORT_BY_NAME(SORT_BY_ALIGNMENT(._device.static.*_?_*)))
 *(SORT_BY_NAME(SORT_BY_ALIGNMENT(._device.static.*_??_*)))
 ._device.static.1_30_
                0x000000000000a63c       0x14 zephyr/drivers/clock_control/libdrivers__clock_control.a(clock_control_nrf.c.obj)
                0x000000000000a63c                __device_dts_ord_74
 ._device.static.1_40_
                0x000000000000a650       0x28 zephyr/drivers/gpio/libdrivers__gpio.a(gpio_nrfx.c.obj)
                0x000000000000a650                __device_dts_ord_103
                0x000000000000a664                __device_dts_ord_11
 ._device.static.1_55_
                0x000000000000a678       0x14 zephyr/drivers/serial/libdrivers__serial.a(uart_nrfx_uarte.c.obj)
                0x000000000000a678                __device_dts_ord_111
 ._device.static.3_50_
                0x000000000000a68c       0x14 zephyr/drivers/i2c/libdrivers__i2c.a(i2c_nrfx_twi.c.obj)
                0x000000000000a68c                __device_dts_ord_125
 ._device.static.3_90_
                0x000000000000a6a0       0x14 zephyr/drivers/kscan/libdrivers__kscan.a(kscan_sx1508.c.obj)
                0x000000000000a6a0                __device_dts_ord_127
 ._device.static.3_90_
                0x000000000000a6b4       0x14 zephyr/drivers/sensor/nrf5/libdrivers__sensor__nrf5.a(temp_nrf5.c.obj)
                0x000000000000a6b4                __device_dts_ord_105
 ._device.static.3_90_
                0x000000000000a6c8       0x14 zephyr/drivers/sensor/fxls8974cf/libdrivers__sensor__fxls8974cf.a(fxls8974cf.c.obj)
                0x000000000000a6c8                __device_dts_ord_126
                0x000000000000a6dc                _device_list_end = .

sw_isr_table    0x000000000000a6dc      0x180
                0x000000000000a6dc                . = ALIGN (0x4)
 *(SORT_BY_ALIGNMENT(.gnu.linkonce.sw_isr_table*))
 .gnu.linkonce.sw_isr_table
                0x000000000000a6dc      0x180 zephyr/arch/common/libisr_tables.a(isr_tables.c.obj)
                0x000000000000a6dc                _sw_isr_table

initlevel_error
                0x000000000000a5ac        0x0
 *(SORT_BY_NAME(SORT_BY_ALIGNMENT(.z_init_[_A-Z0-9]*)))
                0x0000000000000001                ASSERT ((SIZEOF (initlevel_error) == 0x0), Undefined initialization levels used.)

app_shmem_regions
                0x000000000000a85c        0x0
                0x000000000000a85c                __app_shmem_regions_start = .
 *(SORT_BY_NAME(SORT_BY_ALIGNMENT(.app_regions.*)))
                0x000000000000a85c                __app_shmem_regions_end = .

k_p4wq_initparam_area
                0x000000000000a85c        0x0
                0x000000000000a85c                _k_p4wq_initparam_list_start = .
 *(SORT_BY_NAME(SORT_BY_ALIGNMENT(._k_p4wq_initparam.static.*)))
                0x000000000000a85c                _k_p4wq_initparam_list_end = .

_static_thread_data_area
                0x000000000000a85c        0x0
                0x000000000000a85c                __static_thread_data_list_start = .
 *(SORT_BY_NAME(SORT_BY_ALIGNMENT(.__static_thread_data.static.*)))
                0x000000000000a85c                __static_thread_data_list_end = .

device_deps     0x000000000000a85c        0x0
                0x000000000000a85c                __device_deps_start = .
 *(SORT_BY_NAME(SORT_BY_ALIGNMENT(.__device_deps_pass2*)))